
> electrical-escape@0.0.1 build
> astro build

[2m21:26:27[22m [34m[vite][39m Re-optimizing dependencies because vite config has changed
[2m21:26:29[22m [34m[content][39m Syncing content
[2m21:26:29[22m [34m[content][39m Synced content
[2m21:26:29[22m [34m[types][39m Generated [2m4.62s[22m
[2m21:26:29[22m [34m[build][39m output: [34m"static"[39m
[2m21:26:29[22m [34m[build][39m mode: [34m"static"[39m
[2m21:26:29[22m [34m[build][39m directory: [34mD:\The Laptops Shop\Data-Aggregation-Final-Version\electrical-escape\dist\[39m
[2m21:26:29[22m [34m[build][39m Collecting build info...
[2m21:26:29[22m [34m[build][39m [32mΓ£ô Completed in 4.89s.[39m
[2m21:26:29[22m [34m[build][39m Building static entrypoints...
[33m[1m21:26:34[22m [WARN] [vite][39m [33m"isRemoteAllowed", "matchHostname", "matchPathname", "matchPort" and "matchProtocol" are imported from external module "@astrojs/internal-helpers/remote" but never used in "node_modules/astro/dist/assets/utils/remotePattern.js".[39m
[2m21:27:04[22m [34m[vite][39m [32mΓ£ô built in 34.58s[39m
[2m21:27:04[22m [34m[build][39m [32mΓ£ô Completed in 34.82s.[39m

[42m[30m building client (vite) [39m[49m
[2m21:27:06[22m [34m[vite][39m transforming...
[2m21:27:06[22m [34m[vite][39m [32mΓ£ô[39m 1 modules transformed.
[2m21:27:06[22m [34m[vite][39m rendering chunks...
[2m21:27:06[22m [34m[vite][39m [32mΓ£ô built in 1.31s[39m

[42m[30m generating static routes [39m[49m
[2m21:27:06[22m [32mΓû╢[39m src/pages/cpus/[brand]/[series]/[model].astro
[2m21:27:06[22m   [34mΓö£ΓöÇ[39m [2m/cpus/intel/core/intel-core-ultra-7-255h/index.html[22m [2m(+103ms)[22m 
[2m21:27:06[22m   [34mΓö£ΓöÇ[39m [2m/cpus/amd/ryzen/amd-ryzen-ai-7-350/index.html[22m [2m(+67ms)[22m 
[2m21:27:06[22m   [34mΓö£ΓöÇ[39m [2m/cpus/apple/m4/apple-m4/index.html[22m [2m(+29ms)[22m 
[2m21:27:06[22m   [34mΓö£ΓöÇ[39m [2m/cpus/apple/m1/apple-m1-max/index.html[22m [2m(+9ms)[22m 
[2m21:27:06[22m   [34mΓö£ΓöÇ[39m [2m/cpus/intel/core/intel-core-ultra-9-275hx/index.html[22m [2m(+27ms)[22m 
[2m21:27:06[22m   [34mΓö£ΓöÇ[39m [2m/cpus/amd/ryzen/amd-ryzen-9-9955hx/index.html[22m [2m(+5ms)[22m 
[2m21:27:06[22m   [34mΓö£ΓöÇ[39m [2m/cpus/apple/m2/apple-m2-pro/index.html[22m [2m(+8ms)[22m 
[2m21:27:06[22m   [34mΓö£ΓöÇ[39m [2m/cpus/intel/core/intel-core-ultra-7-258v/index.html[22m [2m(+32ms)[22m 
[2m21:27:06[22m   [34mΓö£ΓöÇ[39m [2m/cpus/apple/m1/apple-m1/index.html[22m [2m(+10ms)[22m 
[2m21:27:06[22m   [34mΓö£ΓöÇ[39m [2m/cpus/qualcomm/snapdragon/qualcomm-snapdragon-x-x1-26-100/index.html[22m [2m(+113ms)[22m 
[2m21:27:06[22m   [34mΓö£ΓöÇ[39m [2m/cpus/intel/core/intel-core-5-120u/index.html[22m [2m(+34ms)[22m 
[2m21:27:06[22m   [34mΓö£ΓöÇ[39m [2m/cpus/apple/m2/apple-m2/index.html[22m [2m(+8ms)[22m 
[2m21:27:06[22m   [34mΓö£ΓöÇ[39m [2m/cpus/intel/core/intel-core-ultra-9-285h/index.html[22m [2m(+9ms)[22m 
[2m21:27:06[22m   [34mΓö£ΓöÇ[39m [2m/cpus/amd/ryzen/amd-ryzen-ai-9-hx-370/index.html[22m [2m(+9ms)[22m 
[2m21:27:06[22m   [34mΓö£ΓöÇ[39m [2m/cpus/amd/ryzen/amd-ryzen-ai-5-340/index.html[22m [2m(+8ms)[22m 
[2m21:27:06[22m   [34mΓö£ΓöÇ[39m [2m/cpus/intel/core/intel-core-ultra-5-226v/index.html[22m [2m(+8ms)[22m 
[2m21:27:06[22m   [34mΓö£ΓöÇ[39m [2m/cpus/amd/ryzen/amd-ryzen-7-260/index.html[22m [2m(+8ms)[22m 
[2m21:27:06[22m   [34mΓö£ΓöÇ[39m [2m/cpus/apple/m4/apple-m4-pro-12-cores/index.html[22m [2m(+8ms)[22m 
[2m21:27:06[22m   [34mΓö£ΓöÇ[39m [2m/cpus/apple/m3/apple-m3-pro/index.html[22m [2m(+18ms)[22m 
[2m21:27:07[22m   [34mΓö£ΓöÇ[39m [2m/cpus/apple/m3/apple-m3/index.html[22m [2m(+6ms)[22m 
[2m21:27:07[22m   [34mΓö£ΓöÇ[39m [2m/cpus/apple/m1/apple-m1-pro/index.html[22m [2m(+18ms)[22m 
[2m21:27:07[22m   [34mΓö£ΓöÇ[39m [2m/cpus/apple/m5/apple-m5/index.html[22m [2m(+291ms)[22m 
[2m21:27:07[22m   [34mΓö£ΓöÇ[39m [2m/cpus/intel/core/intel-core-i5-1335u/index.html[22m [2m(+9ms)[22m 
[2m21:27:07[22m   [34mΓö£ΓöÇ[39m [2m/cpus/amd/ryzen/amd-ryzen-9-9955hx3d/index.html[22m [2m(+6ms)[22m 
[2m21:27:07[22m   [34mΓö£ΓöÇ[39m [2m/cpus/intel/core/intel-core-ultra-7-155h/index.html[22m [2m(+25ms)[22m 
[2m21:27:07[22m   [34mΓö£ΓöÇ[39m [2m/cpus/amd/ryzen/amd-ryzen-7-8845hs/index.html[22m [2m(+17ms)[22m 
[2m21:27:07[22m   [34mΓö£ΓöÇ[39m [2m/cpus/apple/m4/apple-m4-8-cores/index.html[22m [2m(+7ms)[22m 
[2m21:27:07[22m   [34mΓö£ΓöÇ[39m [2m/cpus/intel/core/intel-core-i5-1334u/index.html[22m [2m(+24ms)[22m 
[2m21:27:07[22m   [34mΓö£ΓöÇ[39m [2m/cpus/intel/core/intel-core-i7-1355u/index.html[22m [2m(+10ms)[22m 
[2m21:27:07[22m   [34mΓö£ΓöÇ[39m [2m/cpus/intel/core/intel-core-7-150u/index.html[22m [2m(+17ms)[22m 
[2m21:27:07[22m   [34mΓö£ΓöÇ[39m [2m/cpus/intel/core/intel-core-ultra-7-256v/index.html[22m [2m(+6ms)[22m 
[2m21:27:07[22m   [34mΓö£ΓöÇ[39m [2m/cpus/intel/core/intel-core-i7-12700h/index.html[22m [2m(+18ms)[22m 
[2m21:27:07[22m   [34mΓö£ΓöÇ[39m [2m/cpus/intel/core/intel-core-i9-12900h/index.html[22m [2m(+11ms)[22m 
[2m21:27:07[22m   [34mΓö£ΓöÇ[39m [2m/cpus/apple/m2/apple-m2-max/index.html[22m [2m(+92ms)[22m 
[2m21:27:07[22m   [34mΓö£ΓöÇ[39m [2m/cpus/intel/core/intel-core-i7-13650hx/index.html[22m [2m(+7ms)[22m 
[2m21:27:07[22m   [34mΓö£ΓöÇ[39m [2m/cpus/intel/core/intel-core-7-240h/index.html[22m [2m(+20ms)[22m 
[2m21:27:07[22m   [34mΓö£ΓöÇ[39m [2m/cpus/intel/core/intel-core-ultra-7-255hx/index.html[22m [2m(+25ms)[22m 
[2m21:27:07[22m   [34mΓö£ΓöÇ[39m [2m/cpus/intel/core/intel-core-ultra-5-125h/index.html[22m [2m(+18ms)[22m 
[2m21:27:07[22m   [34mΓö£ΓöÇ[39m [2m/cpus/intel/core/intel-core-i9-14900k/index.html[22m [2m(+3ms)[22m 
[2m21:27:07[22m   [34mΓö£ΓöÇ[39m [2m/cpus/amd/ryzen/amd-ryzen-7-7730u/index.html[22m [2m(+23ms)[22m 
[2m21:27:07[22m   [34mΓö£ΓöÇ[39m [2m/cpus/amd/ryzen/amd-ryzen-5-7530u/index.html[22m [2m(+8ms)[22m 
[2m21:27:07[22m   [34mΓö£ΓöÇ[39m [2m/cpus/intel/core/intel-core-i5-13420h/index.html[22m [2m(+8ms)[22m 
[2m21:27:07[22m   [34mΓö£ΓöÇ[39m [2m/cpus/intel/core/intel-core-5-210h/index.html[22m [2m(+10ms)[22m 
[2m21:27:07[22m   [34mΓö£ΓöÇ[39m [2m/cpus/amd/ryzen/amd-ryzen-9-8940hx/index.html[22m [2m(+7ms)[22m 
[2m21:27:07[22m   [34mΓö£ΓöÇ[39m [2m/cpus/amd/ryzen/amd-ryzen-7-250/index.html[22m [2m(+12ms)[22m 
[2m21:27:07[22m   [34mΓö£ΓöÇ[39m [2m/cpus/qualcomm/snapdragon/qualcomm-snapdragon-x-elite/index.html[22m [2m(+35ms)[22m 
[2m21:27:07[22m   [34mΓö£ΓöÇ[39m [2m/cpus/intel/core/intel-core-i7-14650hx/index.html[22m [2m(+10ms)[22m 
[2m21:27:07[22m   [34mΓö£ΓöÇ[39m [2m/cpus/qualcomm/snapdragon/qualcomm-snapdragon-x-plus-x1p-42-100/index.html[22m [2m(+18ms)[22m 
[2m21:27:07[22m   [34mΓö£ΓöÇ[39m [2m/cpus/intel/core/intel-core-i7-13700h/index.html[22m [2m(+6ms)[22m 
[2m21:27:07[22m   [34mΓö£ΓöÇ[39m [2m/cpus/intel/core/intel-core-i7-13620h/index.html[22m [2m(+24ms)[22m 
[2m21:27:07[22m   [34mΓö£ΓöÇ[39m [2m/cpus/qualcomm/snapdragon/qualcomm-snapdragon-x-plus/index.html[22m [2m(+6ms)[22m 
[2m21:27:07[22m   [34mΓö£ΓöÇ[39m [2m/cpus/intel/core/intel-core-ultra-5-225h/index.html[22m [2m(+27ms)[22m 
[2m21:27:07[22m   [34mΓö£ΓöÇ[39m [2m/cpus/intel/core/intel-core-i5-13450hx/index.html[22m [2m(+8ms)[22m 
[2m21:27:07[22m   [34mΓö£ΓöÇ[39m [2m/cpus/amd/ryzen/amd-ryzen-5-7235hs/index.html[22m [2m(+73ms)[22m 
[2m21:27:07[22m   [34mΓö£ΓöÇ[39m [2m/cpus/amd/ryzen/amd-ryzen-ai-max-pro-395/index.html[22m [2m(+4ms)[22m 
[2m21:27:07[22m   [34mΓö£ΓöÇ[39m [2m/cpus/intel/core/intel-core-ultra-7-268v/index.html[22m [2m(+141ms)[22m 
[2m21:27:08[22m   [34mΓö£ΓöÇ[39m [2m/cpus/intel/core/intel-core-ultra-7-255u/index.html[22m [2m(+4ms)[22m 
[2m21:27:08[22m   [34mΓö£ΓöÇ[39m [2m/cpus/intel/core/intel-core-ultra-5-225u/index.html[22m [2m(+44ms)[22m 
[2m21:27:08[22m   [34mΓö£ΓöÇ[39m [2m/cpus/amd/ryzen/amd-ryzen-5-7520u/index.html[22m [2m(+5ms)[22m 
[2m21:27:08[22m   [34mΓö£ΓöÇ[39m [2m/cpus/intel/core/intel-core-ultra-9-285hx/index.html[22m [2m(+53ms)[22m 
[2m21:27:08[22m   [34mΓö£ΓöÇ[39m [2m/cpus/intel/core/intel-core-ultra-9-288v/index.html[22m [2m(+6ms)[22m 
[2m21:27:08[22m   [34mΓö£ΓöÇ[39m [2m/cpus/intel/core/intel-core-ultra-7-265h/index.html[22m [2m(+67ms)[22m 
[2m21:27:08[22m   [34mΓö£ΓöÇ[39m [2m/cpus/amd/ryzen/amd-ryzen-ai-9-365/index.html[22m [2m(+4ms)[22m 
[2m21:27:08[22m   [34mΓö£ΓöÇ[39m [2m/cpus/apple/m3/apple-m3-max/index.html[22m [2m(+15ms)[22m 
[2m21:27:08[22m   [34mΓö£ΓöÇ[39m [2m/cpus/intel/core/intel-core-ultra-7-265kf/index.html[22m [2m(+10ms)[22m 
[2m21:27:08[22m   [34mΓö£ΓöÇ[39m [2m/cpus/intel/core/intel-core-ultra-7-265k/index.html[22m [2m(+21ms)[22m 
[2m21:27:08[22m   [34mΓö£ΓöÇ[39m [2m/cpus/intel/core/intel-core-i3-1315u/index.html[22m [2m(+17ms)[22m 
[2m21:27:08[22m   [34mΓö£ΓöÇ[39m [2m/cpus/amd/ryzen/amd-ryzen-7-8745hs/index.html[22m [2m(+14ms)[22m 
[2m21:27:08[22m   [34mΓö£ΓöÇ[39m [2m/cpus/amd/ryzen/amd-ryzen-7-7840hs/index.html[22m [2m(+4ms)[22m 
[2m21:27:08[22m   [34mΓö£ΓöÇ[39m [2m/cpus/amd/ryzen/amd-ryzen-7-8840hs/index.html[22m [2m(+31ms)[22m 
[2m21:27:08[22m   [34mΓö£ΓöÇ[39m [2m/cpus/amd/ryzen/amd-ryzen-z2-extreme/index.html[22m [2m(+9ms)[22m 
[2m21:27:08[22m   [34mΓö£ΓöÇ[39m [2m/cpus/amd/ryzen/amd-ryzen-7-8840u/index.html[22m [2m(+7ms)[22m 
[2m21:27:08[22m   [34mΓö£ΓöÇ[39m [2m/cpus/amd/ryzen/amd-ryzen-ai-max-395/index.html[22m [2m(+12ms)[22m 
[2m21:27:08[22m   [34mΓö£ΓöÇ[39m [2m/cpus/amd/ryzen/amd-ryzen-ai-7-pro-360/index.html[22m [2m(+29ms)[22m 
[2m21:27:08[22m   [34mΓö£ΓöÇ[39m [2m/cpus/amd/ryzen/amd-ryzen-z1-extreme/index.html[22m [2m(+4ms)[22m 
[2m21:27:08[22m   [34mΓö£ΓöÇ[39m [2m/cpus/intel/core/intel-core-ultra-5-225f/index.html[22m [2m(+6ms)[22m 
[2m21:27:08[22m   [34mΓö£ΓöÇ[39m [2m/cpus/intel/core/intel-core-i5-14600k/index.html[22m [2m(+11ms)[22m 
[2m21:27:08[22m   [34mΓö£ΓöÇ[39m [2m/cpus/amd/ryzen/amd-ryzen-5-7500f/index.html[22m [2m(+32ms)[22m 
[2m21:27:08[22m   [34mΓö£ΓöÇ[39m [2m/cpus/intel/core/intel-core-i5-14600kf/index.html[22m [2m(+5ms)[22m 
[2m21:27:08[22m   [34mΓö£ΓöÇ[39m [2m/cpus/intel/core/intel-core-i5-14400f/index.html[22m [2m(+122ms)[22m 
[2m21:27:08[22m   [34mΓö£ΓöÇ[39m [2m/cpus/amd/ryzen/amd-ryzen-5-9600x/index.html[22m [2m(+4ms)[22m 
[2m21:27:08[22m   [34mΓö£ΓöÇ[39m [2m/cpus/intel/core/intel-core-ultra-5-225/index.html[22m [2m(+17ms)[22m 
[2m21:27:08[22m   [34mΓö£ΓöÇ[39m [2m/cpus/qualcomm/snapdragon/qualcomm-snapdragon-x2-elite-extreme-x2e-96-100/index.html[22m [2m(+6ms)[22m 
[2m21:27:08[22m   [34mΓö£ΓöÇ[39m [2m/cpus/intel/core/intel-core-5-220u/index.html[22m [2m(+7ms)[22m 
[2m21:27:08[22m   [34mΓö£ΓöÇ[39m [2m/cpus/amd/ryzen/amd-ryzen-5-pro-215/index.html[22m [2m(+10ms)[22m 
[2m21:27:08[22m   [34mΓö£ΓöÇ[39m [2m/cpus/amd/ryzen/amd-ryzen-3-210/index.html[22m [2m(+20ms)[22m 
[2m21:27:08[22m   [34mΓö£ΓöÇ[39m [2m/cpus/amd/ryzen/amd-ryzen-5-220/index.html[22m [2m(+6ms)[22m 
[2m21:27:08[22m   [34mΓö£ΓöÇ[39m [2m/cpus/qualcomm/snapdragon/qualcomm-snapdragon-x-elite-x1e-80-100/index.html[22m [2m(+18ms)[22m 
[2m21:27:08[22m   [34mΓö£ΓöÇ[39m [2m/cpus/apple/m4/apple-m4-max-16-core/index.html[22m [2m(+5ms)[22m 
[2m21:27:08[22m   [34mΓö£ΓöÇ[39m [2m/cpus/apple/m4/apple-m4-pro-14-cores/index.html[22m [2m(+61ms)[22m 
[2m21:27:08[22m   [34mΓö£ΓöÇ[39m [2m/cpus/amd/ryzen/amd-ryzen-5-5600f/index.html[22m [2m(+4ms)[22m 
[2m21:27:08[22m   [34mΓö£ΓöÇ[39m [2m/cpus/amd/ryzen/amd-ryzen-5-7400f/index.html[22m [2m(+10ms)[22m 
[2m21:27:08[22m   [34mΓö£ΓöÇ[39m [2m/cpus/amd/ryzen/amd-ryzen-5-9500f/index.html[22m [2m(+4ms)[22m 
[2m21:27:08[22m   [34mΓö£ΓöÇ[39m [2m/cpus/amd/ryzen/amd-ryzen-5-5600/index.html[22m [2m(+4ms)[22m 
[2m21:27:08[22m   [34mΓö£ΓöÇ[39m [2m/cpus/amd/ryzen/amd-ryzen-7-5600x3d/index.html[22m [2m(+8ms)[22m 
[2m21:27:08[22m   [34mΓö£ΓöÇ[39m [2m/cpus/intel/core/intel-core-ultra-5-235/index.html[22m [2m(+28ms)[22m 
[2m21:27:08[22m   [34mΓö£ΓöÇ[39m [2m/cpus/intel/core/intel-core-i5-14600/index.html[22m [2m(+4ms)[22m 
[2m21:27:08[22m   [34mΓö£ΓöÇ[39m [2m/cpus/amd/ryzen/amd-ryzen-7-9700f/index.html[22m [2m(+17ms)[22m 
[2m21:27:08[22m   [34mΓö£ΓöÇ[39m [2m/cpus/amd/ryzen/amd-ryzen-5-8400f/index.html[22m [2m(+4ms)[22m 
[2m21:27:08[22m   [34mΓö£ΓöÇ[39m [2m/cpus/amd/ryzen/amd-ryzen-7-8700f/index.html[22m [2m(+35ms)[22m 
[2m21:27:08[22m   [34mΓö£ΓöÇ[39m [2m/cpus/amd/ryzen/amd-ryzen-7-9700x/index.html[22m [2m(+8ms)[22m 
[2m21:27:08[22m   [34mΓö£ΓöÇ[39m [2m/cpus/intel/core/intel-core-i5-12400f/index.html[22m [2m(+18ms)[22m 
[2m21:27:08[22m   [34mΓö£ΓöÇ[39m [2m/cpus/amd/ryzen/amd-ryzen-7-5700x/index.html[22m [2m(+5ms)[22m 
[2m21:27:08[22m   [34mΓö£ΓöÇ[39m [2m/cpus/amd/ryzen/amd-ryzen-5-5600x/index.html[22m [2m(+18ms)[22m 
[2m21:27:08[22m   [34mΓö£ΓöÇ[39m [2m/cpus/intel/core/intel-core-ultra-7-265f/index.html[22m [2m(+6ms)[22m 
[2m21:27:08[22m   [34mΓö£ΓöÇ[39m [2m/cpus/amd/ryzen/amd-ryzen-7-9800x3d/index.html[22m [2m(+18ms)[22m 
[2m21:27:08[22m   [34mΓö£ΓöÇ[39m [2m/cpus/intel/core/intel-core-i7-13700f/index.html[22m [2m(+4ms)[22m 
[2m21:27:08[22m   [34mΓö£ΓöÇ[39m [2m/cpus/amd/ryzen/amd-ryzen-7-7700/index.html[22m [2m(+5ms)[22m 
[2m21:27:08[22m   [34mΓö£ΓöÇ[39m [2m/cpus/intel/core/intel-core-i7-14700f/index.html[22m [2m(+8ms)[22m 
[2m21:27:08[22m   [34mΓö£ΓöÇ[39m [2m/cpus/intel/core/intel-core-ultra-7-265/index.html[22m [2m(+32ms)[22m 
[2m21:27:09[22m   [34mΓö£ΓöÇ[39m [2m/cpus/intel/core/intel-core-7-250h/index.html[22m [2m(+4ms)[22m 
[2m21:27:09[22m   [34mΓö£ΓöÇ[39m [2m/cpus/intel/core/intel-core-i5-14500hx/index.html[22m [2m(+18ms)[22m 
[2m21:27:09[22m   [34mΓö£ΓöÇ[39m [2m/cpus/intel/core/intel-core-i5-13500h/index.html[22m [2m(+8ms)[22m 
[2m21:27:09[22m   [34mΓö£ΓöÇ[39m [2m/cpus/intel/core/intel-core-9-270h/index.html[22m [2m(+13ms)[22m 
[2m21:27:09[22m   [34mΓö£ΓöÇ[39m [2m/cpus/amd/ryzen/amd-ryzen-9-8945hx/index.html[22m [2m(+6ms)[22m 
[2m21:27:09[22m   [34mΓö£ΓöÇ[39m [2m/cpus/amd/ryzen/amd-ryzen-9-7945hx3d/index.html[22m [2m(+10ms)[22m 
[2m21:27:09[22m   [34mΓö£ΓöÇ[39m [2m/cpus/amd/ryzen/amd-ryzen-ai-max-390/index.html[22m [2m(+5ms)[22m 
[2m21:27:09[22m   [34mΓö£ΓöÇ[39m [2m/cpus/amd/ryzen/amd-ryzen-9-270/index.html[22m [2m(+30ms)[22m 
[2m21:27:09[22m   [34mΓö£ΓöÇ[39m [2m/cpus/amd/ryzen/amd-ryzen-9-7945hx/index.html[22m [2m(+5ms)[22m 
[2m21:27:09[22m   [34mΓö£ΓöÇ[39m [2m/cpus/intel/core/intel-core-i9-14900hx/index.html[22m [2m(+34ms)[22m 
[2m21:27:09[22m   [34mΓö£ΓöÇ[39m [2m/cpus/intel/core/intel-core-i7-14700hx/index.html[22m [2m(+4ms)[22m 
[2m21:27:09[22m   [34mΓö£ΓöÇ[39m [2m/cpus/intel/core/intel-core-5-120f/index.html[22m [2m(+3ms)[22m 
[2m21:27:09[22m   [34mΓö£ΓöÇ[39m [2m/cpus/amd/ryzen/amd-ryzen-5-4500/index.html[22m [2m(+3ms)[22m 
[2m21:27:09[22m   [34mΓö£ΓöÇ[39m [2m/cpus/intel/core/intel-core-i5-13400/index.html[22m [2m(+50ms)[22m 
[2m21:27:09[22m   [34mΓö£ΓöÇ[39m [2m/cpus/amd/ryzen/amd-ryzen-5-5500x3d/index.html[22m [2m(+6ms)[22m 
[2m21:27:09[22m   [34mΓö£ΓöÇ[39m [2m/cpus/intel/core/intel-core-i5-13400f/index.html[22m [2m(+4ms)[22m 
[2m21:27:09[22m   [34mΓö£ΓöÇ[39m [2m/cpus/amd/ryzen/amd-ryzen-7-5700x3d/index.html[22m [2m(+5ms)[22m 
[2m21:27:09[22m   [34mΓö£ΓöÇ[39m [2m/cpus/intel/core/intel-core-i9-13900h/index.html[22m [2m(+29ms)[22m 
[2m21:27:09[22m   [34mΓö£ΓöÇ[39m [2m/cpus/amd/ryzen/amd-ryzen-ai-max-385/index.html[22m [2m(+4ms)[22m 
[2m21:27:09[22m   [34mΓö£ΓöÇ[39m [2m/cpus/amd/ryzen/amd-ryzen-9-7940hs/index.html[22m [2m(+19ms)[22m 
[2m21:27:09[22m   [34mΓö£ΓöÇ[39m [2m/cpus/intel/core/intel-core-ultra-9-285/index.html[22m [2m(+5ms)[22m 
[2m21:27:09[22m   [34mΓö£ΓöÇ[39m [2m/cpus/amd/ryzen/amd-ryzen-9-7900/index.html[22m [2m(+20ms)[22m 
[2m21:27:09[22m   [34mΓö£ΓöÇ[39m [2m/cpus/intel/core/intel-core-i9-13900/index.html[22m [2m(+6ms)[22m 
[2m21:27:09[22m   [34mΓö£ΓöÇ[39m [2m/cpus/intel/core/intel-core-i9-14900/index.html[22m [2m(+13ms)[22m 
[2m21:27:09[22m   [34mΓö£ΓöÇ[39m [2m/cpus/intel/core/intel-core-i7-14700/index.html[22m [2m(+5ms)[22m 
[2m21:27:09[22m   [34mΓö£ΓöÇ[39m [2m/cpus/amd/ryzen/amd-ryzen-5-7600/index.html[22m [2m(+8ms)[22m 
[2m21:27:09[22m   [34mΓö£ΓöÇ[39m [2m/cpus/intel/core/intel-core-i5-14500/index.html[22m [2m(+8ms)[22m 
[2m21:27:09[22m   [34mΓö£ΓöÇ[39m [2m/cpus/intel/core/intel-core-i5-13600/index.html[22m [2m(+18ms)[22m 
[2m21:27:09[22m   [34mΓö£ΓöÇ[39m [2m/cpus/intel/core/intel-core-i5-14400/index.html[22m [2m(+4ms)[22m 
[2m21:27:09[22m   [34mΓö£ΓöÇ[39m [2m/cpus/intel/core/intel-core-5-220h/index.html[22m [2m(+12ms)[22m 
[2m21:27:09[22m   [34mΓö£ΓöÇ[39m [2m/cpus/amd/ryzen/amd-ryzen-5-7535hs/index.html[22m [2m(+4ms)[22m 
[2m21:27:09[22m   [34mΓö£ΓöÇ[39m [2m/cpus/amd/ryzen/amd-ryzen-7-8700g/index.html[22m [2m(+15ms)[22m 
[2m21:27:09[22m   [34mΓö£ΓöÇ[39m [2m/cpus/amd/ryzen/amd-ryzen-9-8945hs/index.html[22m [2m(+6ms)[22m 
[2m21:27:09[22m   [34mΓö£ΓöÇ[39m [2m/cpus/amd/ryzen/amd-ryzen-9-6900hx/index.html[22m [2m(+5ms)[22m 
[2m21:27:09[22m   [34mΓö£ΓöÇ[39m [2m/cpus/apple/m3/apple-m3-ultra/index.html[22m [2m(+4ms)[22m 
[2m21:27:09[22m   [34mΓö£ΓöÇ[39m [2m/cpus/amd/ryzen/amd-ryzen-9-9950x/index.html[22m [2m(+4ms)[22m 
[2m21:27:09[22m   [34mΓö£ΓöÇ[39m [2m/cpus/apple/m4/apple-m4-ultra/index.html[22m [2m(+27ms)[22m 
[2m21:27:09[22m   [34mΓö£ΓöÇ[39m [2m/cpus/apple/m2/apple-m2-ultra/index.html[22m [2m(+38ms)[22m 
[2m21:27:09[22m   [34mΓö£ΓöÇ[39m [2m/cpus/amd/ryzen/amd-ryzen-ai-max-pro-380/index.html[22m [2m(+23ms)[22m 
[2m21:27:09[22m   [34mΓö£ΓöÇ[39m [2m/cpus/intel/core/intel-core-i9-13900hx/index.html[22m [2m(+5ms)[22m 
[2m21:27:09[22m   [34mΓö£ΓöÇ[39m [2m/cpus/intel/core/intel-core-ultra-7-265hx/index.html[22m [2m(+5ms)[22m 
[2m21:27:09[22m   [34mΓö£ΓöÇ[39m [2m/cpus/intel/core/intel-core-i7-12650h/index.html[22m [2m(+17ms)[22m 
[2m21:27:09[22m   [34mΓö£ΓöÇ[39m [2m/cpus/amd/ryzen/amd-ryzen-5-8640hs/index.html[22m [2m(+9ms)[22m 
[2m21:27:09[22m   [34mΓö£ΓöÇ[39m [2m/cpus/intel/core/intel-core-i5-14450hx/index.html[22m [2m(+19ms)[22m 
[2m21:27:09[22m   [34mΓö£ΓöÇ[39m [2m/cpus/intel/core/intel-core-i5-12500h/index.html[22m [2m(+5ms)[22m 
[2m21:27:09[22m   [34mΓö£ΓöÇ[39m [2m/cpus/amd/ryzen/amd-ryzen-5-2600/index.html[22m [2m(+8ms)[22m 
[2m21:27:09[22m   [34mΓö£ΓöÇ[39m [2m/cpus/amd/ryzen/amd-ryzen-3-4100/index.html[22m [2m(+4ms)[22m 
[2m21:27:09[22m   [34mΓö£ΓöÇ[39m [2m/cpus/amd/ryzen/amd-ryzen-5-3600/index.html[22m [2m(+26ms)[22m 
[2m21:27:09[22m   [34mΓö£ΓöÇ[39m [2m/cpus/amd/ryzen/amd-ryzen-5-5500/index.html[22m [2m(+96ms)[22m 
[2m21:27:09[22m   [34mΓö£ΓöÇ[39m [2m/cpus/amd/ryzen/amd-ryzen-3-3200g/index.html[22m [2m(+41ms)[22m 
[2m21:27:09[22m   [34mΓö£ΓöÇ[39m [2m/cpus/intel/core/intel-core-i5-9400f/index.html[22m [2m(+6ms)[22m 
[2m21:27:09[22m   [34mΓö£ΓöÇ[39m [2m/cpus/amd/ryzen/amd-ryzen-5-4500u/index.html[22m [2m(+33ms)[22m 
[2m21:27:09[22m   [34mΓö£ΓöÇ[39m [2m/cpus/intel/core/intel-core-i3-10100f/index.html[22m [2m(+6ms)[22m 
[2m21:27:09[22m   [34mΓö£ΓöÇ[39m [2m/cpus/amd/ryzen/amd-ryzen-5-1600/index.html[22m [2m(+24ms)[22m 
[2m21:27:09[22m   [34mΓö£ΓöÇ[39m [2m/cpus/amd/ryzen/amd-ryzen-3-3100/index.html[22m [2m(+14ms)[22m 
[2m21:27:09[22m   [34mΓö£ΓöÇ[39m [2m/cpus/intel/core/intel-core-i5-12450h/index.html[22m [2m(+20ms)[22m 
[2m21:27:09[22m   [34mΓö£ΓöÇ[39m [2m/cpus/intel/core/intel-core-i5-1235u/index.html[22m [2m(+7ms)[22m 
[2m21:27:09[22m   [34mΓö£ΓöÇ[39m [2m/cpus/intel/core/intel-core-ultra-9-185h/index.html[22m [2m(+7ms)[22m 
[2m21:27:09[22m   [34mΓö£ΓöÇ[39m [2m/cpus/amd/ryzen/amd-ryzen-ai-9-hx-375/index.html[22m [2m(+11ms)[22m 
[2m21:27:09[22m   [34mΓö£ΓöÇ[39m [2m/cpus/amd/ryzen/amd-ryzen-9-9900x/index.html[22m [2m(+16ms)[22m 
[2m21:27:09[22m   [34mΓö£ΓöÇ[39m [2m/cpus/amd/ryzen/amd-ryzen-5-240/index.html[22m [2m(+5ms)[22m 
[2m21:27:09[22m   [34mΓö£ΓöÇ[39m [2m/cpus/amd/ryzen/amd-ryzen-5-230/index.html[22m [2m(+18ms)[22m 
[2m21:27:09[22m   [34mΓö£ΓöÇ[39m [2m/cpus/amd/ryzen/amd-ryzen-3-7330u/index.html[22m [2m(+7ms)[22m 
[2m21:27:09[22m   [34mΓö£ΓöÇ[39m [2m/cpus/intel/core/intel-core-ultra-5-135u/index.html[22m [2m(+5ms)[22m 
[2m21:27:09[22m   [34mΓö£ΓöÇ[39m [2m/cpus/intel/core/intel-core-ultra-5-228v/index.html[22m [2m(+5ms)[22m 
[2m21:27:09[22m   [34mΓö£ΓöÇ[39m [2m/cpus/intel/core/intel-core-ultra-5-238v/index.html[22m [2m(+25ms)[22m 
[2m21:27:09[22m   [34mΓö£ΓöÇ[39m [2m/cpus/amd/ryzen/amd-ryzen-5-7640u/index.html[22m [2m(+4ms)[22m 
[2m21:27:09[22m   [34mΓö£ΓöÇ[39m [2m/cpus/amd/ryzen/amd-ryzen-5-8540u/index.html[22m [2m(+25ms)[22m 
[2m21:27:09[22m   [34mΓö£ΓöÇ[39m [2m/cpus/amd/ryzen/amd-ryzen-5-8645hs/index.html[22m [2m(+7ms)[22m 
[2m21:27:10[22m   [34mΓö£ΓöÇ[39m [2m/cpus/amd/ryzen/amd-ryzen-5-8640u/index.html[22m [2m(+16ms)[22m 
[2m21:27:10[22m   [34mΓö£ΓöÇ[39m [2m/cpus/intel/core/intel-core-ultra-7-165u/index.html[22m [2m(+4ms)[22m 
[2m21:27:10[22m   [34mΓö£ΓöÇ[39m [2m/cpus/amd/ryzen/amd-ryzen-7-7735hs/index.html[22m [2m(+22ms)[22m 
[2m21:27:10[22m   [34mΓö£ΓöÇ[39m [2m/cpus/intel/core/intel-core-ultra-7-265u/index.html[22m [2m(+4ms)[22m 
[2m21:27:10[22m   [34mΓö£ΓöÇ[39m [2m/cpus/amd/ryzen/amd-ryzen-9-9850hx/index.html[22m [2m(+14ms)[22m 
[2m21:27:10[22m   [34mΓö£ΓöÇ[39m [2m/cpus/amd/ryzen/amd-ryzen-9-9900x3d/index.html[22m [2m(+4ms)[22m 
[2m21:27:10[22m   [34mΓö£ΓöÇ[39m [2m/cpus/amd/ryzen/amd-ryzen-9-7900x3d/index.html[22m [2m(+4ms)[22m 
[2m21:27:10[22m   [34mΓö£ΓöÇ[39m [2m/cpus/amd/ryzen/amd-ryzen-9-9950x3d/index.html[22m [2m(+3ms)[22m 
[2m21:27:10[22m   [34mΓö£ΓöÇ[39m [2m/cpus/intel/core/intel-core-ultra-9-285k/index.html[22m [2m(+22ms)[22m 
[2m21:27:10[22m   [34mΓö£ΓöÇ[39m [2m/cpus/amd/ryzen/amd-ryzen-7-7800x3d/index.html[22m [2m(+4ms)[22m 
[2m21:27:10[22m   [34mΓö£ΓöÇ[39m [2m/cpus/amd/ryzen/amd-ryzen-9-7950x3d/index.html[22m [2m(+22ms)[22m 
[2m21:27:10[22m   [34mΓö£ΓöÇ[39m [2m/cpus/intel/core/intel-core-ultra-5-125u/index.html[22m [2m(+7ms)[22m 
[2m21:27:10[22m   [34mΓö£ΓöÇ[39m [2m/cpus/intel/core/intel-core-ultra-5-235u/index.html[22m [2m(+425ms)[22m 
[2m21:27:10[22m   [34mΓö£ΓöÇ[39m [2m/cpus/intel/core/intel-core-ultra-7-155u/index.html[22m [2m(+87ms)[22m 
[2m21:27:10[22m   [34mΓö£ΓöÇ[39m [2m/cpus/intel/core/intel-core-i7-1365u/index.html[22m [2m(+45ms)[22m 
[2m21:27:10[22m   [34mΓö£ΓöÇ[39m [2m/cpus/intel/core/intel-core-ultra-5-235h/index.html[22m [2m(+41ms)[22m 
[2m21:27:10[22m   [34mΓö£ΓöÇ[39m [2m/cpus/intel/core/intel-core-ultra-5-135h/index.html[22m [2m(+18ms)[22m 
[2m21:27:10[22m   [34mΓö£ΓöÇ[39m [2m/cpus/intel/core/intel-core-ultra-7-165h/index.html[22m [2m(+8ms)[22m 
[2m21:27:10[22m   [34mΓö£ΓöÇ[39m [2m/cpus/intel/core/intel-core-ultra-5-235hx/index.html[22m [2m(+86ms)[22m 
[2m21:27:10[22m   [34mΓö£ΓöÇ[39m [2m/cpus/amd/ryzen/amd-ryzen-5-7645hx/index.html[22m [2m(+4ms)[22m 
[2m21:27:10[22m   [34mΓö£ΓöÇ[39m [2m/cpus/amd/ryzen/amd-ryzen-5-7640hs/index.html[22m [2m(+7ms)[22m 
[2m21:27:10[22m   [34mΓö£ΓöÇ[39m [2m/cpus/intel/core/intel-core-ultra-5-245hx/index.html[22m [2m(+6ms)[22m 
[2m21:27:10[22m   [34mΓö£ΓöÇ[39m [2m/cpus/intel/core/intel-core-ultra-5-245k/index.html[22m [2m(+11ms)[22m 
[2m21:27:10[22m   [34mΓö£ΓöÇ[39m [2m/cpus/intel/core/intel-core-i7-12650hx/index.html[22m [2m(+7ms)[22m 
[2m21:27:10[22m   [34mΓö£ΓöÇ[39m [2m/cpus/intel/core/intel-core-i5-12600h/index.html[22m [2m(+26ms)[22m 
[2m21:27:10[22m   [34mΓö£ΓöÇ[39m [2m/cpus/intel/core/intel-core-i7-12800hx/index.html[22m [2m(+5ms)[22m 
[2m21:27:10[22m   [34mΓö£ΓöÇ[39m [2m/cpus/intel/core/intel-core-i5-12450hx/index.html[22m [2m(+18ms)[22m 
[2m21:27:10[22m   [34mΓö£ΓöÇ[39m [2m/cpus/amd/ryzen/amd-ryzen-7-7435hs/index.html[22m [2m(+3ms)[22m 
[2m21:27:10[22m   [34mΓö£ΓöÇ[39m [2m/cpus/amd/ryzen/amd-ryzen-5-5600h/index.html[22m [2m(+23ms)[22m 
[2m21:27:10[22m   [34mΓö£ΓöÇ[39m [2m/cpus/apple/m1/apple-m1-ultra/index.html[22m [2m(+6ms)[22m 
[2m21:27:10[22m   [34mΓö£ΓöÇ[39m [2m/cpus/amd/ryzen/amd-ryzen-7-5800x/index.html[22m [2m(+27ms)[22m 
[2m21:27:10[22m   [34mΓö£ΓöÇ[39m [2m/cpus/apple/m4/apple-m4-max-14-core/index.html[22m [2m(+7ms)[22m 
[2m21:27:10[22m   [34mΓö£ΓöÇ[39m [2m/cpus/intel/core/intel-core-i9-14900ks/index.html[22m [2m(+42ms)[22m 
[2m21:27:11[22m   [34mΓö£ΓöÇ[39m [2m/cpus/intel/core/intel-core-i9-14900kf/index.html[22m [2m(+8ms)[22m 
[2m21:27:11[22m   [34mΓö£ΓöÇ[39m [2m/cpus/intel/core/intel-core-i9-13900kf/index.html[22m [2m(+17ms)[22m 
[2m21:27:11[22m   [34mΓö£ΓöÇ[39m [2m/cpus/intel/core/intel-core-ultra-5-245kf/index.html[22m [2m(+3ms)[22m 
[2m21:27:11[22m   [34mΓö£ΓöÇ[39m [2m/cpus/intel/core/intel-core-i7-14700kf/index.html[22m [2m(+21ms)[22m 
[2m21:27:11[22m   [34mΓö£ΓöÇ[39m [2m/cpus/intel/core/intel-core-i5-13600k/index.html[22m [2m(+5ms)[22m 
[2m21:27:11[22m   [34mΓö£ΓöÇ[39m [2m/cpus/intel/core/intel-core-i5-13600kf/index.html[22m [2m(+84ms)[22m 
[2m21:27:11[22m   [34mΓö£ΓöÇ[39m [2m/cpus/amd/ryzen/amd-ryzen-5-7600x/index.html[22m [2m(+3ms)[22m 
[2m21:27:11[22m   [34mΓö£ΓöÇ[39m [2m/cpus/amd/ryzen/amd-ryzen-7-7700x/index.html[22m [2m(+31ms)[22m 
[2m21:27:11[22m   [34mΓö£ΓöÇ[39m [2m/cpus/intel/core/intel-core-i7-13700k/index.html[22m [2m(+4ms)[22m 
[2m21:27:11[22m   [34mΓö£ΓöÇ[39m [2m/cpus/amd/ryzen/amd-ryzen-5-8600g/index.html[22m [2m(+15ms)[22m 
[2m21:27:11[22m   [34mΓö£ΓöÇ[39m [2m/cpus/amd/ryzen/amd-ryzen-5-8500g/index.html[22m [2m(+4ms)[22m 
[2m21:27:11[22m   [34mΓö£ΓöÇ[39m [2m/cpus/amd/ryzen/amd-ryzen-7-5800x3d/index.html[22m [2m(+73ms)[22m 
[2m21:27:11[22m   [34mΓö£ΓöÇ[39m [2m/cpus/amd/ryzen/amd-ryzen-9-5900x/index.html[22m [2m(+3ms)[22m 
[2m21:27:11[22m   [34mΓö£ΓöÇ[39m [2m/cpus/intel/core/intel-core-i7-14700k/index.html[22m [2m(+108ms)[22m 
[2m21:27:11[22m   [34mΓö£ΓöÇ[39m [2m/cpus/amd/ryzen/amd-ryzen-5-7600x3d/index.html[22m [2m(+5ms)[22m 
[2m21:27:11[22m   [34mΓö£ΓöÇ[39m [2m/cpus/qualcomm/snapdragon/qualcomm-snapdragon-x-elite-x1e-78-100/index.html[22m [2m(+83ms)[22m 
[2m21:27:11[22m   [34mΓö£ΓöÇ[39m [2m/cpus/qualcomm/snapdragon/qualcomm-snapdragon-x-plus-x1p-66-100/index.html[22m [2m(+4ms)[22m 
[2m21:27:11[22m   [34mΓö£ΓöÇ[39m [2m/cpus/qualcomm/snapdragon/qualcomm-snapdragon-x-plus-x1p-46-100/index.html[22m [2m(+73ms)[22m 
[2m21:27:11[22m   [34mΓö£ΓöÇ[39m [2m/cpus/intel/core/intel-core-3-100u/index.html[22m [2m(+6ms)[22m 
[2m21:27:11[22m   [34mΓö£ΓöÇ[39m [2m/cpus/intel/core/intel-core-ultra-7-266v/index.html[22m [2m(+48ms)[22m 
[2m21:27:11[22m   [34mΓö£ΓöÇ[39m [2m/cpus/intel/core/intel-core-ultra-5-236v/index.html[22m [2m(+7ms)[22m 
[2m21:27:11[22m   [34mΓö£ΓöÇ[39m [2m/cpus/amd/ryzen/amd-ryzen-5-7430u/index.html[22m [2m(+12ms)[22m 
[2m21:27:11[22m   [34mΓö£ΓöÇ[39m [2m/cpus/amd/ryzen/amd-ryzen-5-5500u/index.html[22m [2m(+5ms)[22m 
[2m21:27:11[22m   [34mΓö£ΓöÇ[39m [2m/cpus/amd/ryzen/amd-ryzen-7-5700u/index.html[22m [2m(+15ms)[22m 
[2m21:27:11[22m   [34mΓö£ΓöÇ[39m [2m/cpus/amd/ryzen/amd-ryzen-z1/index.html[22m [2m(+11ms)[22m 
[2m21:27:11[22m   [34mΓö£ΓöÇ[39m [2m/cpus/amd/ryzen/amd-ryzen-7-7840u/index.html[22m [2m(+69ms)[22m 
[2m21:27:11[22m   [34mΓö£ΓöÇ[39m [2m/cpus/intel/core/intel-core-i9-13980hx/index.html[22m [2m(+29ms)[22m 
[2m21:27:11[22m   [34mΓö£ΓöÇ[39m [2m/cpus/amd/ryzen/amd-ryzen-9-7900x/index.html[22m [2m(+49ms)[22m 
[2m21:27:11[22m   [34mΓö£ΓöÇ[39m [2m/cpus/amd/ryzen/amd-ryzen-9-7950x/index.html[22m [2m(+4ms)[22m 
[2m21:27:11[22m   [34mΓö£ΓöÇ[39m [2m/cpus/amd/ryzen/amd-ryzen-7-6800h/index.html[22m [2m(+98ms)[22m 
[2m21:27:11[22m   [34mΓö£ΓöÇ[39m [2m/cpus/intel/processor/intel-processor-n97/index.html[22m [2m(+19ms)[22m 
[2m21:27:11[22m   [34mΓö£ΓöÇ[39m [2m/cpus/intel/core/intel-core-i3-n305/index.html[22m [2m(+6ms)[22m 
[2m21:27:11[22m   [34mΓö£ΓöÇ[39m [2m/cpus/intel/processor/intel-processor-n200/index.html[22m [2m(+21ms)[22m 
[2m21:27:11[22m   [34mΓö£ΓöÇ[39m [2m/cpus/intel/processor/intel-processor-n95/index.html[22m [2m(+5ms)[22m 
[2m21:27:12[22m   [34mΓö£ΓöÇ[39m [2m/cpus/intel/processor/intel-processor-n100/index.html[22m [2m(+17ms)[22m 
[2m21:27:12[22m   [34mΓö£ΓöÇ[39m [2m/cpus/intel/core/intel-core-i3-1305u/index.html[22m [2m(+16ms)[22m 
[2m21:27:12[22m   [34mΓö£ΓöÇ[39m [2m/cpus/intel/core/intel-core-i7-13700hx/index.html[22m [2m(+31ms)[22m 
[2m21:27:12[22m   [34mΓö£ΓöÇ[39m [2m/cpus/amd/ryzen/amd-ryzen-9-7845hx/index.html[22m [2m(+4ms)[22m 
[2m21:27:12[22m   [34mΓö£ΓöÇ[39m [2m/cpus/intel/core/intel-core-i5-13500hx/index.html[22m [2m(+72ms)[22m 
[2m21:27:12[22m   [34mΓö£ΓöÇ[39m [2m/cpus/amd/ryzen/amd-ryzen-3-8300g/index.html[22m [2m(+3ms)[22m 
[2m21:27:12[22m   [34mΓö£ΓöÇ[39m [2m/cpus/amd/ryzen/amd-ryzen-5-5600g/index.html[22m [2m(+74ms)[22m 
[2m21:27:12[22m   [34mΓö£ΓöÇ[39m [2m/cpus/amd/ryzen/amd-ryzen-3-5300g/index.html[22m [2m(+5ms)[22m 
[2m21:27:12[22m   [34mΓö£ΓöÇ[39m [2m/cpus/amd/ryzen/amd-ryzen-7-5700g/index.html[22m [2m(+72ms)[22m 
[2m21:27:12[22m   [34mΓö£ΓöÇ[39m [2m/cpus/intel/core/intel-core-i7-1360p/index.html[22m [2m(+5ms)[22m 
[2m21:27:12[22m   [34mΓö£ΓöÇ[39m [2m/cpus/intel/core/intel-core-i5-1345u/index.html[22m [2m(+73ms)[22m 
[2m21:27:12[22m   [34mΓö£ΓöÇ[39m [2m/cpus/amd/ryzen/amd-ryzen-7-7745hx/index.html[22m [2m(+4ms)[22m 
[2m21:27:12[22m   [34mΓö£ΓöÇ[39m [2m/cpus/amd/ryzen/amd-ryzen-5-7540u/index.html[22m [2m(+73ms)[22m 
[2m21:27:12[22m   [34mΓö£ΓöÇ[39m [2m/cpus/amd/ryzen/amd-ryzen-7-7735u/index.html[22m [2m(+5ms)[22m 
[2m21:27:12[22m   [34mΓö£ΓöÇ[39m [2m/cpus/intel/core/intel-core-i7-11800h/index.html[22m [2m(+83ms)[22m 
[2m21:27:12[22m   [34mΓö£ΓöÇ[39m [2m/cpus/intel/core/intel-core-i7-1260p/index.html[22m [2m(+4ms)[22m 
[2m21:27:12[22m   [34mΓö£ΓöÇ[39m [2m/cpus/intel/core/intel-core-i5-1240p/index.html[22m [2m(+95ms)[22m 
[2m21:27:12[22m   [34mΓö£ΓöÇ[39m [2m/cpus/intel/core/intel-core-i7-1370p/index.html[22m [2m(+4ms)[22m 
[2m21:27:12[22m   [34mΓö£ΓöÇ[39m [2m/cpus/intel/core/intel-core-i5-1340p/index.html[22m [2m(+107ms)[22m 
[2m21:27:12[22m   [34mΓö£ΓöÇ[39m [2m/cpus/amd/ryzen/amd-ryzen-7-5800h/index.html[22m [2m(+5ms)[22m 
[2m21:27:12[22m   [34mΓö£ΓöÇ[39m [2m/cpus/intel/core/intel-core-i7-1255u/index.html[22m [2m(+106ms)[22m 
[2m21:27:12[22m   [34mΓö£ΓöÇ[39m [2m/cpus/amd/ryzen/amd-ryzen-7-5825u/index.html[22m [2m(+4ms)[22m 
[2m21:27:12[22m   [34mΓö£ΓöÇ[39m [2m/cpus/amd/ryzen/amd-ryzen-5-5625u/index.html[22m [2m(+84ms)[22m 
[2m21:27:12[22m   [34mΓö£ΓöÇ[39m [2m/cpus/intel/core/intel-core-i3-n300/index.html[22m [2m(+5ms)[22m 
[2m21:27:12[22m   [34mΓö£ΓöÇ[39m [2m/cpus/amd/ryzen/amd-ryzen-3-7440u/index.html[22m [2m(+51ms)[22m 
[2m21:27:13[22m   [34mΓö£ΓöÇ[39m [2m/cpus/intel/core/intel-core-i9-13900ks/index.html[22m [2m(+4ms)[22m 
[2m21:27:13[22m   [34mΓö£ΓöÇ[39m [2m/cpus/intel/core/intel-core-i9-14900f/index.html[22m [2m(+82ms)[22m 
[2m21:27:13[22m   [34mΓö£ΓöÇ[39m [2m/cpus/intel/core/intel-core-i9-13900f/index.html[22m [2m(+3ms)[22m 
[2m21:27:13[22m   [34mΓö£ΓöÇ[39m [2m/cpus/intel/core/intel-core-i7-13700/index.html[22m [2m(+86ms)[22m 
[2m21:27:13[22m   [34mΓö£ΓöÇ[39m [2m/cpus/intel/core/intel-core-i5-12400/index.html[22m [2m(+3ms)[22m 
[2m21:27:13[22m   [34mΓö£ΓöÇ[39m [2m/cpus/intel/core/intel-core-i9-12900k/index.html[22m [2m(+147ms)[22m 
[2m21:27:13[22m   [34mΓö£ΓöÇ[39m [2m/cpus/amd/ryzen/amd-ryzen-7-7800x/index.html[22m [2m(+6ms)[22m 
[2m21:27:13[22m   [34mΓö£ΓöÇ[39m [2m/cpus/intel/core/intel-core-i9-13900k/index.html[22m [2m(+55ms)[22m 
[2m21:27:13[22m   [34mΓö£ΓöÇ[39m [2m/cpus/intel/core/intel-core-i3-14100/index.html[22m [2m(+4ms)[22m 
[2m21:27:13[22m   [34mΓö£ΓöÇ[39m [2m/cpus/intel/core/intel-core-i5-13500/index.html[22m [2m(+51ms)[22m 
[2m21:27:13[22m   [34mΓö£ΓöÇ[39m [2m/cpus/amd/ryzen/amd-ryzen-5-6600u/index.html[22m [2m(+3ms)[22m 
[2m21:27:13[22m   [34mΓö£ΓöÇ[39m [2m/cpus/intel/core/intel-core-i3-13100/index.html[22m [2m(+52ms)[22m 
[2m21:27:13[22m   [34mΓö£ΓöÇ[39m [2m/cpus/intel/core/intel-core-i3-14100f/index.html[22m [2m(+3ms)[22m 
[2m21:27:13[22m   [34mΓö£ΓöÇ[39m [2m/cpus/intel/core/intel-core-i3-12100/index.html[22m [2m(+37ms)[22m 
[2m21:27:13[22m   [34mΓö£ΓöÇ[39m [2m/cpus/intel/core/intel-core-i3-13100f/index.html[22m [2m(+14ms)[22m 
[2m21:27:13[22m   [34mΓö£ΓöÇ[39m [2m/cpus/intel/core/intel-core-i7-12700k/index.html[22m [2m(+28ms)[22m 
[2m21:27:13[22m   [34mΓö£ΓöÇ[39m [2m/cpus/intel/core/intel-core-i5-12600k/index.html[22m [2m(+3ms)[22m 
[2m21:27:13[22m   [34mΓö£ΓöÇ[39m [2m/cpus/amd/ryzen/amd-ryzen-7-6800u/index.html[22m [2m(+37ms)[22m 
[2m21:27:13[22m   [34mΓö£ΓöÇ[39m [2m/cpus/intel/processor/intel-processor-u300/index.html[22m [2m(+3ms)[22m 
[2m21:27:13[22m   [34mΓö£ΓöÇ[39m [2m/cpus/amd/ryzen/amd-ryzen-3-7320u/index.html[22m [2m(+43ms)[22m 
[2m21:27:13[22m   [34mΓö£ΓöÇ[39m [2m/cpus/intel/core/intel-core-i3-1215u/index.html[22m [2m(+4ms)[22m 
[2m21:27:13[22m   [34mΓö£ΓöÇ[39m [2m/cpus/intel/core/intel-core-i3-1115g4/index.html[22m [31m(+818ms)[39m 
[2m21:27:14[22m   [34mΓö£ΓöÇ[39m [2m/cpus/amd/ryzen/amd-ryzen-5-7535u/index.html[22m [2m(+15ms)[22m 
[2m21:27:14[22m   [34mΓö£ΓöÇ[39m [2m/cpus/intel/celeron/intel-celeron-processor-n5095/index.html[22m [2m(+49ms)[22m 
[2m21:27:14[22m   [34mΓö£ΓöÇ[39m [2m/cpus/intel/core/intel-core-i7-13850hx/index.html[22m [2m(+4ms)[22m 
[2m21:27:14[22m   [34mΓö£ΓöÇ[39m [2m/cpus/intel/core/intel-core-i7-13800h/index.html[22m [2m(+285ms)[22m 
[2m21:27:14[22m   [34mΓö£ΓöÇ[39m [2m/cpus/intel/core/intel-core-i9-13950hx/index.html[22m [2m(+3ms)[22m 
[2m21:27:14[22m   [34mΓö£ΓöÇ[39m [2m/cpus/amd/ryzen/amd-ryzen-5-6600h/index.html[22m [2m(+57ms)[22m 
[2m21:27:14[22m   [34mΓö£ΓöÇ[39m [2m/cpus/intel/core/intel-core-i5-1135g7/index.html[22m [2m(+4ms)[22m 
[2m21:27:14[22m   [34mΓö£ΓöÇ[39m [2m/cpus/intel/core/intel-core-i9-13905h/index.html[22m [2m(+14ms)[22m 
[2m21:27:14[22m   [34mΓö£ΓöÇ[39m [2m/cpus/amd/ryzen/amd-ryzen-7-7736u/index.html[22m [2m(+11ms)[22m 
[2m21:27:14[22m   [34mΓö£ΓöÇ[39m [2m/cpus/intel/core/intel-core-i7-1165g7/index.html[22m [2m(+78ms)[22m 
[2m21:27:15[22m   [34mΓö£ΓöÇ[39m [2m/cpus/amd/ryzen/amd-ryzen-5-pro-6650u/index.html[22m [2m(+3ms)[22m 
[2m21:27:15[22m   [34mΓö£ΓöÇ[39m [2m/cpus/intel/core/intel-core-i5-1245u/index.html[22m [2m(+155ms)[22m 
[2m21:27:15[22m   [34mΓö£ΓöÇ[39m [2m/cpus/intel/core/intel-core-i7-1185g7/index.html[22m [2m(+12ms)[22m 
[2m21:27:15[22m   [34mΓö£ΓöÇ[39m [2m/cpus/intel/core/intel-core-i7-13700kf/index.html[22m [2m(+52ms)[22m 
[2m21:27:15[22m   [34mΓö£ΓöÇ[39m [2m/cpus/intel/core/intel-core-i5-13600h/index.html[22m [2m(+7ms)[22m 
[2m21:27:15[22m   [34mΓö£ΓöÇ[39m [2m/cpus/intel/core/intel-core-i5-1350p/index.html[22m [2m(+52ms)[22m 
[2m21:27:15[22m   [34mΓö£ΓöÇ[39m [2m/cpus/intel/core/intel-core-i7-12700/index.html[22m [2m(+3ms)[22m 
[2m21:27:15[22m   [34mΓö£ΓöÇ[39m [2m/cpus/intel/core/intel-core-i5-12600kf/index.html[22m [2m(+215ms)[22m 
[2m21:27:15[22m   [34mΓö£ΓöÇ[39m [2m/cpus/intel/core/intel-core-i7-12700kf/index.html[22m [2m(+3ms)[22m 
[2m21:27:15[22m   [34mΓö£ΓöÇ[39m [2m/cpus/intel/core/intel-core-i9-12900kf/index.html[22m [2m(+9ms)[22m 
[2m21:27:15[22m   [34mΓö£ΓöÇ[39m [2m/cpus/intel/core/intel-core-i7-12700f/index.html[22m [2m(+4ms)[22m 
[2m21:27:15[22m   [34mΓö£ΓöÇ[39m [2m/cpus/intel/core/intel-core-i5-1230u/index.html[22m [2m(+72ms)[22m 
[2m21:27:15[22m   [34mΓö£ΓöÇ[39m [2m/cpus/intel/core/intel-core-i7-1250u/index.html[22m [2m(+3ms)[22m 
[2m21:27:15[22m   [34mΓö£ΓöÇ[39m [2m/cpus/intel/core/intel-core-i3-1005g1/index.html[22m [2m(+30ms)[22m 
[2m21:27:15[22m   [34mΓö£ΓöÇ[39m [2m/cpus/intel/core/intel-core-i3-1220p/index.html[22m [2m(+117ms)[22m 
[2m21:27:15[22m   [34mΓö£ΓöÇ[39m [2m/cpus/amd/ryzen/amd-ryzen-7-pro-6850u/index.html[22m [2m(+43ms)[22m 
[2m21:27:15[22m   [34mΓö£ΓöÇ[39m [2m/cpus/intel/core/intel-core-i9-12900hx/index.html[22m [2m(+4ms)[22m 
[2m21:27:15[22m   [34mΓö£ΓöÇ[39m [2m/cpus/intel/core/intel-core-i9-12900hk/index.html[22m [2m(+19ms)[22m 
[2m21:27:15[22m   [34mΓö£ΓöÇ[39m [2m/cpus/intel/core/intel-core-i9-12950hx/index.html[22m [2m(+9ms)[22m 
[2m21:27:15[22m   [34mΓö£ΓöÇ[39m [2m/cpus/amd/ryzen/amd-ryzen-3-5425u/index.html[22m [2m(+20ms)[22m 
[2m21:27:15[22m   [34mΓö£ΓöÇ[39m [2m/cpus/intel/core/intel-core-i7-1265u/index.html[22m [2m(+5ms)[22m 
[2m21:27:15[22m   [34mΓö£ΓöÇ[39m [2m/cpus/intel/core/intel-core-i5-12500/index.html[22m [2m(+12ms)[22m 
[2m21:27:15[22m   [34mΓö£ΓöÇ[39m [2m/cpus/intel/core/intel-core-i3-12100f/index.html[22m [2m(+14ms)[22m 
[2m21:27:15[22m   [34mΓö£ΓöÇ[39m [2m/cpus/intel/core/intel-core-i7-1270p/index.html[22m [2m(+8ms)[22m 
[2m21:27:15[22m   [34mΓö£ΓöÇ[39m [2m/cpus/intel/core/intel-core-i7-1280p/index.html[22m [2m(+6ms)[22m 
[2m21:27:15[22m   [34mΓö£ΓöÇ[39m [2m/cpus/amd/ryzen/amd-ryzen-9-6900hs/index.html[22m [2m(+53ms)[22m 
[2m21:27:15[22m   [34mΓö£ΓöÇ[39m [2m/cpus/amd/ryzen/amd-ryzen-7-6800hs/index.html[22m [2m(+4ms)[22m 
[2m21:27:15[22m   [34mΓö£ΓöÇ[39m [2m/cpus/intel/core/intel-core-i5-10400/index.html[22m [2m(+16ms)[22m 
[2m21:27:15[22m   [34mΓö£ΓöÇ[39m [2m/cpus/intel/core/intel-core-i7-12800h/index.html[22m [2m(+10ms)[22m 
[2m21:27:15[22m   [34mΓö£ΓöÇ[39m [2m/cpus/intel/core/intel-core-i5-11320h/index.html[22m [2m(+68ms)[22m 
[2m21:27:16[22m   [34mΓö£ΓöÇ[39m [2m/cpus/intel/pentium/intel-pentium-silver-n6000/index.html[22m [2m(+15ms)[22m 
[2m21:27:16[22m   [34mΓö£ΓöÇ[39m [2m/cpus/intel/celeron/intel-celeron-n4500/index.html[22m [2m(+3ms)[22m 
[2m21:27:16[22m   [34mΓö£ΓöÇ[39m [2m/cpus/intel/core/intel-core-i5-1155g7/index.html[22m [2m(+6ms)[22m 
[2m21:27:16[22m   [34mΓö£ΓöÇ[39m [2m/cpus/intel/core/intel-core-i7-1195g7/index.html[22m [2m(+6ms)[22m 
[2m21:27:16[22m   [34mΓö£ΓöÇ[39m [2m/cpus/amd/ryzen/amd-ryzen-threadripper-pro-3955wx/index.html[22m [2m(+19ms)[22m 
[2m21:27:16[22m   [34mΓö£ΓöÇ[39m [2m/cpus/intel/core/intel-core-i5-11400h/index.html[22m [2m(+5ms)[22m 
[2m21:27:16[22m   [34mΓö£ΓöÇ[39m [2m/cpus/intel/core/intel-core-i5-11260h/index.html[22m [2m(+26ms)[22m 
[2m21:27:16[22m   [34mΓö£ΓöÇ[39m [2m/cpus/intel/celeron/intel-celeron-n5100/index.html[22m [2m(+7ms)[22m 
[2m21:27:16[22m   [34mΓö£ΓöÇ[39m [2m/cpus/intel/core/intel-core-i9-11980hk/index.html[22m [2m(+11ms)[22m 
[2m21:27:16[22m   [34mΓö£ΓöÇ[39m [2m/cpus/intel/core/intel-core-i3-1125g4/index.html[22m [2m(+4ms)[22m 
[2m21:27:16[22m   [34mΓö£ΓöÇ[39m [2m/cpus/intel/pentium/intel-pentium-gold-7505/index.html[22m [2m(+76ms)[22m 
[2m21:27:16[22m   [34mΓö£ΓöÇ[39m [2m/cpus/intel/core/intel-core-i5-11400f/index.html[22m [2m(+3ms)[22m 
[2m21:27:16[22m   [34mΓö£ΓöÇ[39m [2m/cpus/intel/core/intel-core-i5-10400f/index.html[22m [2m(+30ms)[22m 
[2m21:27:16[22m   [34mΓö£ΓöÇ[39m [2m/cpus/intel/core/intel-core-i5-11400/index.html[22m [2m(+4ms)[22m 
[2m21:27:16[22m   [34mΓö£ΓöÇ[39m [2m/cpus/amd/ryzen/amd-ryzen-7-5800hs/index.html[22m [2m(+15ms)[22m 
[2m21:27:16[22m   [34mΓö£ΓöÇ[39m [2m/cpus/intel/core/intel-core-i5-1145g7/index.html[22m [2m(+4ms)[22m 
[2m21:27:16[22m   [34mΓö£ΓöÇ[39m [2m/cpus/amd/ryzen/amd-ryzen-3-5300u/index.html[22m [2m(+18ms)[22m 
[2m21:27:16[22m   [34mΓö£ΓöÇ[39m [2m/cpus/amd/ryzen/amd-ryzen-5-5600u/index.html[22m [2m(+10ms)[22m 
[2m21:27:16[22m   [34mΓö£ΓöÇ[39m [2m/cpus/intel/core/intel-core-i9-11900k/index.html[22m [2m(+15ms)[22m 
[2m21:27:16[22m   [34mΓö£ΓöÇ[39m [2m/cpus/intel/core/intel-core-i7-11700k/index.html[22m [2m(+4ms)[22m 
[2m21:27:16[22m   [34mΓö£ΓöÇ[39m [2m/cpus/intel/core/intel-core-i7-11700/index.html[22m [2m(+71ms)[22m 
[2m21:27:16[22m   [34mΓö£ΓöÇ[39m [2m/cpus/amd/ryzen/amd-ryzen-9-5900hx/index.html[22m [2m(+6ms)[22m 
[2m21:27:16[22m   [34mΓö£ΓöÇ[39m [2m/cpus/amd/ryzen/amd-ryzen-7-5800u/index.html[22m [2m(+24ms)[22m 
[2m21:27:16[22m   [34mΓö£ΓöÇ[39m [2m/cpus/amd/ryzen/amd-ryzen-9-5950x/index.html[22m [2m(+3ms)[22m 
[2m21:27:16[22m   [34mΓö£ΓöÇ[39m [2m/cpus/intel/core/intel-core-i9-9900k/index.html[22m [2m(+74ms)[22m 
[2m21:27:16[22m   [34mΓö£ΓöÇ[39m [2m/cpus/amd/ryzen/amd-ryzen-3-4600g/index.html[22m [2m(+3ms)[22m 
[2m21:27:16[22m   [34mΓö£ΓöÇ[39m [2m/cpus/intel/core/intel-core-i3-10110u/index.html[22m [2m(+40ms)[22m 
[2m21:27:16[22m   [34mΓö£ΓöÇ[39m [2m/cpus/intel/core/intel-core-i5-1035g1/index.html[22m [2m(+7ms)[22m 
[2m21:27:16[22m   [34mΓö£ΓöÇ[39m [2m/cpus/intel/core/intel-core-i7-1065g7/index.html[22m [2m(+38ms)[22m 
[2m21:27:16[22m   [34mΓö£ΓöÇ[39m [2m/cpus/intel/core/intel-core-i7-8650u/index.html[22m [2m(+3ms)[22m 
[2m21:27:16[22m   [34mΓö£ΓöÇ[39m [2m/cpus/intel/core/intel-core-i5-8350u/index.html[22m [2m(+31ms)[22m 
[2m21:27:16[22m   [34mΓö£ΓöÇ[39m [2m/cpus/intel/core/intel-core-i5-8365u/index.html[22m [2m(+4ms)[22m 
[2m21:27:16[22m   [34mΓö£ΓöÇ[39m [2m/cpus/intel/core/intel-core-i7-10610u/index.html[22m [2m(+16ms)[22m 
[2m21:27:16[22m   [34mΓö£ΓöÇ[39m [2m/cpus/intel/core/intel-core-i7-8665u/index.html[22m [2m(+8ms)[22m 
[2m21:27:16[22m   [34mΓö£ΓöÇ[39m [2m/cpus/intel/core/intel-core-i9-10900k/index.html[22m [2m(+16ms)[22m 
[2m21:27:16[22m   [34mΓö£ΓöÇ[39m [2m/cpus/intel/core/intel-core-i7-10700/index.html[22m [2m(+3ms)[22m 
[2m21:27:16[22m   [34mΓö£ΓöÇ[39m [2m/cpus/amd/ryzen/amd-ryzen-threadripper-3990x/index.html[22m [2m(+20ms)[22m 
[2m21:27:16[22m   [34mΓö£ΓöÇ[39m [2m/cpus/intel/core/intel-core-i7-10750h/index.html[22m [2m(+9ms)[22m 
[2m21:27:16[22m   [34mΓö£ΓöÇ[39m [2m/cpus/intel/core/intel-core-i7-8750h/index.html[22m [2m(+13ms)[22m 
[2m21:27:16[22m   [34mΓö£ΓöÇ[39m [2m/cpus/amd/ryzen/amd-ryzen-9-3900x/index.html[22m [2m(+7ms)[22m 
[2m21:27:16[22m   [34mΓö£ΓöÇ[39m [2m/cpus/amd/ryzen/amd-ryzen-7-3800x/index.html[22m [2m(+11ms)[22m 
[2m21:27:16[22m   [34mΓö£ΓöÇ[39m [2m/cpus/amd/ryzen/amd-ryzen-5-4600h/index.html[22m [2m(+4ms)[22m 
[2m21:27:16[22m   [34mΓö£ΓöÇ[39m [2m/cpus/intel/core/intel-core-i5-10210u/index.html[22m [2m(+15ms)[22m 
[2m21:27:16[22m   [34mΓö£ΓöÇ[39m [2m/cpus/amd/ryzen/amd-ryzen-7-4800h/index.html[22m [2m(+5ms)[22m 
[2m21:27:16[22m   [34mΓö£ΓöÇ[39m [2m/cpus/amd/ryzen/amd-ryzen-9-3950x/index.html[22m [2m(+10ms)[22m 
[2m21:27:16[22m   [34mΓö£ΓöÇ[39m [2m/cpus/amd/ryzen/amd-ryzen-5-3500u/index.html[22m [2m(+4ms)[22m 
[2m21:27:16[22m   [34mΓö£ΓöÇ[39m [2m/cpus/intel/core/intel-core-i7-7700k/index.html[22m [2m(+13ms)[22m 
[2m21:27:16[22m   [34mΓö£ΓöÇ[39m [2m/cpus/intel/core/intel-core-i7-6700k/index.html[22m [2m(+15ms)[22m 
[2m21:27:16[22m   [34mΓö£ΓöÇ[39m [2m/cpus/amd/ryzen/amd-ryzen-5-3600x/index.html[22m [2m(+8ms)[22m 
[2m21:27:16[22m   [34mΓö£ΓöÇ[39m [2m/cpus/intel/core/intel-core-i7-10700k/index.html[22m [2m(+11ms)[22m 
[2m21:27:16[22m   [34mΓö£ΓöÇ[39m [2m/cpus/amd/ryzen/amd-ryzen-7-3700x/index.html[22m [2m(+450ms)[22m 
[2m21:27:17[22m   [34mΓö£ΓöÇ[39m [2m/cpus/intel/core/intel-core-i7-8700/index.html[22m [2m(+4ms)[22m 
[2m21:27:17[22m   [34mΓö£ΓöÇ[39m [2m/cpus/intel/core/intel-core-i7-9700/index.html[22m [2m(+19ms)[22m 
[2m21:27:17[22m   [34mΓö£ΓöÇ[39m [2m/cpus/intel/core/intel-core-i7-8700k/index.html[22m [2m(+8ms)[22m 
[2m21:27:17[22m   [34mΓö£ΓöÇ[39m [2m/cpus/intel/core/intel-core-i9-9880h/index.html[22m [2m(+7ms)[22m 
[2m21:27:17[22m   [34mΓö£ΓöÇ[39m [2m/cpus/intel/core/intel-core-i7-9750h/index.html[22m [2m(+19ms)[22m 
[2m21:27:17[22m   [34mΓö£ΓöÇ[39m [2m/cpus/intel/core/intel-core-i5-8250u/index.html[22m [2m(+20ms)[22m 
[2m21:27:17[22m   [34mΓö£ΓöÇ[39m [2m/cpus/intel/core/intel-core-i5-6500/index.html[22m [2m(+11ms)[22m 
[2m21:27:17[22m   [34mΓö£ΓöÇ[39m [2m/cpus/intel/core/intel-core-i3-8100/index.html[22m [2m(+26ms)[22m 
[2m21:27:17[22m   [34mΓö£ΓöÇ[39m [2m/cpus/intel/core/intel-core-i5-8300h/index.html[22m [2m(+7ms)[22m 
[2m21:27:17[22m   [34mΓö£ΓöÇ[39m [2m/cpus/intel/core/intel-core-i7-9700k/index.html[22m [2m(+15ms)[22m 
[2m21:27:17[22m   [34mΓö£ΓöÇ[39m [2m/cpus/intel/core/intel-core-i7-6700/index.html[22m [2m(+4ms)[22m 
[2m21:27:17[22m   [34mΓö£ΓöÇ[39m [2m/cpus/intel/core/intel-core-i5-8400/index.html[22m [2m(+34ms)[22m 
[2m21:27:17[22m   [34mΓööΓöÇ[39m [2m/cpus/intel/core/intel-core-i9-9980hk/index.html[22m [2m(+6ms)[22m 
[2m21:27:17[22m [32mΓû╢[39m src/pages/cpus/[brand]/[series]/index.astro
[2m21:27:17[22m   [34mΓö£ΓöÇ[39m [2m/cpus/intel/core/index.html[22m [2m(+13ms)[22m 
[2m21:27:17[22m   [34mΓö£ΓöÇ[39m [2m/cpus/intel/processor/index.html[22m [2m(+3ms)[22m 
[2m21:27:17[22m   [34mΓö£ΓöÇ[39m [2m/cpus/intel/celeron/index.html[22m [2m(+4ms)[22m 
[2m21:27:17[22m   [34mΓö£ΓöÇ[39m [2m/cpus/intel/pentium/index.html[22m [2m(+3ms)[22m 
[2m21:27:17[22m   [34mΓö£ΓöÇ[39m [2m/cpus/amd/ryzen/index.html[22m [2m(+6ms)[22m 
[2m21:27:17[22m   [34mΓö£ΓöÇ[39m [2m/cpus/apple/m4/index.html[22m [2m(+69ms)[22m 
[2m21:27:17[22m   [34mΓö£ΓöÇ[39m [2m/cpus/apple/m1/index.html[22m [2m(+60ms)[22m 
[2m21:27:17[22m   [34mΓö£ΓöÇ[39m [2m/cpus/apple/m2/index.html[22m [2m(+6ms)[22m 
[2m21:27:17[22m   [34mΓö£ΓöÇ[39m [2m/cpus/apple/m3/index.html[22m [2m(+3ms)[22m 
[2m21:27:17[22m   [34mΓö£ΓöÇ[39m [2m/cpus/apple/m5/index.html[22m [2m(+34ms)[22m 
[2m21:27:17[22m   [34mΓööΓöÇ[39m [2m/cpus/qualcomm/snapdragon/index.html[22m [2m(+3ms)[22m 
[2m21:27:17[22m [32mΓû╢[39m src/pages/cpus/[brand]/index.astro
[2m21:27:17[22m   [34mΓö£ΓöÇ[39m [2m/cpus/intel/index.html[22m [2m(+7ms)[22m 
[2m21:27:17[22m   [34mΓö£ΓöÇ[39m [2m/cpus/amd/index.html[22m [2m(+4ms)[22m 
[2m21:27:17[22m   [34mΓö£ΓöÇ[39m [2m/cpus/apple/index.html[22m [2m(+15ms)[22m 
[2m21:27:17[22m   [34mΓööΓöÇ[39m [2m/cpus/qualcomm/index.html[22m [2m(+5ms)[22m 
[2m21:27:17[22m [32mΓû╢[39m src/pages/cpus/index.astro
[2m21:27:17[22m   [34mΓööΓöÇ[39m [2m/cpus/index.html[22m [2m(+5ms)[22m 
[2m21:27:17[22m [32mΓû╢[39m src/pages/gpus/[brand]/[series]/[model].astro
[2m21:27:17[22m   [34mΓö£ΓöÇ[39m [2m/gpus/radeon/rx/radeon-rx-9060-xt/index.html[22m [2m(+26ms)[22m 
[2m21:27:17[22m   [34mΓö£ΓöÇ[39m [2m/gpus/geforce/rtx/geforce-rtx-5060/index.html[22m [2m(+11ms)[22m 
[2m21:27:17[22m   [34mΓö£ΓöÇ[39m [2m/gpus/geforce/rtx/geforce-rtx-5060-laptop/index.html[22m [2m(+14ms)[22m 
[2m21:27:17[22m   [34mΓö£ΓöÇ[39m [2m/gpus/geforce/rtx/geforce-rtx-4070-mobile/index.html[22m [2m(+6ms)[22m 
[2m21:27:17[22m   [34mΓö£ΓöÇ[39m [2m/gpus/geforce/rtx/geforce-rtx-5070-ti-laptop/index.html[22m [2m(+49ms)[22m 
[2m21:27:17[22m   [34mΓö£ΓöÇ[39m [2m/gpus/geforce/rtx/geforce-rtx-5070-laptop/index.html[22m [2m(+4ms)[22m 
[2m21:27:17[22m   [34mΓö£ΓöÇ[39m [2m/gpus/geforce/rtx/geforce-rtx-5050-laptop/index.html[22m [2m(+15ms)[22m 
[2m21:27:17[22m   [34mΓö£ΓöÇ[39m [2m/gpus/geforce/rtx/geforce-rtx-4060-mobile/index.html[22m [2m(+5ms)[22m 
[2m21:27:17[22m   [34mΓö£ΓöÇ[39m [2m/gpus/radeon/860m/radeon-860m/index.html[22m [2m(+18ms)[22m 
[2m21:27:17[22m   [34mΓö£ΓöÇ[39m [2m/gpus/intel/arc/intel-arc-140v/index.html[22m [2m(+12ms)[22m 
[2m21:27:17[22m   [34mΓö£ΓöÇ[39m [2m/gpus/geforce/rtx/geforce-rtx-5080-laptop/index.html[22m [2m(+14ms)[22m 
[2m21:27:17[22m   [34mΓö£ΓöÇ[39m [2m/gpus/geforce/rtx/geforce-rtx-5090-mobile/index.html[22m [2m(+5ms)[22m 
[2m21:27:17[22m   [34mΓö£ΓöÇ[39m [2m/gpus/geforce/rtx/geforce-rtx-5090/index.html[22m [2m(+42ms)[22m 
[2m21:27:17[22m   [34mΓö£ΓöÇ[39m [2m/gpus/radeon/rx/radeon-rx-9070-xt/index.html[22m [2m(+3ms)[22m 
[2m21:27:17[22m   [34mΓö£ΓöÇ[39m [2m/gpus/geforce/rtx/geforce-rtx-5080/index.html[22m [2m(+22ms)[22m 
[2m21:27:18[22m   [34mΓö£ΓöÇ[39m [2m/gpus/radeon/780m/radeon-780m/index.html[22m [2m(+12ms)[22m 
[2m21:27:18[22m   [34mΓö£ΓöÇ[39m [2m/gpus/geforce/rtx/geforce-rtx-5050/index.html[22m [2m(+29ms)[22m 
[2m21:27:18[22m   [34mΓö£ΓöÇ[39m [2m/gpus/geforce/rtx/geforce-rtx-5070/index.html[22m [2m(+8ms)[22m 
[2m21:27:18[22m   [34mΓö£ΓöÇ[39m [2m/gpus/geforce/rtx/geforce-rtx-5060-ti-16gb/index.html[22m [2m(+9ms)[22m 
[2m21:27:18[22m   [34mΓö£ΓöÇ[39m [2m/gpus/geforce/rtx/geforce-rtx-5060-ti/index.html[22m [2m(+9ms)[22m 
[2m21:27:18[22m   [34mΓö£ΓöÇ[39m [2m/gpus/geforce/rtx/geforce-rtx-4060/index.html[22m [2m(+12ms)[22m 
[2m21:27:18[22m   [34mΓö£ΓöÇ[39m [2m/gpus/geforce/rtx/geforce-rtx-5070-ti/index.html[22m [2m(+4ms)[22m 
[2m21:27:18[22m   [34mΓö£ΓöÇ[39m [2m/gpus/geforce/rtx/geforce-rtx-3060/index.html[22m [2m(+41ms)[22m 
[2m21:27:18[22m   [34mΓö£ΓöÇ[39m [2m/gpus/geforce/rtx/geforce-rtx-4090/index.html[22m [2m(+4ms)[22m 
[2m21:27:18[22m   [34mΓö£ΓöÇ[39m [2m/gpus/intel/arc/intel-arc-140t/index.html[22m [2m(+15ms)[22m 
[2m21:27:18[22m   [34mΓö£ΓöÇ[39m [2m/gpus/geforce/rtx/geforce-rtx-3080/index.html[22m [2m(+5ms)[22m 
[2m21:27:18[22m   [34mΓö£ΓöÇ[39m [2m/gpus/apple/m4/apple-m4-gpu-8-core/index.html[22m [2m(+8ms)[22m 
[2m21:27:18[22m   [34mΓö£ΓöÇ[39m [2m/gpus/apple/m4/apple-m4-gpu/index.html[22m [2m(+16ms)[22m 
[2m21:27:18[22m   [34mΓö£ΓöÇ[39m [2m/gpus/intel/arc/intel-arc-b580/index.html[22m [2m(+4ms)[22m 
[2m21:27:18[22m   [34mΓö£ΓöÇ[39m [2m/gpus/radeon/rx/radeon-rx-9070/index.html[22m [2m(+13ms)[22m 
[2m21:27:18[22m   [34mΓö£ΓöÇ[39m [2m/gpus/geforce/rtx/geforce-rtx-4050-mobile/index.html[22m [2m(+18ms)[22m 
[2m21:27:18[22m   [34mΓö£ΓöÇ[39m [2m/gpus/geforce/rtx/geforce-rtx-4080-mobile/index.html[22m [2m(+9ms)[22m 
[2m21:27:18[22m   [34mΓö£ΓöÇ[39m [2m/gpus/geforce/rtx/geforce-rtx-3080-ti/index.html[22m [2m(+8ms)[22m 
[2m21:27:18[22m   [34mΓö£ΓöÇ[39m [2m/gpus/geforce/rtx/geforce-rtx-3090/index.html[22m [2m(+469ms)[22m 
[2m21:27:18[22m   [34mΓö£ΓöÇ[39m [2m/gpus/geforce/rtx/geforce-rtx-3070/index.html[22m [2m(+3ms)[22m 
[2m21:27:18[22m   [34mΓö£ΓöÇ[39m [2m/gpus/radeon/840m/radeon-840m/index.html[22m [2m(+39ms)[22m 
[2m21:27:18[22m   [34mΓö£ΓöÇ[39m [2m/gpus/geforce/rtx/geforce-rtx-3050-mobile/index.html[22m [2m(+30ms)[22m 
[2m21:27:18[22m   [34mΓö£ΓöÇ[39m [2m/gpus/radeon/rx/radeon-rx-7700-xt/index.html[22m [2m(+5ms)[22m 
[2m21:27:18[22m   [34mΓö£ΓöÇ[39m [2m/gpus/apple/m4/apple-m4-max-gpu-40-core/index.html[22m [2m(+39ms)[22m 
[2m21:27:18[22m   [34mΓö£ΓöÇ[39m [2m/gpus/geforce/rtx/geforce-rtx-4070-super/index.html[22m [2m(+3ms)[22m 
[2m21:27:18[22m   [34mΓö£ΓöÇ[39m [2m/gpus/apple/m4/apple-m4-pro-gpu-20-core/index.html[22m [2m(+12ms)[22m 
[2m21:27:18[22m   [34mΓö£ΓöÇ[39m [2m/gpus/radeon/890m/radeon-890m/index.html[22m [2m(+15ms)[22m 
[2m21:27:18[22m   [34mΓö£ΓöÇ[39m [2m/gpus/radeon/8060s/radeon-8060s/index.html[22m [2m(+15ms)[22m 
[2m21:27:18[22m   [34mΓö£ΓöÇ[39m [2m/gpus/geforce/rtx/geforce-rtx-3060-ti/index.html[22m [2m(+6ms)[22m 
[2m21:27:18[22m   [34mΓö£ΓöÇ[39m [2m/gpus/intel/arc/intel-arc-130v/index.html[22m [2m(+15ms)[22m 
[2m21:27:18[22m   [34mΓö£ΓöÇ[39m [2m/gpus/geforce/rtx/geforce-rtx-4090-mobile/index.html[22m [2m(+10ms)[22m 
[2m21:27:18[22m   [34mΓö£ΓöÇ[39m [2m/gpus/geforce/rtx/geforce-rtx-3050/index.html[22m [2m(+6ms)[22m 
[2m21:27:18[22m   [34mΓö£ΓöÇ[39m [2m/gpus/radeon/680m/radeon-680m/index.html[22m [2m(+11ms)[22m 
[2m21:27:18[22m   [34mΓö£ΓöÇ[39m [2m/gpus/apple/m3/apple-m3-ultra-gpu-80-core/index.html[22m [2m(+11ms)[22m 
[2m21:27:18[22m   [34mΓö£ΓöÇ[39m [2m/gpus/intel/arc/intel-arc-130t/index.html[22m [2m(+6ms)[22m 
[2m21:27:18[22m   [34mΓö£ΓöÇ[39m [2m/gpus/radeon/8040s/radeon-8040s/index.html[22m [2m(+13ms)[22m 
[2m21:27:18[22m   [34mΓö£ΓöÇ[39m [2m/gpus/radeon/8050s/radeon-8050s/index.html[22m [2m(+9ms)[22m 
[2m21:27:18[22m   [34mΓö£ΓöÇ[39m [2m/gpus/adreno/x1-45/adreno-x1-45/index.html[22m [2m(+23ms)[22m 
[2m21:27:18[22m   [34mΓö£ΓöÇ[39m [2m/gpus/radeon/740m/radeon-740m/index.html[22m [2m(+8ms)[22m 
[2m21:27:19[22m   [34mΓö£ΓöÇ[39m [2m/gpus/apple/m2/apple-m2-gpu-8-core/index.html[22m [2m(+25ms)[22m 
[2m21:27:19[22m   [34mΓö£ΓöÇ[39m [2m/gpus/apple/m1/apple-m1-gpu/index.html[22m [2m(+10ms)[22m 
[2m21:27:19[22m   [34mΓö£ΓöÇ[39m [2m/gpus/adreno/x1-85/adreno-x1/index.html[22m [2m(+14ms)[22m 
[2m21:27:19[22m   [34mΓö£ΓöÇ[39m [2m/gpus/radeon/760m/radeon-760m/index.html[22m [2m(+9ms)[22m 
[2m21:27:19[22m   [34mΓö£ΓöÇ[39m [2m/gpus/radeon/880m/radeon-880m/index.html[22m [2m(+16ms)[22m 
[2m21:27:19[22m   [34mΓö£ΓöÇ[39m [2m/gpus/radeon/rx/radeon-rx-7800-xt/index.html[22m [2m(+20ms)[22m 
[2m21:27:19[22m   [34mΓö£ΓöÇ[39m [2m/gpus/geforce/rtx/geforce-rtx-4070/index.html[22m [2m(+3ms)[22m 
[2m21:27:19[22m   [34mΓö£ΓöÇ[39m [2m/gpus/geforce/rtx/geforce-rtx-4080/index.html[22m [2m(+22ms)[22m 
[2m21:27:19[22m   [34mΓö£ΓöÇ[39m [2m/gpus/geforce/rtx/geforce-rtx-4070-ti/index.html[22m [2m(+13ms)[22m 
[2m21:27:19[22m   [34mΓö£ΓöÇ[39m [2m/gpus/radeon/rx/radeon-rx-7900-xtx/index.html[22m [2m(+21ms)[22m 
[2m21:27:19[22m   [34mΓö£ΓöÇ[39m [2m/gpus/geforce/rtx/geforce-rtx-4080-super/index.html[22m [2m(+4ms)[22m 
[2m21:27:19[22m   [34mΓö£ΓöÇ[39m [2m/gpus/geforce/rtx/geforce-rtx-3070-mobile/index.html[22m [2m(+26ms)[22m 
[2m21:27:19[22m   [34mΓö£ΓöÇ[39m [2m/gpus/geforce/rtx/geforce-rtx-3080-mobile/index.html[22m [2m(+5ms)[22m 
[2m21:27:19[22m   [34mΓö£ΓöÇ[39m [2m/gpus/geforce/rtx/geforce-rtx-3080-ti-mobile/index.html[22m [2m(+20ms)[22m 
[2m21:27:19[22m   [34mΓö£ΓöÇ[39m [2m/gpus/intel/arc/intel-arc-b570/index.html[22m [2m(+4ms)[22m 
[2m21:27:19[22m   [34mΓö£ΓöÇ[39m [2m/gpus/radeon/rx/radeon-rx-7600/index.html[22m [2m(+13ms)[22m 
[2m21:27:19[22m   [34mΓö£ΓöÇ[39m [2m/gpus/intel/arc/intel-arc-a580/index.html[22m [2m(+22ms)[22m 
[2m21:27:19[22m   [34mΓö£ΓöÇ[39m [2m/gpus/geforce/rtx/geforce-rtx-4060-ti-16gb/index.html[22m [2m(+9ms)[22m 
[2m21:27:19[22m   [34mΓö£ΓöÇ[39m [2m/gpus/geforce/rtx/geforce-rtx-4060-ti-8gb/index.html[22m [2m(+6ms)[22m 
[2m21:27:19[22m   [34mΓö£ΓöÇ[39m [2m/gpus/intel/arc/intel-arc-a770/index.html[22m [2m(+11ms)[22m 
[2m21:27:19[22m   [34mΓö£ΓöÇ[39m [2m/gpus/apple/m4/apple-m4-ultra-gpu-80-core/index.html[22m [2m(+16ms)[22m 
[2m21:27:19[22m   [34mΓö£ΓöÇ[39m [2m/gpus/apple/m2/apple-m2-max-gpu-38-core/index.html[22m [2m(+153ms)[22m 
[2m21:27:19[22m   [34mΓö£ΓöÇ[39m [2m/gpus/apple/m3/apple-m3-gpu-10-core/index.html[22m [2m(+4ms)[22m 
[2m21:27:19[22m   [34mΓö£ΓöÇ[39m [2m/gpus/apple/m1/apple-m1-pro-gpu/index.html[22m [2m(+11ms)[22m 
[2m21:27:19[22m   [34mΓö£ΓöÇ[39m [2m/gpus/geforce/gtx/geforce-gtx-960/index.html[22m [2m(+6ms)[22m 
[2m21:27:19[22m   [34mΓö£ΓöÇ[39m [2m/gpus/geforce/gtx/geforce-gtx-1650/index.html[22m [2m(+21ms)[22m 
[2m21:27:19[22m   [34mΓö£ΓöÇ[39m [2m/gpus/geforce/gtx/geforce-gtx-1050/index.html[22m [2m(+6ms)[22m 
[2m21:27:19[22m   [34mΓö£ΓöÇ[39m [2m/gpus/geforce/gtx/geforce-gtx-970/index.html[22m [2m(+5ms)[22m 
[2m21:27:19[22m   [34mΓö£ΓöÇ[39m [2m/gpus/geforce/gtx/geforce-gtx-1060-6gb/index.html[22m [2m(+8ms)[22m 
[2m21:27:19[22m   [34mΓö£ΓöÇ[39m [2m/gpus/geforce/gtx/geforce-gtx-980-ti/index.html[22m [2m(+8ms)[22m 
[2m21:27:19[22m   [34mΓö£ΓöÇ[39m [2m/gpus/geforce/rtx/geforce-rtx-2060/index.html[22m [2m(+8ms)[22m 
[2m21:27:19[22m   [34mΓö£ΓöÇ[39m [2m/gpus/geforce/gtx/geforce-gtx-1660-super/index.html[22m [2m(+10ms)[22m 
[2m21:27:19[22m   [34mΓö£ΓöÇ[39m [2m/gpus/apple/m1/apple-m1-ultra-gpu-64-core/index.html[22m [2m(+16ms)[22m 
[2m21:27:19[22m   [34mΓö£ΓöÇ[39m [2m/gpus/apple/m4/apple-m4-max-gpu-32-core/index.html[22m [2m(+11ms)[22m 
[2m21:27:19[22m   [34mΓö£ΓöÇ[39m [2m/gpus/apple/m3/apple-m3-pro-gpu-18-core/index.html[22m [2m(+4ms)[22m 
[2m21:27:19[22m   [34mΓö£ΓöÇ[39m [2m/gpus/apple/m4/apple-m4-pro-gpu-16-core/index.html[22m [2m(+22ms)[22m 
[2m21:27:19[22m   [34mΓö£ΓöÇ[39m [2m/gpus/radeon/rx/radeon-rx-6500-xt/index.html[22m [2m(+7ms)[22m 
[2m21:27:19[22m   [34mΓö£ΓöÇ[39m [2m/gpus/geforce/gtx/geforce-gtx-1070/index.html[22m [2m(+19ms)[22m 
[2m21:27:19[22m   [34mΓö£ΓöÇ[39m [2m/gpus/geforce/gtx/geforce-gtx-1080-ti/index.html[22m [2m(+7ms)[22m 
[2m21:27:19[22m   [34mΓö£ΓöÇ[39m [2m/gpus/radeon/rx/radeon-rx-6600/index.html[22m [2m(+8ms)[22m 
[2m21:27:19[22m   [34mΓö£ΓöÇ[39m [2m/gpus/radeon/rx/radeon-rx-580/index.html[22m [2m(+8ms)[22m 
[2m21:27:19[22m   [34mΓö£ΓöÇ[39m [2m/gpus/radeon/rx/radeon-rx-7600-xt/index.html[22m [2m(+9ms)[22m 
[2m21:27:19[22m   [34mΓö£ΓöÇ[39m [2m/gpus/radeon/rx/radeon-rx-6800/index.html[22m [2m(+11ms)[22m 
[2m21:27:19[22m   [34mΓö£ΓöÇ[39m [2m/gpus/radeon/rx/radeon-rx-6800-xt/index.html[22m [2m(+16ms)[22m 
[2m21:27:19[22m   [34mΓö£ΓöÇ[39m [2m/gpus/radeon/rx/radeon-rx-5700-xt/index.html[22m [2m(+3ms)[22m 
[2m21:27:19[22m   [34mΓö£ΓöÇ[39m [2m/gpus/geforce/gtx/geforce-gtx-1660-ti/index.html[22m [2m(+4ms)[22m 
[2m21:27:19[22m   [34mΓö£ΓöÇ[39m [2m/gpus/geforce/gtx/geforce-gtx-1050-ti/index.html[22m [2m(+9ms)[22m 
[2m21:27:19[22m   [34mΓö£ΓöÇ[39m [2m/gpus/geforce/gtx/geforce-gtx-1660/index.html[22m [2m(+16ms)[22m 
[2m21:27:19[22m   [34mΓö£ΓöÇ[39m [2m/gpus/intel/arc/intel-arc-igpu-7-cores/index.html[22m [2m(+6ms)[22m 
[2m21:27:19[22m   [34mΓö£ΓöÇ[39m [2m/gpus/intel/arc/intel-arc-igpu-8-cores/index.html[22m [2m(+32ms)[22m 
[2m21:27:19[22m   [34mΓö£ΓöÇ[39m [2m/gpus/radeon/rx/radeon-rx-7900m/index.html[22m [2m(+3ms)[22m 
[2m21:27:19[22m   [34mΓö£ΓöÇ[39m [2m/gpus/radeon/rx/radeon-rx-7600m-xt/index.html[22m [2m(+7ms)[22m 
[2m21:27:19[22m   [34mΓö£ΓöÇ[39m [2m/gpus/radeon/rx/radeon-rx-6600m/index.html[22m [2m(+3ms)[22m 
[2m21:27:19[22m   [34mΓö£ΓöÇ[39m [2m/gpus/nvidia/rtx/nvidia-rtx-6000-ada/index.html[22m [2m(+17ms)[22m 
[2m21:27:19[22m   [34mΓö£ΓöÇ[39m [2m/gpus/nvidia/rtx/nvidia-rtx-5000-ada/index.html[22m [2m(+5ms)[22m 
[2m21:27:19[22m   [34mΓö£ΓöÇ[39m [2m/gpus/nvidia/rtx/nvidia-rtx-4500-ada/index.html[22m [2m(+7ms)[22m 
[2m21:27:19[22m   [34mΓö£ΓöÇ[39m [2m/gpus/nvidia/rtx/nvidia-rtx-4000-ada/index.html[22m [2m(+22ms)[22m 
[2m21:27:19[22m   [34mΓö£ΓöÇ[39m [2m/gpus/nvidia/rtx/nvidia-rtx-a4500-mobile/index.html[22m [2m(+5ms)[22m 
[2m21:27:19[22m   [34mΓö£ΓöÇ[39m [2m/gpus/nvidia/rtx/nvidia-rtx-a5000-mobile/index.html[22m [2m(+9ms)[22m 
[2m21:27:19[22m   [34mΓö£ΓöÇ[39m [2m/gpus/nvidia/rtx/nvidia-rtx-3500-mobile-ada/index.html[22m [2m(+5ms)[22m 
[2m21:27:19[22m   [34mΓö£ΓöÇ[39m [2m/gpus/nvidia/rtx/nvidia-rtx-2000-ada/index.html[22m [2m(+16ms)[22m 
[2m21:27:19[22m   [34mΓö£ΓöÇ[39m [2m/gpus/nvidia/rtx/nvidia-rtx-3000-mobile-ada/index.html[22m [2m(+3ms)[22m 
[2m21:27:19[22m   [34mΓö£ΓöÇ[39m [2m/gpus/radeon/rx/radeon-rx-6600-xt/index.html[22m [2m(+8ms)[22m 
[2m21:27:19[22m   [34mΓö£ΓöÇ[39m [2m/gpus/geforce/rtx/geforce-rtx-2060-super/index.html[22m [2m(+10ms)[22m 
[2m21:27:19[22m   [34mΓö£ΓöÇ[39m [2m/gpus/radeon/rx/radeon-rx-5600-xt/index.html[22m [2m(+21ms)[22m 
[2m21:27:19[22m   [34mΓö£ΓöÇ[39m [2m/gpus/radeon/rx/radeon-rx-6650-xt/index.html[22m [2m(+3ms)[22m 
[2m21:27:19[22m   [34mΓö£ΓöÇ[39m [2m/gpus/radeon/rx/radeon-rx-6950-xt/index.html[22m [2m(+17ms)[22m 
[2m21:27:19[22m   [34mΓö£ΓöÇ[39m [2m/gpus/radeon/rx/radeon-rx-6900-xt/index.html[22m [2m(+3ms)[22m 
[2m21:27:19[22m   [34mΓö£ΓöÇ[39m [2m/gpus/radeon/rx/radeon-rx-7900-xt/index.html[22m [2m(+7ms)[22m 
[2m21:27:19[22m   [34mΓö£ΓöÇ[39m [2m/gpus/radeon/rx/radeon-rx-7900-gre/index.html[22m [2m(+4ms)[22m 
[2m21:27:19[22m   [34mΓö£ΓöÇ[39m [2m/gpus/geforce/rtx/geforce-rtx-3070-ti/index.html[22m [2m(+11ms)[22m 
[2m21:27:19[22m   [34mΓö£ΓöÇ[39m [2m/gpus/radeon/rx/radeon-rx-6750-xt/index.html[22m [2m(+3ms)[22m 
[2m21:27:19[22m   [34mΓö£ΓöÇ[39m [2m/gpus/radeon/rx/radeon-rx-6700-xt/index.html[22m [2m(+4ms)[22m 
[2m21:27:19[22m   [34mΓö£ΓöÇ[39m [2m/gpus/geforce/rtx/geforce-rtx-4070-ti-super/index.html[22m [2m(+6ms)[22m 
[2m21:27:19[22m   [34mΓö£ΓöÇ[39m [2m/gpus/radeon/rx/radeon-rx-590/index.html[22m [2m(+21ms)[22m 
[2m21:27:19[22m   [34mΓö£ΓöÇ[39m [2m/gpus/radeon/rx/radeon-rx-570/index.html[22m [2m(+5ms)[22m 
[2m21:27:19[22m   [34mΓö£ΓöÇ[39m [2m/gpus/geforce/rtx/geforce-rtx-2070-super/index.html[22m [2m(+26ms)[22m 
[2m21:27:20[22m   [34mΓö£ΓöÇ[39m [2m/gpus/geforce/rtx/geforce-rtx-2070/index.html[22m [2m(+4ms)[22m 
[2m21:27:20[22m   [34mΓö£ΓöÇ[39m [2m/gpus/geforce/rtx/geforce-rtx-2080/index.html[22m [2m(+3ms)[22m 
[2m21:27:20[22m   [34mΓö£ΓöÇ[39m [2m/gpus/geforce/gtx/geforce-gtx-1080/index.html[22m [2m(+4ms)[22m 
[2m21:27:20[22m   [34mΓö£ΓöÇ[39m [2m/gpus/geforce/gtx/geforce-gtx-1650-super/index.html[22m [2m(+26ms)[22m 
[2m21:27:20[22m   [34mΓö£ΓöÇ[39m [2m/gpus/intel/arc/intel-arc-a380/index.html[22m [2m(+4ms)[22m 
[2m21:27:20[22m   [34mΓö£ΓöÇ[39m [2m/gpus/intel/iris/intel-iris-xe-graphics-g7-96eu/index.html[22m [2m(+28ms)[22m 
[2m21:27:20[22m   [34mΓö£ΓöÇ[39m [2m/gpus/intel/arc/intel-arc-a750/index.html[22m [2m(+35ms)[22m 
[2m21:27:20[22m   [34mΓö£ΓöÇ[39m [2m/gpus/geforce/rtx/geforce-rtx-3090-ti/index.html[22m [2m(+3ms)[22m 
[2m21:27:20[22m   [34mΓö£ΓöÇ[39m [2m/gpus/apple/m3/apple-m3-max-gpu-40-core/index.html[22m [2m(+26ms)[22m 
[2m21:27:20[22m   [34mΓö£ΓöÇ[39m [2m/gpus/geforce/rtx/geforce-rtx-2080-ti/index.html[22m [2m(+4ms)[22m 
[2m21:27:20[22m   [34mΓö£ΓöÇ[39m [2m/gpus/geforce/rtx/geforce-rtx-2080-super/index.html[22m [2m(+35ms)[22m 
[2m21:27:20[22m   [34mΓö£ΓöÇ[39m [2m/gpus/geforce/rtx/geforce-rtx-3060-mobile/index.html[22m [2m(+3ms)[22m 
[2m21:27:20[22m   [34mΓö£ΓöÇ[39m [2m/gpus/geforce/gtx/geforce-gtx-1070-ti/index.html[22m [2m(+17ms)[22m 
[2m21:27:20[22m   [34mΓö£ΓöÇ[39m [2m/gpus/radeon/660m/radeon-660m/index.html[22m [2m(+9ms)[22m 
[2m21:27:20[22m   [34mΓö£ΓöÇ[39m [2m/gpus/geforce/rtx/geforce-rtx-2050-mobile/index.html[22m [2m(+20ms)[22m 
[2m21:27:20[22m   [34mΓö£ΓöÇ[39m [2m/gpus/radeon/rx/radeon-vega-8/index.html[22m [2m(+3ms)[22m 
[2m21:27:20[22m   [34mΓö£ΓöÇ[39m [2m/gpus/geforce/mx570/geforce-mx570/index.html[22m [2m(+45ms)[22m 
[2m21:27:20[22m   [34mΓö£ΓöÇ[39m [2m/gpus/radeon/rx/radeon-rx-6500m/index.html[22m [2m(+96ms)[22m 
[2m21:27:20[22m   [34mΓö£ΓöÇ[39m [2m/gpus/radeon/rx/radeon-rx-5500m/index.html[22m [2m(+79ms)[22m 
[2m21:27:20[22m   [34mΓö£ΓöÇ[39m [2m/gpus/geforce/rtx/geforce-rtx-2080-mobile/index.html[22m [2m(+50ms)[22m 
[2m21:27:20[22m   [34mΓö£ΓöÇ[39m [2m/gpus/radeon/pro/radeon-pro-5300m/index.html[22m [2m(+8ms)[22m 
[2m21:27:20[22m   [34mΓö£ΓöÇ[39m [2m/gpus/apple/m2/apple-m2-pro-gpu-19-core/index.html[22m [2m(+12ms)[22m 
[2m21:27:20[22m   [34mΓö£ΓöÇ[39m [2m/gpus/geforce/gtx/geforce-gtx-1650-ti-mobile/index.html[22m [2m(+8ms)[22m 
[2m21:27:20[22m   [34mΓö£ΓöÇ[39m [2m/gpus/radeon/graphics/radeon-graphics-ryzen-7000/index.html[22m [2m(+193ms)[22m 
[2m21:27:20[22m   [34mΓö£ΓöÇ[39m [2m/gpus/intel/uhd/intel-uhd-graphics-g1/index.html[22m [2m(+16ms)[22m 
[2m21:27:20[22m   [34mΓö£ΓöÇ[39m [2m/gpus/intel/uhd/intel-uhd-graphics-620/index.html[22m [2m(+4ms)[22m 
[2m21:27:20[22m   [34mΓö£ΓöÇ[39m [2m/gpus/radeon/rx/radeon-vega-6/index.html[22m [2m(+15ms)[22m 
[2m21:27:20[22m   [34mΓö£ΓöÇ[39m [2m/gpus/radeon/610m/radeon-610m/index.html[22m [2m(+15ms)[22m 
[2m21:27:20[22m   [34mΓö£ΓöÇ[39m [2m/gpus/geforce/gtx/geforce-gtx-1650-mobile/index.html[22m [2m(+5ms)[22m 
[2m21:27:20[22m   [34mΓö£ΓöÇ[39m [2m/gpus/geforce/gtx/geforce-gtx-1080-mobile/index.html[22m [2m(+19ms)[22m 
[2m21:27:20[22m   [34mΓö£ΓöÇ[39m [2m/gpus/geforce/gtx/geforce-gtx-1070-mobile/index.html[22m [2m(+8ms)[22m 
[2m21:27:20[22m   [34mΓö£ΓöÇ[39m [2m/gpus/geforce/gtx/geforce-gtx-1050-ti-mobile/index.html[22m [2m(+13ms)[22m 
[2m21:27:20[22m   [34mΓö£ΓöÇ[39m [2m/gpus/geforce/gtx/geforce-gtx-1050-mobile/index.html[22m [2m(+4ms)[22m 
[2m21:27:20[22m   [34mΓö£ΓöÇ[39m [2m/gpus/radeon/rx/radeon-rx-6850m-xt/index.html[22m [2m(+7ms)[22m 
[2m21:27:20[22m   [34mΓö£ΓöÇ[39m [2m/gpus/radeon/rx/radeon-rx-7700s/index.html[22m [2m(+8ms)[22m 
[2m21:27:20[22m   [34mΓö£ΓöÇ[39m [2m/gpus/radeon/rx/radeon-rx-7600s/index.html[22m [2m(+20ms)[22m 
[2m21:27:20[22m   [34mΓö£ΓöÇ[39m [2m/gpus/intel/uhd/intel-uhd-graphics-630/index.html[22m [2m(+4ms)[22m 
[2m21:27:20[22m   [34mΓö£ΓöÇ[39m [2m/gpus/intel/uhd/intel-uhd-graphics-730/index.html[22m [2m(+14ms)[22m 
[2m21:27:20[22m   [34mΓö£ΓöÇ[39m [2m/gpus/intel/iris/intel-iris-plus-graphics-g7/index.html[22m [2m(+8ms)[22m 
[2m21:27:20[22m   [34mΓö£ΓöÇ[39m [2m/gpus/apple/m1/apple-m1-max-gpu-32-core/index.html[22m [2m(+66ms)[22m 
[2m21:27:20[22m   [34mΓö£ΓöÇ[39m [2m/gpus/nvidia/rtx/nvidia-rtx-a500-mobile/index.html[22m [2m(+4ms)[22m 
[2m21:27:20[22m   [34mΓö£ΓöÇ[39m [2m/gpus/radeon/rx/radeon-rx-vega-10/index.html[22m [2m(+20ms)[22m 
[2m21:27:20[22m   [34mΓö£ΓöÇ[39m [2m/gpus/nvidia/rtx/nvidia-rtx-a2000-mobile/index.html[22m [2m(+4ms)[22m 
[2m21:27:20[22m   [34mΓö£ΓöÇ[39m [2m/gpus/nvidia/rtx/nvidia-rtx-a1000-mobile/index.html[22m [2m(+11ms)[22m 
[2m21:27:20[22m   [34mΓö£ΓöÇ[39m [2m/gpus/nvidia/rtx/nvidia-rtx-1000-mobile-ada/index.html[22m [2m(+6ms)[22m 
[2m21:27:21[22m   [34mΓö£ΓöÇ[39m [2m/gpus/nvidia/rtx/nvidia-rtx-500-mobile-ada/index.html[22m [2m(+32ms)[22m 
[2m21:27:21[22m   [34mΓö£ΓöÇ[39m [2m/gpus/radeon/rx/radeon-rx-vega-7/index.html[22m [2m(+8ms)[22m 
[2m21:27:21[22m   [34mΓö£ΓöÇ[39m [2m/gpus/geforce/rtx/geforce-rtx-2070-mobile/index.html[22m [2m(+40ms)[22m 
[2m21:27:21[22m   [34mΓö£ΓöÇ[39m [2m/gpus/geforce/gtx/geforce-gtx-1660-ti-mobile/index.html[22m [2m(+11ms)[22m 
[2m21:27:21[22m   [34mΓö£ΓöÇ[39m [2m/gpus/intel/uhd/intel-uhd-graphics-xe-g4/index.html[22m [2m(+14ms)[22m 
[2m21:27:21[22m   [34mΓö£ΓöÇ[39m [2m/gpus/intel/iris/intel-iris-xe-graphics-g7-80eu/index.html[22m [2m(+5ms)[22m 
[2m21:27:21[22m   [34mΓö£ΓöÇ[39m [2m/gpus/intel/uhd/intel-uhd-graphics-64eu/index.html[22m [2m(+17ms)[22m 
[2m21:27:21[22m   [34mΓö£ΓöÇ[39m [2m/gpus/nvidia/rtx/nvidia-rtx-5000-mobile-ada/index.html[22m [2m(+4ms)[22m 
[2m21:27:21[22m   [34mΓö£ΓöÇ[39m [2m/gpus/intel/uhd/intel-uhd-graphics-32eu/index.html[22m [2m(+37ms)[22m 
[2m21:27:21[22m   [34mΓö£ΓöÇ[39m [2m/gpus/intel/uhd/intel-uhd-graphics-jasper-lake-32-eu/index.html[22m [2m(+4ms)[22m 
[2m21:27:21[22m   [34mΓö£ΓöÇ[39m [2m/gpus/geforce/rtx/geforce-rtx-2060-mobile/index.html[22m [2m(+79ms)[22m 
[2m21:27:21[22m   [34mΓö£ΓöÇ[39m [2m/gpus/geforce/rtx/geforce-rtx-3050-ti-mobile/index.html[22m [2m(+4ms)[22m 
[2m21:27:21[22m   [34mΓö£ΓöÇ[39m [2m/gpus/radeon/rx/radeon-rx-6800m/index.html[22m [2m(+15ms)[22m 
[2m21:27:21[22m   [34mΓö£ΓöÇ[39m [2m/gpus/intel/arc/intel-arc-3-a370m/index.html[22m [2m(+4ms)[22m 
[2m21:27:21[22m   [34mΓö£ΓöÇ[39m [2m/gpus/nvidia/t600/nvidia-t600-mobile/index.html[22m [2m(+12ms)[22m 
[2m21:27:21[22m   [34mΓö£ΓöÇ[39m [2m/gpus/nvidia/rtx/nvidia-rtx-2000-mobile-ada/index.html[22m [2m(+5ms)[22m 
[2m21:27:21[22m   [34mΓö£ΓöÇ[39m [2m/gpus/nvidia/rtx/nvidia-rtx-a3000-mobile/index.html[22m [2m(+4ms)[22m 
[2m21:27:21[22m   [34mΓö£ΓöÇ[39m [2m/gpus/radeon/rx/radeon-vega-3/index.html[22m [2m(+9ms)[22m 
[2m21:27:21[22m   [34mΓö£ΓöÇ[39m [2m/gpus/intel/arc/intel-arc-igpu-4-cores/index.html[22m [2m(+21ms)[22m 
[2m21:27:21[22m   [34mΓö£ΓöÇ[39m [2m/gpus/intel/uhd/intel-uhd-graphics-770/index.html[22m [2m(+3ms)[22m 
[2m21:27:21[22m   [34mΓö£ΓöÇ[39m [2m/gpus/intel/uhd/intel-uhd-graphics-jasper-lake-24-eu/index.html[22m [2m(+22ms)[22m 
[2m21:27:21[22m   [34mΓö£ΓöÇ[39m [2m/gpus/intel/uhd/intel-uhd-graphics-for-11th-gen-16-eu/index.html[22m [2m(+5ms)[22m 
[2m21:27:21[22m   [34mΓö£ΓöÇ[39m [2m/gpus/radeon/rx/radeon-rx-vega-11/index.html[22m [2m(+20ms)[22m 
[2m21:27:21[22m   [34mΓö£ΓöÇ[39m [2m/gpus/geforce/mx450/geforce-mx450/index.html[22m [2m(+16ms)[22m 
[2m21:27:21[22m   [34mΓö£ΓöÇ[39m [2m/gpus/intel/uhd/intel-uhd-graphics-750/index.html[22m [31m(+994ms)[39m 
[2m21:27:22[22m   [34mΓö£ΓöÇ[39m [2m/gpus/geforce/rtx/geforce-rtx-3070-ti-mobile/index.html[22m [2m(+123ms)[22m 
[2m21:27:22[22m   [34mΓö£ΓöÇ[39m [2m/gpus/geforce/mx550/geforce-mx550/index.html[22m [2m(+5ms)[22m 
[2m21:27:22[22m   [34mΓööΓöÇ[39m [2m/gpus/nvidia/rtx/nvidia-rtx-4000-mobile-ada/index.html[22m [2m(+18ms)[22m 
[2m21:27:22[22m [32mΓû╢[39m src/pages/gpus/[brand]/[series]/index.astro
[2m21:27:22[22m   [34mΓö£ΓöÇ[39m [2m/gpus/radeon/rx/index.html[22m [2m(+3ms)[22m 
[2m21:27:22[22m   [34mΓö£ΓöÇ[39m [2m/gpus/radeon/860m/index.html[22m [2m(+3ms)[22m 
[2m21:27:22[22m   [34mΓö£ΓöÇ[39m [2m/gpus/radeon/780m/index.html[22m [2m(+12ms)[22m 
[2m21:27:22[22m   [34mΓö£ΓöÇ[39m [2m/gpus/radeon/840m/index.html[22m [2m(+3ms)[22m 
[2m21:27:22[22m   [34mΓö£ΓöÇ[39m [2m/gpus/radeon/890m/index.html[22m [2m(+2ms)[22m 
[2m21:27:22[22m   [34mΓö£ΓöÇ[39m [2m/gpus/radeon/8060s/index.html[22m [2m(+2ms)[22m 
[2m21:27:22[22m   [34mΓö£ΓöÇ[39m [2m/gpus/radeon/680m/index.html[22m [2m(+7ms)[22m 
[2m21:27:22[22m   [34mΓö£ΓöÇ[39m [2m/gpus/radeon/8040s/index.html[22m [2m(+2ms)[22m 
[2m21:27:22[22m   [34mΓö£ΓöÇ[39m [2m/gpus/radeon/8050s/index.html[22m [2m(+2ms)[22m 
[2m21:27:22[22m   [34mΓö£ΓöÇ[39m [2m/gpus/radeon/740m/index.html[22m [2m(+3ms)[22m 
[2m21:27:22[22m   [34mΓö£ΓöÇ[39m [2m/gpus/radeon/760m/index.html[22m [2m(+6ms)[22m 
[2m21:27:22[22m   [34mΓö£ΓöÇ[39m [2m/gpus/radeon/880m/index.html[22m [2m(+3ms)[22m 
[2m21:27:22[22m   [34mΓö£ΓöÇ[39m [2m/gpus/radeon/660m/index.html[22m [2m(+4ms)[22m 
[2m21:27:22[22m   [34mΓö£ΓöÇ[39m [2m/gpus/radeon/pro/index.html[22m [2m(+4ms)[22m 
[2m21:27:22[22m   [34mΓö£ΓöÇ[39m [2m/gpus/radeon/graphics/index.html[22m [2m(+332ms)[22m 
[2m21:27:22[22m   [34mΓö£ΓöÇ[39m [2m/gpus/radeon/610m/index.html[22m [2m(+2ms)[22m 
[2m21:27:22[22m   [34mΓö£ΓöÇ[39m [2m/gpus/geforce/rtx/index.html[22m [2m(+4ms)[22m 
[2m21:27:22[22m   [34mΓö£ΓöÇ[39m [2m/gpus/geforce/gtx/index.html[22m [2m(+2ms)[22m 
[2m21:27:22[22m   [34mΓö£ΓöÇ[39m [2m/gpus/geforce/mx570/index.html[22m [2m(+133ms)[22m 
[2m21:27:23[22m   [34mΓö£ΓöÇ[39m [2m/gpus/geforce/mx450/index.html[22m [2m(+2ms)[22m 
[2m21:27:23[22m   [34mΓö£ΓöÇ[39m [2m/gpus/geforce/mx550/index.html[22m [2m(+2ms)[22m 
[2m21:27:23[22m   [34mΓö£ΓöÇ[39m [2m/gpus/intel/arc/index.html[22m [2m(+2ms)[22m 
[2m21:27:23[22m   [34mΓö£ΓöÇ[39m [2m/gpus/intel/iris/index.html[22m [2m(+18ms)[22m 
[2m21:27:23[22m   [34mΓö£ΓöÇ[39m [2m/gpus/intel/uhd/index.html[22m [2m(+3ms)[22m 
[2m21:27:23[22m   [34mΓö£ΓöÇ[39m [2m/gpus/apple/m4/index.html[22m [2m(+6ms)[22m 
[2m21:27:23[22m   [34mΓö£ΓöÇ[39m [2m/gpus/apple/m3/index.html[22m [2m(+4ms)[22m 
[2m21:27:23[22m   [34mΓö£ΓöÇ[39m [2m/gpus/apple/m2/index.html[22m [2m(+4ms)[22m 
[2m21:27:23[22m   [34mΓö£ΓöÇ[39m [2m/gpus/apple/m1/index.html[22m [2m(+8ms)[22m 
[2m21:27:23[22m   [34mΓö£ΓöÇ[39m [2m/gpus/adreno/x1-45/index.html[22m [2m(+4ms)[22m 
[2m21:27:23[22m   [34mΓö£ΓöÇ[39m [2m/gpus/adreno/x1-85/index.html[22m [2m(+3ms)[22m 
[2m21:27:23[22m   [34mΓö£ΓöÇ[39m [2m/gpus/nvidia/rtx/index.html[22m [2m(+4ms)[22m 
[2m21:27:23[22m   [34mΓööΓöÇ[39m [2m/gpus/nvidia/t600/index.html[22m [2m(+6ms)[22m 
[2m21:27:23[22m [32mΓû╢[39m src/pages/gpus/[brand]/index.astro
[2m21:27:23[22m   [34mΓö£ΓöÇ[39m [2m/gpus/radeon/index.html[22m [2m(+4ms)[22m 
[2m21:27:23[22m   [34mΓö£ΓöÇ[39m [2m/gpus/geforce/index.html[22m [2m(+6ms)[22m 
[2m21:27:23[22m   [34mΓö£ΓöÇ[39m [2m/gpus/intel/index.html[22m [2m(+53ms)[22m 
[2m21:27:23[22m   [34mΓö£ΓöÇ[39m [2m/gpus/apple/index.html[22m [2m(+3ms)[22m 
[2m21:27:23[22m   [34mΓö£ΓöÇ[39m [2m/gpus/adreno/index.html[22m [2m(+3ms)[22m 
[2m21:27:23[22m   [34mΓööΓöÇ[39m [2m/gpus/nvidia/index.html[22m [2m(+3ms)[22m 
[2m21:27:23[22m [32mΓû╢[39m src/pages/gpus/index.astro
[2m21:27:23[22m   [34mΓööΓöÇ[39m [2m/gpus/index.html[22m [2m(+16ms)[22m 
[2m21:27:23[22m [32mΓû╢[39m src/pages/laptop-brands/[brand]/[series]/[model].astro
[2m21:27:23[22m   [34mΓö£ΓöÇ[39m [2m/laptop-brands/lenovo/thinkpad/lenovo-thinkpad-p1-gen-8/index.html[22m [2m(+26ms)[22m 
[2m21:27:23[22m   [34mΓö£ΓöÇ[39m [2m/laptop-brands/lenovo/thinkpad/lenovo-thinkpad-p1-gen-7/index.html[22m [2m(+9ms)[22m 
[2m21:27:23[22m   [34mΓö£ΓöÇ[39m [2m/laptop-brands/hp/omnibook/hp-omnibook-x-flip-14/index.html[22m [2m(+26ms)[22m 
[2m21:27:23[22m   [34mΓö£ΓöÇ[39m [2m/laptop-brands/hp/omnibook/hp-omnibook-5-flip-14/index.html[22m [2m(+265ms)[22m 
[2m21:27:23[22m   [34mΓö£ΓöÇ[39m [2m/laptop-brands/apple/macbook/apple-macbook-air-m1-2020/index.html[22m [2m(+68ms)[22m 
[2m21:27:23[22m   [34mΓö£ΓöÇ[39m [2m/laptop-brands/apple/macbook/apple-macbook-air-13-m4-2025/index.html[22m [2m(+7ms)[22m 
[2m21:27:23[22m   [34mΓö£ΓöÇ[39m [2m/laptop-brands/samsung/galaxy/samsung-galaxy-book-5-pro-360-16/index.html[22m [2m(+60ms)[22m 
[2m21:27:23[22m   [34mΓö£ΓöÇ[39m [2m/laptop-brands/samsung/galaxy/samsung-galaxy-book-5-360/index.html[22m [2m(+31ms)[22m 
[2m21:27:23[22m   [34mΓö£ΓöÇ[39m [2m/laptop-brands/hp/omnibook/hp-omnibook-7-16/index.html[22m [2m(+18ms)[22m 
[2m21:27:23[22m   [34mΓö£ΓöÇ[39m [2m/laptop-brands/hp/omnibook/hp-omnibook-5-16/index.html[22m [2m(+58ms)[22m 
[2m21:27:23[22m   [34mΓö£ΓöÇ[39m [2m/laptop-brands/hp/elitebook/hp-elitebook-840-g11/index.html[22m [2m(+71ms)[22m 
[2m21:27:23[22m   [34mΓö£ΓöÇ[39m [2m/laptop-brands/hp/elitebook/hp-elitebook-8-g1i-14/index.html[22m [2m(+51ms)[22m 
[2m21:27:23[22m   [34mΓö£ΓöÇ[39m [2m/laptop-brands/dell/pro/dell-pro-16-plus/index.html[22m [2m(+107ms)[22m 
[2m21:27:24[22m   [34mΓö£ΓöÇ[39m [2m/laptop-brands/dell/16/dell-16-plus/index.html[22m [2m(+36ms)[22m 
[2m21:27:24[22m   [34mΓö£ΓöÇ[39m [2m/laptop-brands/lenovo/yoga/lenovo-yoga-7i-gen-8-14-intel/index.html[22m [2m(+17ms)[22m 
[2m21:27:24[22m   [34mΓö£ΓöÇ[39m [2m/laptop-brands/lenovo/yoga/lenovo-yoga-7-gen-8-14-amd/index.html[22m [2m(+7ms)[22m 
[2m21:27:24[22m   [34mΓö£ΓöÇ[39m [2m/laptop-brands/lenovo/legion/lenovo-legion-5-gen-10-2025/index.html[22m [2m(+33ms)[22m 
[2m21:27:24[22m   [34mΓö£ΓöÇ[39m [2m/laptop-brands/hp/omen/hp-omen-16-2025/index.html[22m [2m(+25ms)[22m 
[2m21:27:24[22m   [34mΓö£ΓöÇ[39m [2m/laptop-brands/samsung/galaxy/samsung-galaxy-book-5/index.html[22m [2m(+14ms)[22m 
[2m21:27:24[22m   [34mΓö£ΓöÇ[39m [2m/laptop-brands/samsung/galaxy/samsung-galaxy-book-4/index.html[22m [2m(+37ms)[22m 
[2m21:27:24[22m   [34mΓö£ΓöÇ[39m [2m/laptop-brands/lenovo/ideapad/lenovo-ideapad-slim-3x-15-gen-10/index.html[22m [2m(+10ms)[22m 
[2m21:27:24[22m   [34mΓö£ΓöÇ[39m [2m/laptop-brands/hp/omnibook/hp-omnibook-5-14/index.html[22m [2m(+31ms)[22m 
[2m21:27:24[22m   [34mΓö£ΓöÇ[39m [2m/laptop-brands/lenovo/thinkpad/lenovo-thinkpad-e16-gen-3/index.html[22m [2m(+14ms)[22m 
[2m21:27:24[22m   [34mΓö£ΓöÇ[39m [2m/laptop-brands/lenovo/thinkpad/lenovo-thinkpad-e16-gen-2/index.html[22m [2m(+29ms)[22m 
[2m21:27:24[22m   [34mΓö£ΓöÇ[39m [2m/laptop-brands/apple/macbook/apple-macbook-pro-14-m5-2025/index.html[22m [2m(+12ms)[22m 
[2m21:27:24[22m   [34mΓö£ΓöÇ[39m [2m/laptop-brands/apple/macbook/apple-macbook-pro-14-m4-2024/index.html[22m [2m(+31ms)[22m 
[2m21:27:24[22m   [34mΓö£ΓöÇ[39m [2m/laptop-brands/lenovo/ideapad/lenovo-ideapad-slim-5-16-gen-10/index.html[22m [2m(+11ms)[22m 
[2m21:27:24[22m   [34mΓö£ΓöÇ[39m [2m/laptop-brands/lenovo/thinkpad/lenovo-thinkpad-t14-gen-6/index.html[22m [2m(+36ms)[22m 
[2m21:27:24[22m   [34mΓö£ΓöÇ[39m [2m/laptop-brands/lenovo/thinkpad/lenovo-thinkpad-t14-gen-5/index.html[22m [2m(+14ms)[22m 
[2m21:27:24[22m   [34mΓö£ΓöÇ[39m [2m/laptop-brands/dell/14/dell-14-plus-2-in-1/index.html[22m [2m(+10ms)[22m 
[2m21:27:24[22m   [34mΓö£ΓöÇ[39m [2m/laptop-brands/acer/aspire/acer-aspire-go-15-ag15-31/index.html[22m [2m(+28ms)[22m 
[2m21:27:24[22m   [34mΓö£ΓöÇ[39m [2m/laptop-brands/acer/aspire/acer-aspire-3-a314-23/index.html[22m [2m(+28ms)[22m 
[2m21:27:24[22m   [34mΓö£ΓöÇ[39m [2m/laptop-brands/acer/predator/acer-predator-helios-neo-16s-ai/index.html[22m [2m(+20ms)[22m 
[2m21:27:24[22m   [34mΓö£ΓöÇ[39m [2m/laptop-brands/acer/predator/acer-predator-helios-neo-16-ai-2025/index.html[22m [2m(+20ms)[22m 
[2m21:27:24[22m   [34mΓö£ΓöÇ[39m [2m/laptop-brands/samsung/galaxy/samsung-galaxy-book-5-pro-14/index.html[22m [2m(+67ms)[22m 
[2m21:27:24[22m   [34mΓö£ΓöÇ[39m [2m/laptop-brands/asus/zenbook/asus-zenbook-14-oled-ux3405/index.html[22m [2m(+41ms)[22m 
[2m21:27:24[22m   [34mΓö£ΓöÇ[39m [2m/laptop-brands/asus/zenbook/asus-vivobook-s-14-ux5406/index.html[22m [2m(+16ms)[22m 
[2m21:27:24[22m   [34mΓö£ΓöÇ[39m [2m/laptop-brands/dell/alienware/dell-alienware-16-aurora/index.html[22m [2m(+18ms)[22m 
[2m21:27:24[22m   [34mΓö£ΓöÇ[39m [2m/laptop-brands/dell/alienware/dell-alienware-16-area-51/index.html[22m [2m(+18ms)[22m 
[2m21:27:24[22m   [34mΓö£ΓöÇ[39m [2m/laptop-brands/dell/pro/dell-pro-14-plus/index.html[22m [2m(+34ms)[22m 
[2m21:27:24[22m   [34mΓö£ΓöÇ[39m [2m/laptop-brands/dell/pro/dell-pro-14/index.html[22m [2m(+16ms)[22m 
[2m21:27:24[22m   [34mΓö£ΓöÇ[39m [2m/laptop-brands/hp/elitebook/hp-elitebook-8-g1i-16/index.html[22m [2m(+124ms)[22m 
[2m21:27:24[22m   [34mΓö£ΓöÇ[39m [2m/laptop-brands/hp/elitebook/hp-elitebook-6-g1i-16/index.html[22m [2m(+9ms)[22m 
[2m21:27:24[22m   [34mΓö£ΓöÇ[39m [2m/laptop-brands/lenovo/thinkpad/lenovo-thinkpad-x9-gen-1-aura-edition/index.html[22m [2m(+19ms)[22m 
[2m21:27:24[22m   [34mΓö£ΓöÇ[39m [2m/laptop-brands/lenovo/thinkpad/lenovo-thinkpad-x1-carbon-gen-13-aura-edition-14-intel/index.html[22m [2m(+9ms)[22m 
[2m21:27:24[22m   [34mΓö£ΓöÇ[39m [2m/laptop-brands/dell/14/dell-14-plus/index.html[22m [2m(+102ms)[22m 
[2m21:27:25[22m   [34mΓö£ΓöÇ[39m [2m/laptop-brands/asus/tuf/asus-tuf-gaming-f16-2025/index.html[22m [2m(+7ms)[22m 
[2m21:27:25[22m   [34mΓö£ΓöÇ[39m [2m/laptop-brands/dell/pro/dell-pro-max-14/index.html[22m [2m(+17ms)[22m 
[2m21:27:25[22m   [34mΓö£ΓöÇ[39m [2m/laptop-brands/dell/pro/dell-pro-14-premium/index.html[22m [2m(+9ms)[22m 
[2m21:27:25[22m   [34mΓö£ΓöÇ[39m [2m/laptop-brands/dell/pro/dell-pro-16/index.html[22m [2m(+161ms)[22m 
[2m21:27:25[22m   [34mΓö£ΓöÇ[39m [2m/laptop-brands/dell/16/dell-16/index.html[22m [2m(+9ms)[22m 
[2m21:27:25[22m   [34mΓö£ΓöÇ[39m [2m/laptop-brands/dell/15/dell-15/index.html[22m [2m(+18ms)[22m 
[2m21:27:25[22m   [34mΓö£ΓöÇ[39m [2m/laptop-brands/lenovo/thinkpad/lenovo-thinkpad-t1g-gen-8/index.html[22m [2m(+61ms)[22m 
[2m21:27:25[22m   [34mΓö£ΓöÇ[39m [2m/laptop-brands/lenovo/legion/lenovo-legion-5i-gen-10-2025/index.html[22m [2m(+11ms)[22m 
[2m21:27:25[22m   [34mΓö£ΓöÇ[39m [2m/laptop-brands/hp/probook/hp-probook-4-g1q/index.html[22m [2m(+34ms)[22m 
[2m21:27:25[22m   [34mΓö£ΓöÇ[39m [2m/laptop-brands/hp/omnibook/hp-omnibook-7-14/index.html[22m [2m(+44ms)[22m 
[2m21:27:25[22m   [34mΓö£ΓöÇ[39m [2m/laptop-brands/hp/omnibook/hp-omnibook-x-17-3/index.html[22m [2m(+99ms)[22m 
[2m21:27:25[22m   [34mΓö£ΓöÇ[39m [2m/laptop-brands/hp/omnibook/hp-omnibook-7-17-3/index.html[22m [2m(+10ms)[22m 
[2m21:27:25[22m   [34mΓö£ΓöÇ[39m [2m/laptop-brands/dell/pro/dell-pro-max-16-plus/index.html[22m [2m(+111ms)[22m 
[2m21:27:25[22m   [34mΓö£ΓöÇ[39m [2m/laptop-brands/dell/precision/dell-precision-7680/index.html[22m [2m(+111ms)[22m 
[2m21:27:25[22m   [34mΓö£ΓöÇ[39m [2m/laptop-brands/apple/macbook/apple-macbook-air-15-m4-2025/index.html[22m [2m(+90ms)[22m 
[2m21:27:25[22m   [34mΓö£ΓöÇ[39m [2m/laptop-brands/lenovo/thinkpad/lenovo-thinkpad-p14s-gen-6/index.html[22m [2m(+64ms)[22m 
[2m21:27:25[22m   [34mΓö£ΓöÇ[39m [2m/laptop-brands/lenovo/thinkpad/lenovo-thinkpad-p14s-gen-5/index.html[22m [2m(+18ms)[22m 
[2m21:27:25[22m   [34mΓö£ΓöÇ[39m [2m/laptop-brands/lenovo/thinkpad/lenovo-thinkpad-p16s-gen-3/index.html[22m [2m(+49ms)[22m 
[2m21:27:25[22m   [34mΓö£ΓöÇ[39m [2m/laptop-brands/lenovo/thinkpad/lenovo-thinkpad-p16/index.html[22m [2m(+7ms)[22m 
[2m21:27:25[22m   [34mΓö£ΓöÇ[39m [2m/laptop-brands/hp/pavilion/hp-pavilion-14-2023/index.html[22m [2m(+10ms)[22m 
[2m21:27:25[22m   [34mΓö£ΓöÇ[39m [2m/laptop-brands/lenovo/loq/lenovo-loq-15irx10/index.html[22m [2m(+57ms)[22m 
[2m21:27:26[22m   [34mΓö£ΓöÇ[39m [2m/laptop-brands/hp/victus/hp-victus-15-2025/index.html[22m [2m(+5ms)[22m 
[2m21:27:26[22m   [34mΓö£ΓöÇ[39m [2m/laptop-brands/lenovo/yoga/lenovo-yoga-7-gen-10-14/index.html[22m [2m(+78ms)[22m 
[2m21:27:26[22m   [34mΓö£ΓöÇ[39m [2m/laptop-brands/lenovo/thinkpad/lenovo-thinkpad-t14-gen-2-intel/index.html[22m [2m(+7ms)[22m 
[2m21:27:26[22m   [34mΓö£ΓöÇ[39m [2m/laptop-brands/lenovo/thinkpad/lenovo-thinkpad-l14-gen-2/index.html[22m [2m(+15ms)[22m 
[2m21:27:26[22m   [34mΓö£ΓöÇ[39m [2m/laptop-brands/lenovo/yoga/lenovo-yoga-7i-gen-10-14/index.html[22m [2m(+19ms)[22m 
[2m21:27:26[22m   [34mΓö£ΓöÇ[39m [2m/laptop-brands/microsoft/surface/microsoft-surface-pro-11/index.html[22m [2m(+72ms)[22m 
[2m21:27:26[22m   [34mΓö£ΓöÇ[39m [2m/laptop-brands/asus/tuf/asus-tuf-gaming-a16-fa608/index.html[22m [2m(+104ms)[22m 
[2m21:27:26[22m   [34mΓö£ΓöÇ[39m [2m/laptop-brands/hp/omnibook/hp-omnibook-x/index.html[22m [2m(+4ms)[22m 
[2m21:27:26[22m   [34mΓö£ΓöÇ[39m [2m/laptop-brands/asus/zenbook/asus-zenbook-14-oled-um3406/index.html[22m [2m(+21ms)[22m 
[2m21:27:26[22m   [34mΓö£ΓöÇ[39m [2m/laptop-brands/microsoft/surface/microsoft-surface-laptop-7-13-8/index.html[22m [2m(+9ms)[22m 
[2m21:27:26[22m   [34mΓö£ΓöÇ[39m [2m/laptop-brands/asus/zenbook/asus-zenbook-14-oled-q425/index.html[22m [2m(+90ms)[22m 
[2m21:27:26[22m   [34mΓö£ΓöÇ[39m [2m/laptop-brands/hp/elitebook/hp-elitebook-ultra-14/index.html[22m [2m(+6ms)[22m 
[2m21:27:26[22m   [34mΓö£ΓöÇ[39m [2m/laptop-brands/lenovo/yoga/lenovo-yoga-7i-gen-9-14-intel/index.html[22m [2m(+121ms)[22m 
[2m21:27:26[22m   [34mΓö£ΓöÇ[39m [2m/laptop-brands/hp/omnibook/hp-omnibook-x-flip-16/index.html[22m [2m(+12ms)[22m 
[2m21:27:26[22m   [34mΓö£ΓöÇ[39m [2m/laptop-brands/dell/16/dell-16-plus-2-in-1/index.html[22m [2m(+22ms)[22m 
[2m21:27:26[22m   [34mΓö£ΓöÇ[39m [2m/laptop-brands/hp/omnibook/hp-omnibook-ultra-flip-14/index.html[22m [2m(+5ms)[22m 
[2m21:27:26[22m   [34mΓö£ΓöÇ[39m [2m/laptop-brands/dell/pro/dell-pro-max-16/index.html[22m [2m(+13ms)[22m 
[2m21:27:26[22m   [34mΓö£ΓöÇ[39m [2m/laptop-brands/dell/16/dell-16-premium/index.html[22m [2m(+10ms)[22m 
[2m21:27:26[22m   [34mΓö£ΓöÇ[39m [2m/laptop-brands/samsung/galaxy/samsung-galaxy-book-4-edge-16/index.html[22m [2m(+124ms)[22m 
[2m21:27:26[22m   [34mΓö£ΓöÇ[39m [2m/laptop-brands/microsoft/surface/microsoft-surface-laptop-13/index.html[22m [2m(+5ms)[22m 
[2m21:27:26[22m   [34mΓö£ΓöÇ[39m [2m/laptop-brands/lenovo/thinkpad/lenovo-thinkpad-t16-gen-2/index.html[22m [2m(+55ms)[22m 
[2m21:27:26[22m   [34mΓö£ΓöÇ[39m [2m/laptop-brands/msi/vector/msi-vector-16-hx-ai-2025-a2xw/index.html[22m [2m(+96ms)[22m 
[2m21:27:26[22m   [34mΓö£ΓöÇ[39m [2m/laptop-brands/lenovo/legion/lenovo-legion-pro-5i-gen-10-16iax10-2025/index.html[22m [2m(+12ms)[22m 
[2m21:27:26[22m   [34mΓö£ΓöÇ[39m [2m/laptop-brands/dell/latitude/dell-latitude-7420/index.html[22m [2m(+55ms)[22m 
[2m21:27:27[22m   [34mΓö£ΓöÇ[39m [2m/laptop-brands/dell/latitude/dell-latitude-5420/index.html[22m [2m(+35ms)[22m 
[2m21:27:27[22m   [34mΓö£ΓöÇ[39m [2m/laptop-brands/dell/alienware/dell-alienware-16x-aurora/index.html[22m [2m(+6ms)[22m 
[2m21:27:27[22m   [34mΓö£ΓöÇ[39m [2m/laptop-brands/lenovo/legion/lenovo-legion-7i-gen-10-16iax10-2025/index.html[22m [2m(+13ms)[22m 
[2m21:27:27[22m   [34mΓö£ΓöÇ[39m [2m/laptop-brands/asus/rog/asus-rog-zephyrus-g14-2025-gu605/index.html[22m [2m(+5ms)[22m 
[2m21:27:27[22m   [34mΓö£ΓöÇ[39m [2m/laptop-brands/lenovo/yoga/lenovo-yoga-7i-gen-10-16/index.html[22m [2m(+147ms)[22m 
[2m21:27:27[22m   [34mΓö£ΓöÇ[39m [2m/laptop-brands/asus/v16/asus-v16-v3607/index.html[22m [2m(+88ms)[22m 
[2m21:27:27[22m   [34mΓö£ΓöÇ[39m [2m/laptop-brands/lenovo/yoga/lenovo-yoga-book-9i-14-2025/index.html[22m [2m(+6ms)[22m 
[2m21:27:27[22m   [34mΓö£ΓöÇ[39m [2m/laptop-brands/lenovo/thinkpad/lenovo-thinkpad-x9-gen-1-aura-edition-15/index.html[22m [2m(+11ms)[22m 
[2m21:27:27[22m   [34mΓö£ΓöÇ[39m [2m/laptop-brands/asus/zenbook/asus-zenbook-s-16-um5606/index.html[22m [2m(+8ms)[22m 
[2m21:27:27[22m   [34mΓö£ΓöÇ[39m [2m/laptop-brands/lenovo/thinkpad/lenovo-thinkpad-e14-gen-7/index.html[22m [2m(+45ms)[22m 
[2m21:27:27[22m   [34mΓö£ΓöÇ[39m [2m/laptop-brands/lenovo/thinkpad/lenovo-thinkpad-t14-gen-4/index.html[22m [2m(+9ms)[22m 
[2m21:27:27[22m   [34mΓö£ΓöÇ[39m [2m/laptop-brands/lenovo/thinkpad/lenovo-thinkpad-p14s-gen-4/index.html[22m [2m(+66ms)[22m 
[2m21:27:27[22m   [34mΓö£ΓöÇ[39m [2m/laptop-brands/dell/xps/dell-xps-13-9350-2024/index.html[22m [2m(+45ms)[22m 
[2m21:27:27[22m   [34mΓö£ΓöÇ[39m [2m/laptop-brands/lenovo/yoga/lenovo-yoga-slim-7x/index.html[22m [2m(+19ms)[22m 
[2m21:27:27[22m   [34mΓö£ΓöÇ[39m [2m/laptop-brands/lenovo/thinkpad/lenovo-thinkpad-e16/index.html[22m [2m(+11ms)[22m 
[2m21:27:27[22m   [34mΓö£ΓöÇ[39m [2m/laptop-brands/asus/rog/asus-rog-strix-g16-2025-g615/index.html[22m [2m(+38ms)[22m 
[2m21:27:27[22m   [34mΓö£ΓöÇ[39m [2m/laptop-brands/lenovo/ideapad/lenovo-ideapad-5-2-in-1-gen-10-14-14akp10/index.html[22m [2m(+10ms)[22m 
[2m21:27:27[22m   [34mΓö£ΓöÇ[39m [2m/laptop-brands/dell/pro/dell-pro-13-plus/index.html[22m [2m(+20ms)[22m 
[2m21:27:27[22m   [34mΓö£ΓöÇ[39m [2m/laptop-brands/lenovo/ideapad/lenovo-ideapad-pro-5-16-gen-10-16-2025/index.html[22m [2m(+14ms)[22m 
[2m21:27:27[22m   [34mΓö£ΓöÇ[39m [2m/laptop-brands/acer/swift/acer-swift-go-16-sfg16-61/index.html[22m [2m(+42ms)[22m 
[2m21:27:27[22m   [34mΓö£ΓöÇ[39m [2m/laptop-brands/lenovo/ideapad/lenovo-ideapad-pro-5i-16-gen-10-16-2025/index.html[22m [2m(+47ms)[22m 
[2m21:27:27[22m   [34mΓö£ΓöÇ[39m [2m/laptop-brands/acer/nitro/acer-nitro-v-16-ai-anv16-72/index.html[22m [2m(+11ms)[22m 
[2m21:27:27[22m   [34mΓö£ΓöÇ[39m [2m/laptop-brands/gigabyte/a16/gigabyte-a16/index.html[22m [2m(+21ms)[22m 
[2m21:27:27[22m   [34mΓö£ΓöÇ[39m [2m/laptop-brands/gigabyte/aero/gigabyte-aero-x16-2025/index.html[22m [2m(+32ms)[22m 
[2m21:27:27[22m   [34mΓö£ΓöÇ[39m [2m/laptop-brands/hp/omen/hp-omen-slim-16-2025/index.html[22m [2m(+17ms)[22m 
[2m21:27:27[22m   [34mΓö£ΓöÇ[39m [2m/laptop-brands/acer/nitro/acer-nitro-v-16-anv16-71/index.html[22m [2m(+13ms)[22m 
[2m21:27:27[22m   [34mΓö£ΓöÇ[39m [2m/laptop-brands/acer/nitro/acer-nitro-v-16-ai-anv16-42/index.html[22m [2m(+9ms)[22m 
[2m21:27:27[22m   [34mΓö£ΓöÇ[39m [2m/laptop-brands/lenovo/thinkpad/lenovo-thinkpad-p16-gen-3/index.html[22m [2m(+11ms)[22m 
[2m21:27:27[22m   [34mΓö£ΓöÇ[39m [2m/laptop-brands/hp/zbook/hp-zbook-fury-g1i-16/index.html[22m [2m(+39ms)[22m 
[2m21:27:27[22m   [34mΓö£ΓöÇ[39m [2m/laptop-brands/dell/pro/dell-pro-max-16-premium/index.html[22m [2m(+7ms)[22m 
[2m21:27:27[22m   [34mΓö£ΓöÇ[39m [2m/laptop-brands/apple/macbook/apple-macbook-pro-16-2024/index.html[22m [2m(+137ms)[22m 
[2m21:27:28[22m   [34mΓö£ΓöÇ[39m [2m/laptop-brands/apple/macbook/apple-macbook-pro-16-m4-2024/index.html[22m [2m(+6ms)[22m 
[2m21:27:28[22m   [34mΓö£ΓöÇ[39m [2m/laptop-brands/lenovo/thinkpad/lenovo-thinkpad-p16s-gen-4-intel/index.html[22m [2m(+19ms)[22m 
[2m21:27:28[22m   [34mΓö£ΓöÇ[39m [2m/laptop-brands/lenovo/thinkpad/lenovo-thinkpad-p16v-gen-3/index.html[22m [2m(+6ms)[22m 
[2m21:27:28[22m   [34mΓö£ΓöÇ[39m [2m/laptop-brands/dell/pro/dell-pro-max-14-premium/index.html[22m [2m(+29ms)[22m 
[2m21:27:28[22m   [34mΓö£ΓöÇ[39m [2m/laptop-brands/lenovo/thinkpad/lenovo-thinkpad-t14s-gen-6-amd/index.html[22m [2m(+7ms)[22m 
[2m21:27:28[22m   [34mΓö£ΓöÇ[39m [2m/laptop-brands/dell/xps/dell-xps-14-9440-2024/index.html[22m [2m(+54ms)[22m 
[2m21:27:28[22m   [34mΓö£ΓöÇ[39m [2m/laptop-brands/dell/xps/dell-xps-16-9640-2024/index.html[22m [2m(+7ms)[22m 
[2m21:27:28[22m   [34mΓö£ΓöÇ[39m [2m/laptop-brands/acer/swift/acer-swift-air-16-sfa16-61/index.html[22m [2m(+18ms)[22m 
[2m21:27:28[22m   [34mΓö£ΓöÇ[39m [2m/laptop-brands/acer/swift/acer-swift-16-ai-sf16-51t/index.html[22m [2m(+11ms)[22m 
[2m21:27:28[22m   [34mΓö£ΓöÇ[39m [2m/laptop-brands/razer/blade/razer-blade-16-2025/index.html[22m [2m(+22ms)[22m 
[2m21:27:28[22m   [34mΓö£ΓöÇ[39m [2m/laptop-brands/lenovo/legion/lenovo-legion-pro-7-gen-10-16afr10h-2025/index.html[22m [2m(+29ms)[22m 
[2m21:27:28[22m   [34mΓö£ΓöÇ[39m [2m/laptop-brands/asus/rog/asus-rog-strix-scar-16-2025-g635/index.html[22m [2m(+6ms)[22m 
[2m21:27:28[22m   [34mΓö£ΓöÇ[39m [2m/laptop-brands/acer/predator/acer-predator-helios-16-ai-2025/index.html[22m [2m(+23ms)[22m 
[2m21:27:28[22m   [34mΓö£ΓöÇ[39m [2m/laptop-brands/asus/rog/asus-rog-zephyrus-g16-2024-ga605/index.html[22m [2m(+7ms)[22m 
[2m21:27:28[22m   [34mΓö£ΓöÇ[39m [2m/laptop-brands/lenovo/legion/lenovo-legion-pro-7i-gen-10-16iax10h-2025/index.html[22m [2m(+16ms)[22m 
[2m21:27:28[22m   [34mΓö£ΓöÇ[39m [2m/laptop-brands/lenovo/loq/lenovo-loq-15irx11/index.html[22m [2m(+5ms)[22m 
[2m21:27:28[22m   [34mΓö£ΓöÇ[39m [2m/laptop-brands/acer/nitro/acer-nitro-v-15-anv15-52/index.html[22m [2m(+18ms)[22m 
[2m21:27:28[22m   [34mΓö£ΓöÇ[39m [2m/laptop-brands/acer/swift/acer-swift-go-16-sfg16-72/index.html[22m [2m(+7ms)[22m 
[2m21:27:28[22m   [34mΓö£ΓöÇ[39m [2m/laptop-brands/acer/swift/acer-swift-go-14-sfg14-73/index.html[22m [2m(+39ms)[22m 
[2m21:27:28[22m   [34mΓö£ΓöÇ[39m [2m/laptop-brands/acer/swift/acer-swift-go-14-ai-oled-sfg14-75/index.html[22m [2m(+43ms)[22m 
[2m21:27:28[22m   [34mΓö£ΓöÇ[39m [2m/laptop-brands/lenovo/thinkpad/lenovo-thinkpad-l13-2-in-1-gen-5/index.html[22m [2m(+25ms)[22m 
[2m21:27:28[22m   [34mΓö£ΓöÇ[39m [2m/laptop-brands/lenovo/300w/lenovo-300w-2-in-1-gen-5/index.html[22m [2m(+48ms)[22m 
[2m21:27:28[22m   [34mΓö£ΓöÇ[39m [2m/laptop-brands/framework/laptop/framework-laptop-12/index.html[22m [2m(+46ms)[22m 
[2m21:27:28[22m   [34mΓö£ΓöÇ[39m [2m/laptop-brands/lenovo/13w/lenovo-13w-yoga-gen-2-13-intel/index.html[22m [2m(+5ms)[22m 
[2m21:27:28[22m   [34mΓö£ΓöÇ[39m [2m/laptop-brands/dell/pro/dell-pro-max-18-plus/index.html[22m [2m(+143ms)[22m 
[2m21:27:28[22m   [34mΓö£ΓöÇ[39m [2m/laptop-brands/hp/zbook/hp-zbook-fury-g1i-18/index.html[22m [2m(+6ms)[22m 
[2m21:27:28[22m   [34mΓö£ΓöÇ[39m [2m/laptop-brands/samsung/galaxy/samsung-galaxy-book-4-edge-15/index.html[22m [2m(+15ms)[22m 
[2m21:27:28[22m   [34mΓö£ΓöÇ[39m [2m/laptop-brands/hp/250/hp-250-g10/index.html[22m [2m(+100ms)[22m 
[2m21:27:28[22m   [34mΓö£ΓöÇ[39m [2m/laptop-brands/acer/aspire/acer-aspire-lite-al15-41/index.html[22m [2m(+11ms)[22m 
[2m21:27:28[22m   [34mΓö£ΓöÇ[39m [2m/laptop-brands/acer/aspire/acer-aspire-go-15-ag15-71/index.html[22m [2m(+40ms)[22m 
[2m21:27:28[22m   [34mΓö£ΓöÇ[39m [2m/laptop-brands/lg/gram/lg-gram-book-15-6/index.html[22m [2m(+71ms)[22m 
[2m21:27:28[22m   [34mΓö£ΓöÇ[39m [2m/laptop-brands/acer/aspire/acer-aspire-3-a325-42/index.html[22m [2m(+8ms)[22m 
[2m21:27:28[22m   [34mΓö£ΓöÇ[39m [2m/laptop-brands/lenovo/ideapad/lenovo-ideapad-slim-3i-15-gen-10/index.html[22m [2m(+38ms)[22m 
[2m21:27:28[22m   [34mΓö£ΓöÇ[39m [2m/laptop-brands/acer/aspire/acer-aspire-go-15-ag15-32/index.html[22m [2m(+18ms)[22m 
[2m21:27:28[22m   [34mΓö£ΓöÇ[39m [2m/laptop-brands/lg/gram/lg-gram-16-2025/index.html[22m [2m(+108ms)[22m 
[2m21:27:29[22m   [34mΓö£ΓöÇ[39m [2m/laptop-brands/asus/zenbook/asus-zenbook-s-16-ux5606/index.html[22m [2m(+82ms)[22m 
[2m21:27:29[22m   [34mΓö£ΓöÇ[39m [2m/laptop-brands/samsung/galaxy/samsung-galaxy-book-5-pro-16/index.html[22m [2m(+64ms)[22m 
[2m21:27:29[22m   [34mΓö£ΓöÇ[39m [2m/laptop-brands/lg/gram/lg-gram-16-2024/index.html[22m [2m(+20ms)[22m 
[2m21:27:29[22m   [34mΓö£ΓöÇ[39m [2m/laptop-brands/lg/gram/lg-gram-17-2025/index.html[22m [2m(+36ms)[22m 
[2m21:27:29[22m   [34mΓö£ΓöÇ[39m [2m/laptop-brands/lg/gram/lg-gram-17-2024/index.html[22m [2m(+7ms)[22m 
[2m21:27:29[22m   [34mΓö£ΓöÇ[39m [2m/laptop-brands/msi/cyborg/msi-cyborg-15-2025/index.html[22m [2m(+21ms)[22m 
[2m21:27:29[22m   [34mΓö£ΓöÇ[39m [2m/laptop-brands/lenovo/loq/lenovo-loq-15arp9/index.html[22m [2m(+8ms)[22m 
[2m21:27:29[22m   [34mΓö£ΓöÇ[39m [2m/laptop-brands/msi/cyborg/msi-cyborg-15-ai-2024/index.html[22m [2m(+50ms)[22m 
[2m21:27:29[22m   [34mΓö£ΓöÇ[39m [2m/laptop-brands/msi/cyborg/msi-cyborg-17/index.html[22m [2m(+4ms)[22m 
[2m21:27:29[22m   [34mΓö£ΓöÇ[39m [2m/laptop-brands/gigabyte/a16/gigabyte-a16-pro/index.html[22m [2m(+61ms)[22m 
[2m21:27:29[22m   [34mΓö£ΓöÇ[39m [2m/laptop-brands/gigabyte/aorus/gigabyte-aorus-17-2024/index.html[22m [2m(+33ms)[22m 
[2m21:27:29[22m   [34mΓö£ΓöÇ[39m [2m/laptop-brands/acer/nitro/acer-nitro-17-amd-an17-42/index.html[22m [2m(+4ms)[22m 
[2m21:27:29[22m   [34mΓö£ΓöÇ[39m [2m/laptop-brands/lenovo/loq/lenovo-loq-17irx10/index.html[22m [2m(+103ms)[22m 
[2m21:27:29[22m   [34mΓö£ΓöÇ[39m [2m/laptop-brands/hp/omen/hp-omen-17-2025/index.html[22m [2m(+12ms)[22m 
[2m21:27:29[22m   [34mΓö£ΓöÇ[39m [2m/laptop-brands/msi/cyborg/msi-cyborg-a15-ai/index.html[22m [2m(+138ms)[22m 
[2m21:27:29[22m   [34mΓö£ΓöÇ[39m [2m/laptop-brands/acer/nitro/acer-nitro-lite-16/index.html[22m [2m(+116ms)[22m 
[2m21:27:29[22m   [34mΓö£ΓöÇ[39m [2m/laptop-brands/lenovo/loq/lenovo-loq-15iax9/index.html[22m [2m(+16ms)[22m 
[2m21:27:29[22m   [34mΓö£ΓöÇ[39m [2m/laptop-brands/msi/cyborg/msi-cyborg-a17-ai/index.html[22m [2m(+10ms)[22m 
[2m21:27:29[22m   [34mΓö£ΓöÇ[39m [2m/laptop-brands/acer/nitro/acer-nitro-17-an17-72/index.html[22m [2m(+23ms)[22m 
[2m21:27:29[22m   [34mΓö£ΓöÇ[39m [2m/laptop-brands/lenovo/thinkpad/lenovo-thinkpad-l14-gen-6/index.html[22m [2m(+8ms)[22m 
[2m21:27:29[22m   [34mΓö£ΓöÇ[39m [2m/laptop-brands/asus/vivobook/asus-vivobook-s14-s3407q/index.html[22m [2m(+107ms)[22m 
[2m21:27:29[22m   [34mΓö£ΓöÇ[39m [2m/laptop-brands/hp/probook/hp-probook-4-g1i-14/index.html[22m [2m(+5ms)[22m 
[2m21:27:30[22m   [34mΓö£ΓöÇ[39m [2m/laptop-brands/lenovo/thinkpad/lenovo-thinkpad-l14-gen-5/index.html[22m [2m(+6ms)[22m 
[2m21:27:30[22m   [34mΓö£ΓöÇ[39m [2m/laptop-brands/lenovo/thinkpad/lenovo-thinkpad-p16v-gen-2/index.html[22m [2m(+65ms)[22m 
[2m21:27:30[22m   [34mΓö£ΓöÇ[39m [2m/laptop-brands/lenovo/thinkpad/lenovo-thinkpad-p14s-gen-6-intel/index.html[22m [2m(+56ms)[22m 
[2m21:27:30[22m   [34mΓö£ΓöÇ[39m [2m/laptop-brands/hp/zbook/hp-zbook-8-g1i-14/index.html[22m [2m(+5ms)[22m 
[2m21:27:30[22m   [34mΓö£ΓöÇ[39m [2m/laptop-brands/dell/14/dell-14-premium/index.html[22m [2m(+34ms)[22m 
[2m21:27:30[22m   [34mΓö£ΓöÇ[39m [2m/laptop-brands/asus/expertbook/asus-expertbook-b5-b5405/index.html[22m [2m(+12ms)[22m 
[2m21:27:30[22m   [34mΓö£ΓöÇ[39m [2m/laptop-brands/hp/omen/hp-omen-transcend-14-2025/index.html[22m [2m(+5ms)[22m 
[2m21:27:30[22m   [34mΓö£ΓöÇ[39m [2m/laptop-brands/hp/omen/hp-omen-transcend-14/index.html[22m [2m(+27ms)[22m 
[2m21:27:30[22m   [34mΓö£ΓöÇ[39m [2m/laptop-brands/asus/rog/asus-rog-zephyrus-g14-2025-ga403/index.html[22m [2m(+17ms)[22m 
[2m21:27:30[22m   [34mΓö£ΓöÇ[39m [2m/laptop-brands/razer/blade/razer-blade-14-2025/index.html[22m [2m(+11ms)[22m 
[2m21:27:30[22m   [34mΓö£ΓöÇ[39m [2m/laptop-brands/acer/predator/acer-predator-triton-14-pt14-52/index.html[22m [2m(+7ms)[22m 
[2m21:27:30[22m   [34mΓö£ΓöÇ[39m [2m/laptop-brands/acer/predator/acer-predator-helios-neo-14-ai-phn14-71/index.html[22m [2m(+48ms)[22m 
[2m21:27:30[22m   [34mΓö£ΓöÇ[39m [2m/laptop-brands/hp/omnibook/hp-omnibook-ultra-14/index.html[22m [2m(+6ms)[22m 
[2m21:27:30[22m   [34mΓö£ΓöÇ[39m [2m/laptop-brands/dell/pro/dell-pro-13-premium/index.html[22m [2m(+12ms)[22m 
[2m21:27:30[22m   [34mΓö£ΓöÇ[39m [2m/laptop-brands/lenovo/ideapad/lenovo-ideapad-slim-5-14-gen-10/index.html[22m [2m(+6ms)[22m 
[2m21:27:30[22m   [34mΓö£ΓöÇ[39m [2m/laptop-brands/dell/latitude/dell-latitude-3550/index.html[22m [2m(+25ms)[22m 
[2m21:27:30[22m   [34mΓö£ΓöÇ[39m [2m/laptop-brands/hp/laptop/hp-laptop-15/index.html[22m [2m(+5ms)[22m 
[2m21:27:30[22m   [34mΓö£ΓöÇ[39m [2m/laptop-brands/acer/aspire/acer-aspire-go-14-ag14-21/index.html[22m [2m(+29ms)[22m 
[2m21:27:30[22m   [34mΓö£ΓöÇ[39m [2m/laptop-brands/lenovo/thinkbook/lenovo-thinkbook-16p-gen-6/index.html[22m [2m(+66ms)[22m 
[2m21:27:30[22m   [34mΓö£ΓöÇ[39m [2m/laptop-brands/hp/zbook/hp-zbook-x-g1i-16/index.html[22m [2m(+6ms)[22m 
[2m21:27:30[22m   [34mΓö£ΓöÇ[39m [2m/laptop-brands/hp/elitebook/hp-elitebook-x-g1i-14/index.html[22m [2m(+18ms)[22m 
[2m21:27:30[22m   [34mΓö£ΓöÇ[39m [2m/laptop-brands/lg/gram/lg-gram-pro-17/index.html[22m [2m(+6ms)[22m 
[2m21:27:30[22m   [34mΓö£ΓöÇ[39m [2m/laptop-brands/hp/zbook/hp-zbook-fury-16-g11/index.html[22m [2m(+29ms)[22m 
[2m21:27:30[22m   [34mΓö£ΓöÇ[39m [2m/laptop-brands/asus/proart/asus-proart-p16-h7606/index.html[22m [2m(+9ms)[22m 
[2m21:27:30[22m   [34mΓö£ΓöÇ[39m [2m/laptop-brands/msi/creatorpro/msi-creatorpro-16-ai-studio/index.html[22m [2m(+16ms)[22m 
[2m21:27:30[22m   [34mΓö£ΓöÇ[39m [2m/laptop-brands/lenovo/legion/lenovo-legion-pro-5-gen-10-adr10-2025/index.html[22m [2m(+147ms)[22m 
[2m21:27:30[22m   [34mΓö£ΓöÇ[39m [2m/laptop-brands/hp/omen/hp-omen-17-2024/index.html[22m [2m(+20ms)[22m 
[2m21:27:30[22m   [34mΓö£ΓöÇ[39m [2m/laptop-brands/asus/vivobook/asus-vivobook-s14-m3407/index.html[22m [2m(+101ms)[22m 
[2m21:27:30[22m   [34mΓö£ΓöÇ[39m [2m/laptop-brands/asus/vivobook/asus-vivobook-14-x1407/index.html[22m [2m(+6ms)[22m 
[2m21:27:30[22m   [34mΓö£ΓöÇ[39m [2m/laptop-brands/asus/expertbook/asus-expertbook-b5-b5605/index.html[22m [2m(+12ms)[22m 
[2m21:27:30[22m   [34mΓö£ΓöÇ[39m [2m/laptop-brands/lenovo/thinkpad/lenovo-thinkpad-l16-gen-2/index.html[22m [2m(+7ms)[22m 
[2m21:27:30[22m   [34mΓö£ΓöÇ[39m [2m/laptop-brands/apple/macbook/apple-macbook-pro-14-2023/index.html[22m [2m(+12ms)[22m 
[2m21:27:30[22m   [34mΓö£ΓöÇ[39m [2m/laptop-brands/lenovo/yoga/lenovo-yoga-slim-7-gen-10-14/index.html[22m [2m(+5ms)[22m 
[2m21:27:30[22m   [34mΓö£ΓöÇ[39m [2m/laptop-brands/asus/expertbook/asus-expertbook-b3-b3405/index.html[22m [2m(+17ms)[22m 
[2m21:27:30[22m   [34mΓö£ΓöÇ[39m [2m/laptop-brands/acer/travelmate/acer-travelmate-p2-tmp215-55/index.html[22m [2m(+10ms)[22m 
[2m21:27:30[22m   [34mΓö£ΓöÇ[39m [2m/laptop-brands/acer/aspire/acer-aspire-15-a15-51/index.html[22m [2m(+14ms)[22m 
[2m21:27:30[22m   [34mΓö£ΓöÇ[39m [2m/laptop-brands/acer/aspire/acer-aspire-7-a715-76g/index.html[22m [2m(+6ms)[22m 
[2m21:27:30[22m   [34mΓö£ΓöÇ[39m [2m/laptop-brands/lenovo/loq/lenovo-loq-essential-gen-9-15-intel/index.html[22m [2m(+11ms)[22m 
[2m21:27:30[22m   [34mΓö£ΓöÇ[39m [2m/laptop-brands/acer/travelmate/acer-travelmate-p4-spin-14-tmp414rn-55/index.html[22m [2m(+6ms)[22m 
[2m21:27:30[22m   [34mΓö£ΓöÇ[39m [2m/laptop-brands/acer/aspire/acer-aspire-spin-14-asp14-51/index.html[22m [2m(+22ms)[22m 
[2m21:27:30[22m   [34mΓö£ΓöÇ[39m [2m/laptop-brands/lenovo/thinkbook/lenovo-thinkbook-14-2-in-1-gen-5/index.html[22m [2m(+7ms)[22m 
[2m21:27:30[22m   [34mΓö£ΓöÇ[39m [2m/laptop-brands/dell/pro/dell-pro-14-2-in-1/index.html[22m [2m(+20ms)[22m 
[2m21:27:30[22m   [34mΓö£ΓöÇ[39m [2m/laptop-brands/acer/travelmate/acer-travelmate-p6-14-ai-tmp614-54/index.html[22m [2m(+10ms)[22m 
[2m21:27:30[22m   [34mΓö£ΓöÇ[39m [2m/laptop-brands/hp/elitebook/hp-elitebook-8-g1a-14/index.html[22m [2m(+14ms)[22m 
[2m21:27:30[22m   [34mΓö£ΓöÇ[39m [2m/laptop-brands/acer/nitro/acer-nitro-v-17-ai-anv17-41/index.html[22m [2m(+5ms)[22m 
[2m21:27:30[22m   [34mΓö£ΓöÇ[39m [2m/laptop-brands/acer/nitro/acer-nitro-v-16s-ai-anv16s-61/index.html[22m [2m(+22ms)[22m 
[2m21:27:31[22m   [34mΓö£ΓöÇ[39m [2m/laptop-brands/lenovo/thinkpad/lenovo-thinkpad-x13-gen-6/index.html[22m [2m(+7ms)[22m 
[2m21:27:31[22m   [34mΓö£ΓöÇ[39m [2m/laptop-brands/hp/elitebook/hp-elitebook-6-g1i-13/index.html[22m [2m(+7ms)[22m 
[2m21:27:31[22m   [34mΓö£ΓöÇ[39m [2m/laptop-brands/acer/swift/acer-swift-go-14-ai/index.html[22m [2m(+11ms)[22m 
[2m21:27:31[22m   [34mΓö£ΓöÇ[39m [2m/laptop-brands/dell/pro/dell-pro-13-2-in-1/index.html[22m [2m(+18ms)[22m 
[2m21:27:31[22m   [34mΓö£ΓöÇ[39m [2m/laptop-brands/lenovo/ideapad/lenovo-ideapad-5i-2-in-1-gen-10-14-14ial10/index.html[22m [2m(+9ms)[22m 
[2m21:27:31[22m   [34mΓö£ΓöÇ[39m [2m/laptop-brands/asus/zenbook/asus-zenbook-a14-ux3407/index.html[22m [2m(+24ms)[22m 
[2m21:27:31[22m   [34mΓö£ΓöÇ[39m [2m/laptop-brands/lenovo/yoga/lenovo-yoga-pro-9i-aura-edition-16-gen-10/index.html[22m [2m(+10ms)[22m 
[2m21:27:31[22m   [34mΓö£ΓöÇ[39m [2m/laptop-brands/apple/macbook/apple-macbook-pro-14-2024/index.html[22m [2m(+58ms)[22m 
[2m21:27:31[22m   [34mΓö£ΓöÇ[39m [2m/laptop-brands/dell/inspiron/dell-inspiron-16-5640/index.html[22m [2m(+21ms)[22m 
[2m21:27:31[22m   [34mΓö£ΓöÇ[39m [2m/laptop-brands/asus/vivobook/asus-vivobook-s16-s3607q/index.html[22m [2m(+5ms)[22m 
[2m21:27:31[22m   [34mΓö£ΓöÇ[39m [2m/laptop-brands/lenovo/thinkbook/lenovo-thinkbook-16-gen-8/index.html[22m [2m(+20ms)[22m 
[2m21:27:31[22m   [34mΓö£ΓöÇ[39m [2m/laptop-brands/xiaomi/redmi/xiaomi-redmi-book-16-2025/index.html[22m [2m(+24ms)[22m 
[2m21:27:31[22m   [34mΓö£ΓöÇ[39m [2m/laptop-brands/lg/gram/lg-gram-15-2024/index.html[22m [2m(+33ms)[22m 
[2m21:27:31[22m   [34mΓö£ΓöÇ[39m [2m/laptop-brands/msi/modern/msi-modern-15-h-ai-c1m-2024/index.html[22m [2m(+17ms)[22m 
[2m21:27:31[22m   [34mΓö£ΓöÇ[39m [2m/laptop-brands/hp/omnibook/hp-omnibook-3-15-6/index.html[22m [2m(+6ms)[22m 
[2m21:27:31[22m   [34mΓö£ΓöÇ[39m [2m/laptop-brands/lenovo/thinkbook/lenovo-thinkbook-16p-gen-5/index.html[22m [2m(+15ms)[22m 
[2m21:27:31[22m   [34mΓö£ΓöÇ[39m [2m/laptop-brands/acer/predator/acer-predator-helios-neo-14-phn14-51/index.html[22m [2m(+9ms)[22m 
[2m21:27:31[22m   [34mΓö£ΓöÇ[39m [2m/laptop-brands/acer/nitro/acer-nitro-16s-ai-an16s-61/index.html[22m [2m(+9ms)[22m 
[2m21:27:31[22m   [34mΓö£ΓöÇ[39m [2m/laptop-brands/acer/nitro/acer-nitro-14-amd-an14-41/index.html[22m [2m(+5ms)[22m 
[2m21:27:31[22m   [34mΓö£ΓöÇ[39m [2m/laptop-brands/msi/crosshair/msi-crosshair-18-hx-ai-2025/index.html[22m [2m(+11ms)[22m 
[2m21:27:31[22m   [34mΓö£ΓöÇ[39m [2m/laptop-brands/acer/predator/acer-predator-helios-18/index.html[22m [2m(+7ms)[22m 
[2m21:27:31[22m   [34mΓö£ΓöÇ[39m [2m/laptop-brands/acer/predator/acer-predator-helios-18-ai-2025/index.html[22m [2m(+10ms)[22m 
[2m21:27:31[22m   [34mΓö£ΓöÇ[39m [2m/laptop-brands/acer/predator/acer-predator-helios-neo-18-ai-2025/index.html[22m [2m(+16ms)[22m 
[2m21:27:31[22m   [34mΓö£ΓöÇ[39m [2m/laptop-brands/acer/nitro/acer-nitro-18-ai-an18-61/index.html[22m [2m(+9ms)[22m 
[2m21:27:31[22m   [34mΓö£ΓöÇ[39m [2m/laptop-brands/msi/crosshair/msi-crosshair-17-hx-2024/index.html[22m [2m(+32ms)[22m 
[2m21:27:31[22m   [34mΓö£ΓöÇ[39m [2m/laptop-brands/dell/alienware/dell-alienware-m18/index.html[22m [2m(+6ms)[22m 
[2m21:27:31[22m   [34mΓö£ΓöÇ[39m [2m/laptop-brands/asus/rog/asus-rog-strix-g18-2025-g815/index.html[22m [2m(+15ms)[22m 
[2m21:27:31[22m   [34mΓö£ΓöÇ[39m [2m/laptop-brands/gigabyte/a18/gigabyte-a18/index.html[22m [2m(+5ms)[22m 
[2m21:27:31[22m   [34mΓö£ΓöÇ[39m [2m/laptop-brands/acer/nitro/acer-nitro-16-an16-42/index.html[22m [2m(+37ms)[22m 
[2m21:27:31[22m   [34mΓö£ΓöÇ[39m [2m/laptop-brands/hp/pavilion/hp-pavilion-16/index.html[22m [2m(+6ms)[22m 
[2m21:27:31[22m   [34mΓö£ΓöÇ[39m [2m/laptop-brands/asus/vivobook/asus-vivobook-16-x1607qa/index.html[22m [2m(+29ms)[22m 
[2m21:27:31[22m   [34mΓö£ΓöÇ[39m [2m/laptop-brands/xiaomi/redmi/xiaomi-redmi-book-pro-16-2025/index.html[22m [2m(+7ms)[22m 
[2m21:27:31[22m   [34mΓö£ΓöÇ[39m [2m/laptop-brands/xiaomi/redmi/xiaomi-redmi-book-14-2025/index.html[22m [2m(+10ms)[22m 
[2m21:27:31[22m   [34mΓö£ΓöÇ[39m [2m/laptop-brands/lenovo/ideapad/lenovo-ideapad-slim-3i-14-gen-10/index.html[22m [2m(+13ms)[22m 
[2m21:27:31[22m   [34mΓö£ΓöÇ[39m [2m/laptop-brands/hp/omnibook/hp-omnibook-7-aero-13-3/index.html[22m [2m(+15ms)[22m 
[2m21:27:31[22m   [34mΓö£ΓöÇ[39m [2m/laptop-brands/apple/macbook/apple-macbook-air-13-m3-2024/index.html[22m [2m(+5ms)[22m 
[2m21:27:31[22m   [34mΓö£ΓöÇ[39m [2m/laptop-brands/xiaomi/redmi/xiaomi-redmi-book-pro-14-2025/index.html[22m [2m(+14ms)[22m 
[2m21:27:31[22m   [34mΓö£ΓöÇ[39m [2m/laptop-brands/lenovo/thinkpad/lenovo-thinkpad-t16-gen-4/index.html[22m [2m(+10ms)[22m 
[2m21:27:31[22m   [34mΓö£ΓöÇ[39m [2m/laptop-brands/framework/laptop/framework-laptop-16/index.html[22m [2m(+100ms)[22m 
[2m21:27:31[22m   [34mΓö£ΓöÇ[39m [2m/laptop-brands/samsung/galaxy/samsung-galaxy-book-4-pro-16/index.html[22m [2m(+7ms)[22m 
[2m21:27:31[22m   [34mΓö£ΓöÇ[39m [2m/laptop-brands/gigabyte/g6x/gigabyte-g6x-2024/index.html[22m [2m(+32ms)[22m 
[2m21:27:31[22m   [34mΓö£ΓöÇ[39m [2m/laptop-brands/hp/omen/hp-omen-16-slim/index.html[22m [2m(+37ms)[22m 
[2m21:27:31[22m   [34mΓö£ΓöÇ[39m [2m/laptop-brands/gigabyte/aorus/gigabyte-aorus-elite-16-2025/index.html[22m [2m(+6ms)[22m 
[2m21:27:31[22m   [34mΓö£ΓöÇ[39m [2m/laptop-brands/msi/stealth/msi-stealth-a16-ai/index.html[22m [2m(+16ms)[22m 
[2m21:27:31[22m   [34mΓö£ΓöÇ[39m [2m/laptop-brands/hp/omen/hp-omen-max-16/index.html[22m [2m(+7ms)[22m 
[2m21:27:31[22m   [34mΓö£ΓöÇ[39m [2m/laptop-brands/gigabyte/aorus/gigabyte-aorus-master-16-2025/index.html[22m [2m(+37ms)[22m 
[2m21:27:31[22m   [34mΓö£ΓöÇ[39m [2m/laptop-brands/acer/aspire/acer-aspire-3-a324-53/index.html[22m [2m(+6ms)[22m 
[2m21:27:31[22m   [34mΓö£ΓöÇ[39m [2m/laptop-brands/asus/vivobook/asus-vivobook-15-f1504-x1504/index.html[22m [2m(+25ms)[22m 
[2m21:27:31[22m   [34mΓö£ΓöÇ[39m [2m/laptop-brands/acer/aspire/acer-aspire-15-a15-41/index.html[22m [2m(+5ms)[22m 
[2m21:27:31[22m   [34mΓö£ΓöÇ[39m [2m/laptop-brands/msi/katana/msi-katana-15-2025/index.html[22m [2m(+35ms)[22m 
[2m21:27:31[22m   [34mΓö£ΓöÇ[39m [2m/laptop-brands/msi/katana/msi-katana-a15-ai-2024/index.html[22m [2m(+14ms)[22m 
[2m21:27:31[22m   [34mΓö£ΓöÇ[39m [2m/laptop-brands/hp/probook/hp-probook-460-g11/index.html[22m [2m(+9ms)[22m 
[2m21:27:31[22m   [34mΓö£ΓöÇ[39m [2m/laptop-brands/honor/magicbook/honor-magicbook-x-16-2024/index.html[22m [2m(+12ms)[22m 
[2m21:27:31[22m   [34mΓö£ΓöÇ[39m [2m/laptop-brands/lenovo/thinkbook/lenovo-thinkbook-14-gen-8/index.html[22m [2m(+12ms)[22m 
[2m21:27:31[22m   [34mΓö£ΓöÇ[39m [2m/laptop-brands/lenovo/thinkbook/lenovo-thinkbook-16-gen-7-qoy-snapdragon/index.html[22m [2m(+10ms)[22m 
[2m21:27:31[22m   [34mΓö£ΓöÇ[39m [2m/laptop-brands/lenovo/yoga/lenovo-yoga-slim-7i-aura-edition-14-intel/index.html[22m [2m(+97ms)[22m 
[2m21:27:32[22m   [34mΓö£ΓöÇ[39m [2m/laptop-brands/lenovo/yoga/lenovo-yoga-slim-7i-aura-edition-15-intel/index.html[22m [2m(+5ms)[22m 
[2m21:27:32[22m   [34mΓö£ΓöÇ[39m [2m/laptop-brands/asus/vivobook/asus-vivobook-14-x1407qa/index.html[22m [2m(+16ms)[22m 
[2m21:27:32[22m   [34mΓö£ΓöÇ[39m [2m/laptop-brands/dell/inspiron/dell-inspiron-14-5441/index.html[22m [2m(+6ms)[22m 
[2m21:27:32[22m   [34mΓö£ΓöÇ[39m [2m/laptop-brands/lenovo/ideapad/lenovo-ideapad-slim-3i-15-gen-9/index.html[22m [2m(+41ms)[22m 
[2m21:27:32[22m   [34mΓö£ΓöÇ[39m [2m/laptop-brands/lenovo/ideapad/lenovo-ideapad-slim-5x-2-in-1-14-gen-10/index.html[22m [2m(+4ms)[22m 
[2m21:27:32[22m   [34mΓö£ΓöÇ[39m [2m/laptop-brands/lenovo/yoga/lenovo-yoga-pro-7-14-gen-10/index.html[22m [2m(+30ms)[22m 
[2m21:27:32[22m   [34mΓö£ΓöÇ[39m [2m/laptop-brands/lenovo/yoga/lenovo-yoga-slim-9i-14-gen-10-intel/index.html[22m [2m(+5ms)[22m 
[2m21:27:32[22m   [34mΓö£ΓöÇ[39m [2m/laptop-brands/lenovo/yoga/lenovo-yoga-pro-7i-aura-edition-14-gen-10/index.html[22m [2m(+122ms)[22m 
[2m21:27:32[22m   [34mΓö£ΓöÇ[39m [2m/laptop-brands/hp/elitebook/hp-elitebook-6-g1a-14/index.html[22m [2m(+9ms)[22m 
[2m21:27:32[22m   [34mΓö£ΓöÇ[39m [2m/laptop-brands/hp/elitebook/hp-elitebook-8-g1a-16/index.html[22m [2m(+33ms)[22m 
[2m21:27:32[22m   [34mΓö£ΓöÇ[39m [2m/laptop-brands/lenovo/ideapad/lenovo-ideapad-pro-5i-gen-9-16-2023/index.html[22m [2m(+11ms)[22m 
[2m21:27:32[22m   [34mΓö£ΓöÇ[39m [2m/laptop-brands/acer/aspire/acer-aspire-14-ai-a14-52/index.html[22m [2m(+17ms)[22m 
[2m21:27:32[22m   [34mΓö£ΓöÇ[39m [2m/laptop-brands/lenovo/ideapad/lenovo-ideapad-pro-5i-14-gen-10-14-2025/index.html[22m [2m(+5ms)[22m 
[2m21:27:32[22m   [34mΓö£ΓöÇ[39m [2m/laptop-brands/hp/omnibook/hp-omnibook-3-14/index.html[22m [2m(+39ms)[22m 
[2m21:27:32[22m   [34mΓö£ΓöÇ[39m [2m/laptop-brands/lenovo/thinkpad/lenovo-thinkpad-e14-gen-6/index.html[22m [2m(+6ms)[22m 
[2m21:27:32[22m   [34mΓö£ΓöÇ[39m [2m/laptop-brands/lenovo/legion/lenovo-legion-7i-gen-9-16irx9-2024/index.html[22m [2m(+19ms)[22m 
[2m21:27:32[22m   [34mΓö£ΓöÇ[39m [2m/laptop-brands/gigabyte/g5/gigabyte-g5-2024/index.html[22m [2m(+5ms)[22m 
[2m21:27:32[22m   [34mΓö£ΓöÇ[39m [2m/laptop-brands/hp/victus/hp-victus-15-2024/index.html[22m [2m(+13ms)[22m 
[2m21:27:32[22m   [34mΓö£ΓöÇ[39m [2m/laptop-brands/acer/aspire/acer-aspire-7-a715-79g/index.html[22m [2m(+5ms)[22m 
[2m21:27:32[22m   [34mΓö£ΓöÇ[39m [2m/laptop-brands/lenovo/loq/lenovo-loq-15ahp10/index.html[22m [2m(+8ms)[22m 
[2m21:27:32[22m   [34mΓö£ΓöÇ[39m [2m/laptop-brands/lenovo/loq/lenovo-loq-15ahp9/index.html[22m [2m(+4ms)[22m 
[2m21:27:32[22m   [34mΓö£ΓöÇ[39m [2m/laptop-brands/acer/nitro/acer-nitro-v-15-amd-anv15-41/index.html[22m [2m(+32ms)[22m 
[2m21:27:32[22m   [34mΓö£ΓöÇ[39m [2m/laptop-brands/lenovo/yoga/lenovo-yoga-7-gen-10-16/index.html[22m [2m(+6ms)[22m 
[2m21:27:32[22m   [34mΓö£ΓöÇ[39m [2m/laptop-brands/hp/omnibook/hp-omnibook-7-flip-16/index.html[22m [2m(+23ms)[22m 
[2m21:27:32[22m   [34mΓö£ΓöÇ[39m [2m/laptop-brands/acer/predator/acer-predator-helios-16-ph16-72-2024/index.html[22m [2m(+6ms)[22m 
[2m21:27:32[22m   [34mΓö£ΓöÇ[39m [2m/laptop-brands/lenovo/legion/lenovo-legion-pro-5i-gen-9-16irx9-2024/index.html[22m [2m(+92ms)[22m 
[2m21:27:32[22m   [34mΓö£ΓöÇ[39m [2m/laptop-brands/microsoft/surface/microsoft-surface-pro-12/index.html[22m [2m(+8ms)[22m 
[2m21:27:32[22m   [34mΓö£ΓöÇ[39m [2m/laptop-brands/lenovo/thinkpad/lenovo-thinkpad-x1-2-in-1-gen-10-aura-edition/index.html[22m [2m(+52ms)[22m 
[2m21:27:32[22m   [34mΓö£ΓöÇ[39m [2m/laptop-brands/lenovo/yoga/lenovo-yoga-9i-14-aura-edition/index.html[22m [2m(+7ms)[22m 
[2m21:27:32[22m   [34mΓö£ΓöÇ[39m [2m/laptop-brands/samsung/galaxy/samsung-galaxy-book-4-pro-14/index.html[22m [2m(+27ms)[22m 
[2m21:27:32[22m   [34mΓö£ΓöÇ[39m [2m/laptop-brands/lenovo/legion/lenovo-legion-9i-gen-10-2025/index.html[22m [2m(+11ms)[22m 
[2m21:27:32[22m   [34mΓö£ΓöÇ[39m [2m/laptop-brands/asus/rog/asus-rog-strix-scar-18-2025-g835/index.html[22m [2m(+12ms)[22m 
[2m21:27:32[22m   [34mΓö£ΓöÇ[39m [2m/laptop-brands/msi/raider/msi-raider-18-hx-ai-2025/index.html[22m [2m(+35ms)[22m 
[2m21:27:32[22m   [34mΓö£ΓöÇ[39m [2m/laptop-brands/msi/vector/msi-vector-a18-hx-2025/index.html[22m [2m(+6ms)[22m 
[2m21:27:32[22m   [34mΓö£ΓöÇ[39m [2m/laptop-brands/razer/blade/razer-blade-18-2025/index.html[22m [2m(+13ms)[22m 
[2m21:27:32[22m   [34mΓö£ΓöÇ[39m [2m/laptop-brands/dell/alienware/dell-alienware-18-area-51/index.html[22m [2m(+6ms)[22m 
[2m21:27:32[22m   [34mΓö£ΓöÇ[39m [2m/laptop-brands/lenovo/legion/lenovo-legion-9i-gen-9-2024/index.html[22m [2m(+7ms)[22m 
[2m21:27:32[22m   [34mΓö£ΓöÇ[39m [2m/laptop-brands/hp/zbook/hp-zbook-firefly-16-g11/index.html[22m [2m(+155ms)[22m 
[2m21:27:32[22m   [34mΓö£ΓöÇ[39m [2m/laptop-brands/hp/zbook/hp-zbook-power-16-g11/index.html[22m [2m(+29ms)[22m 
[2m21:27:33[22m   [34mΓö£ΓöÇ[39m [2m/laptop-brands/lenovo/thinkpad/lenovo-thinkpad-l16-gen-1/index.html[22m [2m(+13ms)[22m 
[2m21:27:33[22m   [34mΓö£ΓöÇ[39m [2m/laptop-brands/lenovo/ideapad/lenovo-ideapad-5i-2-in-1-gen-10-16-16ial10/index.html[22m [2m(+20ms)[22m 
[2m21:27:33[22m   [34mΓö£ΓöÇ[39m [2m/laptop-brands/lenovo/ideapad/lenovo-ideapad-5i-2-in-1-16/index.html[22m [2m(+6ms)[22m 
[2m21:27:33[22m   [34mΓö£ΓöÇ[39m [2m/laptop-brands/honor/magicbook/honor-magicbook-x14-plus-2025/index.html[22m [2m(+15ms)[22m 
[2m21:27:33[22m   [34mΓö£ΓöÇ[39m [2m/laptop-brands/hp/laptop/hp-laptop-14-2024/index.html[22m [2m(+8ms)[22m 
[2m21:27:33[22m   [34mΓö£ΓöÇ[39m [2m/laptop-brands/dell/inspiron/dell-inspiron-14-5440/index.html[22m [2m(+31ms)[22m 
[2m21:27:33[22m   [34mΓö£ΓöÇ[39m [2m/laptop-brands/acer/aspire/acer-aspire-3-a315-59/index.html[22m [2m(+8ms)[22m 
[2m21:27:33[22m   [34mΓö£ΓöÇ[39m [2m/laptop-brands/lenovo/thinkpad/lenovo-thinkpad-x13-2-in-1-gen-5/index.html[22m [2m(+26ms)[22m 
[2m21:27:33[22m   [34mΓö£ΓöÇ[39m [2m/laptop-brands/dell/inspiron/dell-inspiron-14-7440-2-in-1/index.html[22m [2m(+6ms)[22m 
[2m21:27:33[22m   [34mΓö£ΓöÇ[39m [2m/laptop-brands/hp/pavilion/hp-pavilion-x360-14-2024/index.html[22m [2m(+26ms)[22m 
[2m21:27:33[22m   [34mΓö£ΓöÇ[39m [2m/laptop-brands/hp/probook/hp-probook-4-g1a-14/index.html[22m [2m(+4ms)[22m 
[2m21:27:33[22m   [34mΓö£ΓöÇ[39m [2m/laptop-brands/hp/probook/hp-probook-4-g1a-16/index.html[22m [2m(+18ms)[22m 
[2m21:27:33[22m   [34mΓö£ΓöÇ[39m [2m/laptop-brands/hp/elitebook/hp-elitebook-6-g1a-16/index.html[22m [2m(+5ms)[22m 
[2m21:27:33[22m   [34mΓö£ΓöÇ[39m [2m/laptop-brands/hp/probook/hp-probook-465-g11/index.html[22m [2m(+198ms)[22m 
[2m21:27:33[22m   [34mΓö£ΓöÇ[39m [2m/laptop-brands/hp/probook/hp-probook-4-g1i-16/index.html[22m [2m(+15ms)[22m 
[2m21:27:33[22m   [34mΓö£ΓöÇ[39m [2m/laptop-brands/hp/elitebook/hp-elitebook-8-flip-g1i-13/index.html[22m [2m(+61ms)[22m 
[2m21:27:33[22m   [34mΓö£ΓöÇ[39m [2m/laptop-brands/hp/elitebook/hp-elitebook-x-flip-g1i-14/index.html[22m [2m(+13ms)[22m 
[2m21:27:33[22m   [34mΓö£ΓöÇ[39m [2m/laptop-brands/hp/zbook/hp-zbook-8-g1ak-14/index.html[22m [2m(+301ms)[22m 
[2m21:27:33[22m   [34mΓö£ΓöÇ[39m [2m/laptop-brands/hp/probook/hp-probook-440-g11/index.html[22m [2m(+4ms)[22m 
[2m21:27:33[22m   [34mΓö£ΓöÇ[39m [2m/laptop-brands/hp/probook/hp-probook-4-g1ir-14/index.html[22m [2m(+16ms)[22m 
[2m21:27:33[22m   [34mΓö£ΓöÇ[39m [2m/laptop-brands/lenovo/thinkpad/lenovo-thinkpad-x1-2-in-1-gen-10/index.html[22m [2m(+11ms)[22m 
[2m21:27:33[22m   [34mΓö£ΓöÇ[39m [2m/laptop-brands/hp/victus/hp-victus-16-2024/index.html[22m [2m(+8ms)[22m 
[2m21:27:33[22m   [34mΓö£ΓöÇ[39m [2m/laptop-brands/lenovo/thinkpad/lenovo-thinkpad-t16-gen-3/index.html[22m [2m(+10ms)[22m 
[2m21:27:33[22m   [34mΓö£ΓöÇ[39m [2m/laptop-brands/asus/tuf/asus-tuf-gaming-f16-2024/index.html[22m [2m(+7ms)[22m 
[2m21:27:33[22m   [34mΓö£ΓöÇ[39m [2m/laptop-brands/lenovo/yoga/lenovo-yoga-pro-9i-14-gen-9/index.html[22m [2m(+7ms)[22m 
[2m21:27:33[22m   [34mΓö£ΓöÇ[39m [2m/laptop-brands/hp/elitebook/hp-elitebook-645-g11/index.html[22m [2m(+82ms)[22m 
[2m21:27:33[22m   [34mΓö£ΓöÇ[39m [2m/laptop-brands/lenovo/thinkpad/lenovo-thinkpad-p16s-gen-4/index.html[22m [2m(+5ms)[22m 
[2m21:27:33[22m   [34mΓö£ΓöÇ[39m [2m/laptop-brands/hp/elitebook/hp-elitebook-660-g11/index.html[22m [2m(+13ms)[22m 
[2m21:27:33[22m   [34mΓö£ΓöÇ[39m [2m/laptop-brands/asus/rog/asus-rog-flow-z13-2025-gz302/index.html[22m [2m(+6ms)[22m 
[2m21:27:33[22m   [34mΓö£ΓöÇ[39m [2m/laptop-brands/dell/alienware/dell-alienware-m18-r2/index.html[22m [2m(+181ms)[22m 
[2m21:27:34[22m   [34mΓö£ΓöÇ[39m [2m/laptop-brands/acer/predator/acer-predator-helios-neo-18/index.html[22m [2m(+4ms)[22m 
[2m21:27:34[22m   [34mΓö£ΓöÇ[39m [2m/laptop-brands/msi/raider/msi-raider-a18-hx/index.html[22m [31m(+772ms)[39m 
[2m21:27:34[22m   [34mΓö£ΓöÇ[39m [2m/laptop-brands/asus/tuf/asus-tuf-gaming-a18-2025/index.html[22m [2m(+5ms)[22m 
[2m21:27:34[22m   [34mΓö£ΓöÇ[39m [2m/laptop-brands/gigabyte/g6/gigabyte-g6-2024/index.html[22m [2m(+19ms)[22m 
[2m21:27:34[22m   [34mΓö£ΓöÇ[39m [2m/laptop-brands/razer/blade/razer-blade-14-2024/index.html[22m [2m(+5ms)[22m 
[2m21:27:34[22m   [34mΓö£ΓöÇ[39m [2m/laptop-brands/asus/tuf/asus-tuf-gaming-a14-fa401/index.html[22m [2m(+39ms)[22m 
[2m21:27:34[22m   [34mΓö£ΓöÇ[39m [2m/laptop-brands/asus/rog/asus-rog-zephyrus-g14-2024-ga403/index.html[22m [2m(+6ms)[22m 
[2m21:27:34[22m   [34mΓö£ΓöÇ[39m [2m/laptop-brands/dell/alienware/dell-alienware-x16-r2/index.html[22m [2m(+12ms)[22m 
[2m21:27:34[22m   [34mΓö£ΓöÇ[39m [2m/laptop-brands/dell/alienware/dell-alienware-m16-r2/index.html[22m [2m(+8ms)[22m 
[2m21:27:35[22m   [34mΓö£ΓöÇ[39m [2m/laptop-brands/hp/zbook/hp-zbook-8-g1i-16/index.html[22m [2m(+22ms)[22m 
[2m21:27:35[22m   [34mΓö£ΓöÇ[39m [2m/laptop-brands/hp/elitebook/hp-elitebook-6-g1q-14/index.html[22m [2m(+7ms)[22m 
[2m21:27:35[22m   [34mΓö£ΓöÇ[39m [2m/laptop-brands/dell/xps/dell-xps-13-9345-2024/index.html[22m [2m(+55ms)[22m 
[2m21:27:35[22m   [34mΓö£ΓöÇ[39m [2m/laptop-brands/dell/xps/dell-xps-13-9340/index.html[22m [2m(+9ms)[22m 
[2m21:27:35[22m   [34mΓö£ΓöÇ[39m [2m/laptop-brands/hp/elitebook/hp-elitebook-630-g11/index.html[22m [2m(+144ms)[22m 
[2m21:27:35[22m   [34mΓö£ΓöÇ[39m [2m/laptop-brands/hp/elitebook/hp-elitebook-865-g11/index.html[22m [2m(+5ms)[22m 
[2m21:27:35[22m   [34mΓö£ΓöÇ[39m [2m/laptop-brands/lenovo/ideapad/lenovo-ideapad-slim-5i-14-gen-10/index.html[22m [2m(+62ms)[22m 
[2m21:27:35[22m   [34mΓö£ΓöÇ[39m [2m/laptop-brands/hp/pavilion/hp-pavilion-plus-14-2024/index.html[22m [2m(+4ms)[22m 
[2m21:27:35[22m   [34mΓö£ΓöÇ[39m [2m/laptop-brands/acer/swift/acer-swift-14-ai-sf14-51/index.html[22m [2m(+262ms)[22m 
[2m21:27:35[22m   [34mΓö£ΓöÇ[39m [2m/laptop-brands/lenovo/ideapad/lenovo-ideapad-slim-3i-14-gen-9/index.html[22m [2m(+4ms)[22m 
[2m21:27:35[22m   [34mΓö£ΓöÇ[39m [2m/laptop-brands/lenovo/ideapad/lenovo-ideapad-slim-5-14-gen-9/index.html[22m [2m(+50ms)[22m 
[2m21:27:35[22m   [34mΓö£ΓöÇ[39m [2m/laptop-brands/motorola/moto/motorola-moto-book-60/index.html[22m [2m(+67ms)[22m 
[2m21:27:35[22m   [34mΓö£ΓöÇ[39m [2m/laptop-brands/lenovo/ideapad/lenovo-ideapad-5-2-in-1-gen-10-16-16akp10/index.html[22m [2m(+4ms)[22m 
[2m21:27:35[22m   [34mΓö£ΓöÇ[39m [2m/laptop-brands/microsoft/surface/microsoft-surface-pro-10/index.html[22m [2m(+235ms)[22m 
[2m21:27:35[22m   [34mΓö£ΓöÇ[39m [2m/laptop-brands/lenovo/ideapad/lenovo-ideapad-slim-5-16/index.html[22m [2m(+17ms)[22m 
[2m21:27:35[22m   [34mΓö£ΓöÇ[39m [2m/laptop-brands/msi/titan/msi-titan-18-hx-ai-2025/index.html[22m [2m(+90ms)[22m 
[2m21:27:36[22m   [34mΓö£ΓöÇ[39m [2m/laptop-brands/lenovo/legion/lenovo-legion-5-15arp8/index.html[22m [2m(+29ms)[22m 
[2m21:27:36[22m   [34mΓö£ΓöÇ[39m [2m/laptop-brands/lenovo/legion/lenovo-legion-5i-gen-9-2024/index.html[22m [2m(+7ms)[22m 
[2m21:27:36[22m   [34mΓö£ΓöÇ[39m [2m/laptop-brands/asus/rog/asus-rog-strix-g16-2024-g614/index.html[22m [2m(+20ms)[22m 
[2m21:27:36[22m   [34mΓö£ΓöÇ[39m [2m/laptop-brands/lenovo/ideapad/lenovo-ideapad-5-2-in-1-gen-9-14-14q8x9/index.html[22m [2m(+5ms)[22m 
[2m21:27:36[22m   [34mΓö£ΓöÇ[39m [2m/laptop-brands/hp/omen/hp-omen-16-2024/index.html[22m [2m(+269ms)[22m 
[2m21:27:36[22m   [34mΓö£ΓöÇ[39m [2m/laptop-brands/hp/omen/hp-omen-transcend-16/index.html[22m [2m(+20ms)[22m 
[2m21:27:36[22m   [34mΓö£ΓöÇ[39m [2m/laptop-brands/asus/vivobook/asus-vivobook-s-14-flip-oled-3402/index.html[22m [2m(+62ms)[22m 
[2m21:27:36[22m   [34mΓö£ΓöÇ[39m [2m/laptop-brands/hp/envy/hp-envy-17-2024/index.html[22m [2m(+7ms)[22m 
[2m21:27:36[22m   [34mΓö£ΓöÇ[39m [2m/laptop-brands/lenovo/v17/lenovo-v17-gen-4/index.html[22m [2m(+10ms)[22m 
[2m21:27:36[22m   [34mΓö£ΓöÇ[39m [2m/laptop-brands/asus/vivobook/asus-vivobook-17-x1704/index.html[22m [2m(+16ms)[22m 
[2m21:27:36[22m   [34mΓö£ΓöÇ[39m [2m/laptop-brands/hp/laptop/hp-laptop-17-2024/index.html[22m [2m(+6ms)[22m 
[2m21:27:36[22m   [34mΓö£ΓöÇ[39m [2m/laptop-brands/asus/vivobook/asus-zenbook-14-flip-oled-up5401-intel/index.html[22m [2m(+13ms)[22m 
[2m21:27:36[22m   [34mΓö£ΓöÇ[39m [2m/laptop-brands/asus/vivobook/asus-vivobook-s-16x-oled-12th-gen-intel/index.html[22m [2m(+5ms)[22m 
[2m21:27:36[22m   [34mΓö£ΓöÇ[39m [2m/laptop-brands/msi/thin/msi-thin-15/index.html[22m [2m(+21ms)[22m 
[2m21:27:36[22m   [34mΓö£ΓöÇ[39m [2m/laptop-brands/asus/vivobook/asus-vivobook-s-15-s5507/index.html[22m [2m(+7ms)[22m 
[2m21:27:36[22m   [34mΓö£ΓöÇ[39m [2m/laptop-brands/dell/inspiron/dell-inspiron-16-plus-7640/index.html[22m [2m(+21ms)[22m 
[2m21:27:36[22m   [34mΓö£ΓöÇ[39m [2m/laptop-brands/hp/elitebook/hp-elitebook-665-g11/index.html[22m [2m(+4ms)[22m 
[2m21:27:36[22m   [34mΓö£ΓöÇ[39m [2m/laptop-brands/lenovo/thinkpad/lenovo-thinkpad-p14s-gen-5-amd/index.html[22m [2m(+11ms)[22m 
[2m21:27:36[22m   [34mΓö£ΓöÇ[39m [2m/laptop-brands/infinix/zero/infinix-zero-book-ultra/index.html[22m [2m(+28ms)[22m 
[2m21:27:36[22m   [34mΓö£ΓöÇ[39m [2m/laptop-brands/hp/250/hp-250-g8/index.html[22m [2m(+6ms)[22m 
[2m21:27:36[22m   [34mΓö£ΓöÇ[39m [2m/laptop-brands/lenovo/thinkpad/lenovo-thinkpad-x13-gen-5/index.html[22m [2m(+28ms)[22m 
[2m21:27:36[22m   [34mΓö£ΓöÇ[39m [2m/laptop-brands/hp/envy/hp-envy-x360-16-2024/index.html[22m [2m(+4ms)[22m 
[2m21:27:36[22m   [34mΓö£ΓöÇ[39m [2m/laptop-brands/lenovo/yoga/lenovo-yoga-7i-gen-9-16-intel/index.html[22m [2m(+29ms)[22m 
[2m21:27:36[22m   [34mΓö£ΓöÇ[39m [2m/laptop-brands/dell/inspiron/dell-inspiron-16-plus-7640-2-in-1/index.html[22m [2m(+10ms)[22m 
[2m21:27:36[22m   [34mΓö£ΓöÇ[39m [2m/laptop-brands/lg/gram/lg-gram-pro-16/index.html[22m [2m(+23ms)[22m 
[2m21:27:36[22m   [34mΓö£ΓöÇ[39m [2m/laptop-brands/framework/laptop/framework-laptop/index.html[22m [2m(+5ms)[22m 
[2m21:27:36[22m   [34mΓö£ΓöÇ[39m [2m/laptop-brands/hp/envy/hp-envy-x360-14-2024/index.html[22m [2m(+28ms)[22m 
[2m21:27:36[22m   [34mΓö£ΓöÇ[39m [2m/laptop-brands/lenovo/ideapad/lenovo-ideapad-5i-2-in-1-14/index.html[22m [2m(+5ms)[22m 
[2m21:27:36[22m   [34mΓö£ΓöÇ[39m [2m/laptop-brands/lenovo/legion/lenovo-legion-pro-7i-gen-9-16irx9h-2024/index.html[22m [2m(+28ms)[22m 
[2m21:27:36[22m   [34mΓö£ΓöÇ[39m [2m/laptop-brands/hp/elitebook/hp-elitebook-ultra-14-g1i/index.html[22m [2m(+6ms)[22m 
[2m21:27:36[22m   [34mΓö£ΓöÇ[39m [2m/laptop-brands/dell/pro/dell-pro-13/index.html[22m [2m(+26ms)[22m 
[2m21:27:36[22m   [34mΓö£ΓöÇ[39m [2m/laptop-brands/dell/latitude/dell-latitude-5350/index.html[22m [2m(+5ms)[22m 
[2m21:27:36[22m   [34mΓö£ΓöÇ[39m [2m/laptop-brands/hp/zbook/hp-zbook-ultra-14-g1a/index.html[22m [2m(+38ms)[22m 
[2m21:27:36[22m   [34mΓö£ΓöÇ[39m [2m/laptop-brands/lenovo/yoga/lenovo-yoga-pro-7-14-amd-gen-9/index.html[22m [2m(+4ms)[22m 
[2m21:27:36[22m   [34mΓö£ΓöÇ[39m [2m/laptop-brands/lenovo/yoga/lenovo-yoga-pro-7i-14-gen-9/index.html[22m [2m(+40ms)[22m 
[2m21:27:36[22m   [34mΓö£ΓöÇ[39m [2m/laptop-brands/gigabyte/aorus/gigabyte-aorus-16x-2024/index.html[22m [2m(+4ms)[22m 
[2m21:27:36[22m   [34mΓö£ΓöÇ[39m [2m/laptop-brands/asus/vivobook/asus-vivobook-s-14-q423/index.html[22m [2m(+41ms)[22m 
[2m21:27:36[22m   [34mΓö£ΓöÇ[39m [2m/laptop-brands/dell/latitude/dell-latitude-5455/index.html[22m [2m(+5ms)[22m 
[2m21:27:36[22m   [34mΓö£ΓöÇ[39m [2m/laptop-brands/lenovo/ideapad/lenovo-ideapad-pro-5i-gen-9-14-2023/index.html[22m [2m(+17ms)[22m 
[2m21:27:36[22m   [34mΓö£ΓöÇ[39m [2m/laptop-brands/honor/magicbook/honor-magicbook-x16-plus-2025/index.html[22m [2m(+5ms)[22m 
[2m21:27:36[22m   [34mΓö£ΓöÇ[39m [2m/laptop-brands/honor/magicbook/honor-magicbook-pro-16/index.html[22m [2m(+86ms)[22m 
[2m21:27:37[22m   [34mΓö£ΓöÇ[39m [2m/laptop-brands/asus/zenbook/asus-zenbook-14-oled-q415/index.html[22m [2m(+52ms)[22m 
[2m21:27:37[22m   [34mΓö£ΓöÇ[39m [2m/laptop-brands/honor/magicbook/honor-magicbook-art-14/index.html[22m [2m(+30ms)[22m 
[2m21:27:37[22m   [34mΓö£ΓöÇ[39m [2m/laptop-brands/lenovo/thinkpad/lenovo-thinkpad-x1-carbon-gen-12/index.html[22m [2m(+9ms)[22m 
[2m21:27:37[22m   [34mΓö£ΓöÇ[39m [2m/laptop-brands/lenovo/thinkpad/lenovo-thinkpad-x1-yoga-gen-9/index.html[22m [2m(+46ms)[22m 
[2m21:27:37[22m   [34mΓö£ΓöÇ[39m [2m/laptop-brands/lenovo/yoga/lenovo-yoga-7i-gen-7-16-intel/index.html[22m [2m(+5ms)[22m 
[2m21:27:37[22m   [34mΓö£ΓöÇ[39m [2m/laptop-brands/razer/blade/razer-blade-16-2024/index.html[22m [2m(+19ms)[22m 
[2m21:27:37[22m   [34mΓö£ΓöÇ[39m [2m/laptop-brands/razer/blade/razer-blade-18-2024/index.html[22m [2m(+38ms)[22m 
[2m21:27:37[22m   [34mΓö£ΓöÇ[39m [2m/laptop-brands/asus/vivobook/asus-vivobook-18-m1807/index.html[22m [2m(+24ms)[22m 
[2m21:27:37[22m   [34mΓö£ΓöÇ[39m [2m/laptop-brands/acer/nitro/acer-nitro-v-16-amd-anv16-41/index.html[22m [2m(+7ms)[22m 
[2m21:27:37[22m   [34mΓö£ΓöÇ[39m [2m/laptop-brands/dell/inspiron/dell-inspiron-14-plus-7441/index.html[22m [2m(+36ms)[22m 
[2m21:27:37[22m   [34mΓö£ΓöÇ[39m [2m/laptop-brands/lenovo/thinkbook/lenovo-thinkbook-14-gen-7/index.html[22m [2m(+7ms)[22m 
[2m21:27:37[22m   [34mΓö£ΓöÇ[39m [2m/laptop-brands/acer/swift/acer-swift-go-14-sfg14-63/index.html[22m [2m(+18ms)[22m 
[2m21:27:37[22m   [34mΓö£ΓöÇ[39m [2m/laptop-brands/acer/aspire/acer-aspire-14-a14-51/index.html[22m [2m(+5ms)[22m 
[2m21:27:37[22m   [34mΓö£ΓöÇ[39m [2m/laptop-brands/msi/vector/msi-vector-17-hx-ai-2025-a2xwj/index.html[22m [2m(+11ms)[22m 
[2m21:27:37[22m   [34mΓö£ΓöÇ[39m [2m/laptop-brands/msi/vector/msi-vector-17-hx-2024/index.html[22m [2m(+4ms)[22m 
[2m21:27:37[22m   [34mΓö£ΓöÇ[39m [2m/laptop-brands/dell/inspiron/dell-inspiron-14-7445/index.html[22m [2m(+20ms)[22m 
[2m21:27:37[22m   [34mΓö£ΓöÇ[39m [2m/laptop-brands/microsoft/surface/microsoft-surface-go-4/index.html[22m [2m(+4ms)[22m 
[2m21:27:37[22m   [34mΓö£ΓöÇ[39m [2m/laptop-brands/acer/aspire/acer-aspire-3-spin-14/index.html[22m [2m(+14ms)[22m 
[2m21:27:37[22m   [34mΓö£ΓöÇ[39m [2m/laptop-brands/apple/macbook/apple-macbook-air-15-m3-2024/index.html[22m [2m(+8ms)[22m 
[2m21:27:37[22m   [34mΓö£ΓöÇ[39m [2m/laptop-brands/apple/macbook/apple-macbook-air-m2-2022/index.html[22m [2m(+12ms)[22m 
[2m21:27:37[22m   [34mΓö£ΓöÇ[39m [2m/laptop-brands/acer/predator/acer-predator-helios-neo-16/index.html[22m [2m(+7ms)[22m 
[2m21:27:37[22m   [34mΓö£ΓöÇ[39m [2m/laptop-brands/acer/predator/acer-predator-helios-neo-16-phn16-71/index.html[22m [2m(+33ms)[22m 
[2m21:27:37[22m   [34mΓö£ΓöÇ[39m [2m/laptop-brands/acer/nitro/acer-nitro-16-intel-an16-73/index.html[22m [2m(+8ms)[22m 
[2m21:27:37[22m   [34mΓö£ΓöÇ[39m [2m/laptop-brands/msi/vector/msi-vector-16-hx-2024/index.html[22m [2m(+10ms)[22m 
[2m21:27:37[22m   [34mΓö£ΓöÇ[39m [2m/laptop-brands/msi/stealth/msi-stealth-18-ai-studio/index.html[22m [2m(+6ms)[22m 
[2m21:27:37[22m   [34mΓö£ΓöÇ[39m [2m/laptop-brands/msi/titan/msi-titan-gt77-hx-2023/index.html[22m [2m(+16ms)[22m 
[2m21:27:37[22m   [34mΓö£ΓöÇ[39m [2m/laptop-brands/msi/raider/msi-raider-ge68-2023/index.html[22m [2m(+7ms)[22m 
[2m21:27:37[22m   [34mΓö£ΓöÇ[39m [2m/laptop-brands/msi/raider/msi-raider-18-hx-2024/index.html[22m [2m(+15ms)[22m 
[2m21:27:37[22m   [34mΓö£ΓöÇ[39m [2m/laptop-brands/msi/titan/msi-titan-18-hx-2024/index.html[22m [2m(+5ms)[22m 
[2m21:27:37[22m   [34mΓö£ΓöÇ[39m [2m/laptop-brands/acer/swift/acer-swift-14-sf14-11/index.html[22m [2m(+50ms)[22m 
[2m21:27:37[22m   [34mΓö£ΓöÇ[39m [2m/laptop-brands/dell/inspiron/dell-inspiron-14-5445/index.html[22m [2m(+6ms)[22m 
[2m21:27:37[22m   [34mΓö£ΓöÇ[39m [2m/laptop-brands/dell/latitude/dell-latitude-3450/index.html[22m [2m(+16ms)[22m 
[2m21:27:37[22m   [34mΓö£ΓöÇ[39m [2m/laptop-brands/asus/vivobook/asus-vivobook-14-x1404/index.html[22m [2m(+8ms)[22m 
[2m21:27:37[22m   [34mΓö£ΓöÇ[39m [2m/laptop-brands/lenovo/thinkbook/lenovo-thinkbook-16-gen-7/index.html[22m [2m(+19ms)[22m 
[2m21:27:37[22m   [34mΓö£ΓöÇ[39m [2m/laptop-brands/apple/macbook/apple-macbook-pro-16-2023/index.html[22m [2m(+5ms)[22m 
[2m21:27:37[22m   [34mΓö£ΓöÇ[39m [2m/laptop-brands/asus/vivobook/asus-vivobook-s-16-oled-s5606/index.html[22m [2m(+14ms)[22m 
[2m21:27:37[22m   [34mΓö£ΓöÇ[39m [2m/laptop-brands/asus/proart/asus-proart-px13-hn7306/index.html[22m [2m(+5ms)[22m 
[2m21:27:37[22m   [34mΓö£ΓöÇ[39m [2m/laptop-brands/asus/rog/asus-rog-flow-z13-2023/index.html[22m [2m(+10ms)[22m 
[2m21:27:37[22m   [34mΓö£ΓöÇ[39m [2m/laptop-brands/hp/elitebook/hp-elitebook-x-g1a/index.html[22m [2m(+6ms)[22m 
[2m21:27:37[22m   [34mΓö£ΓöÇ[39m [2m/laptop-brands/hp/zbook/hp-zbook-firefly-14-g11/index.html[22m [2m(+21ms)[22m 
[2m21:27:37[22m   [34mΓö£ΓöÇ[39m [2m/laptop-brands/msi/thin/msi-thin-a15/index.html[22m [2m(+8ms)[22m 
[2m21:27:37[22m   [34mΓö£ΓöÇ[39m [2m/laptop-brands/acer/nitro/acer-nitro-v-14-anv14-61/index.html[22m [2m(+14ms)[22m 
[2m21:27:37[22m   [34mΓö£ΓöÇ[39m [2m/laptop-brands/acer/nitro/acer-nitro-v-15-anv15-51/index.html[22m [2m(+7ms)[22m 
[2m21:27:37[22m   [34mΓö£ΓöÇ[39m [2m/laptop-brands/msi/stealth/msi-stealth-14-ai-studio/index.html[22m [2m(+92ms)[22m 
[2m21:27:37[22m   [34mΓö£ΓöÇ[39m [2m/laptop-brands/msi/cyborg/msi-cyborg-14/index.html[22m [2m(+15ms)[22m 
[2m21:27:37[22m   [34mΓö£ΓöÇ[39m [2m/laptop-brands/hp/envy/hp-envy-x360-15-2024/index.html[22m [2m(+16ms)[22m 
[2m21:27:37[22m   [34mΓö£ΓöÇ[39m [2m/laptop-brands/samsung/galaxy/samsung-galaxy-book-4-360-15-6/index.html[22m [2m(+6ms)[22m 
[2m21:27:37[22m   [34mΓö£ΓöÇ[39m [2m/laptop-brands/samsung/galaxy/samsung-galaxy-book-4-edge-14/index.html[22m [2m(+28ms)[22m 
[2m21:27:37[22m   [34mΓö£ΓöÇ[39m [2m/laptop-brands/asus/rog/asus-rog-zephyrus-g16-2024-gu605/index.html[22m [2m(+7ms)[22m 
[2m21:27:37[22m   [34mΓö£ΓöÇ[39m [2m/laptop-brands/asus/rog/asus-rog-strix-scar-16-2024-g634/index.html[22m [2m(+34ms)[22m 
[2m21:27:37[22m   [34mΓö£ΓöÇ[39m [2m/laptop-brands/samsung/galaxy/samsung-galaxy-book-4-ultra/index.html[22m [2m(+9ms)[22m 
[2m21:27:37[22m   [34mΓö£ΓöÇ[39m [2m/laptop-brands/asus/rog/asus-rog-strix-scar-17-2023/index.html[22m [2m(+54ms)[22m 
[2m21:27:37[22m   [34mΓö£ΓöÇ[39m [2m/laptop-brands/asus/rog/asus-rog-strix-scar-18-2024-g834/index.html[22m [2m(+6ms)[22m 
[2m21:27:37[22m   [34mΓö£ΓöÇ[39m [2m/laptop-brands/hp/pavilion/hp-pavilion-plus-16-2024/index.html[22m [2m(+13ms)[22m 
[2m21:27:38[22m   [34mΓö£ΓöÇ[39m [2m/laptop-brands/asus/vivobook/asus-vivobook-16-x1605/index.html[22m [2m(+10ms)[22m 
[2m21:27:38[22m   [34mΓö£ΓöÇ[39m [2m/laptop-brands/razer/blade/razer-blade-16/index.html[22m [2m(+16ms)[22m 
[2m21:27:38[22m   [34mΓö£ΓöÇ[39m [2m/laptop-brands/acer/predator/acer-predator-helios-18-ph18-71-2023/index.html[22m [2m(+7ms)[22m 
[2m21:27:38[22m   [34mΓö£ΓöÇ[39m [2m/laptop-brands/hp/spectre/hp-spectre-x360-14-2024/index.html[22m [2m(+29ms)[22m 
[2m21:27:38[22m   [34mΓö£ΓöÇ[39m [2m/laptop-brands/lenovo/yoga/lenovo-yoga-9i-14-gen-9/index.html[22m [2m(+18ms)[22m 
[2m21:27:38[22m   [34mΓö£ΓöÇ[39m [2m/laptop-brands/lenovo/yoga/lenovo-yoga-book-9i-13-gen-9-2024/index.html[22m [2m(+9ms)[22m 
[2m21:27:38[22m   [34mΓö£ΓöÇ[39m [2m/laptop-brands/lenovo/yoga/lenovo-yoga-slim-7i-14-gen-9/index.html[22m [2m(+13ms)[22m 
[2m21:27:38[22m   [34mΓö£ΓöÇ[39m [2m/laptop-brands/asus/proart/asus-proart-pz13-ht5306/index.html[22m [2m(+6ms)[22m 
[2m21:27:38[22m   [34mΓö£ΓöÇ[39m [2m/laptop-brands/acer/aspire/acer-aspire-lite-16-al16-52p/index.html[22m [2m(+21ms)[22m 
[2m21:27:38[22m   [34mΓö£ΓöÇ[39m [2m/laptop-brands/acer/aspire/acer-aspire-3-a314-36/index.html[22m [2m(+7ms)[22m 
[2m21:27:38[22m   [34mΓö£ΓöÇ[39m [2m/laptop-brands/lenovo/yoga/lenovo-yoga-pro-7-14/index.html[22m [2m(+43ms)[22m 
[2m21:27:38[22m   [34mΓö£ΓöÇ[39m [2m/laptop-brands/microsoft/surface/microsoft-surface-laptop-7-15/index.html[22m [2m(+8ms)[22m 
[2m21:27:38[22m   [34mΓö£ΓöÇ[39m [2m/laptop-brands/acer/swift/acer-swift-edge-16-sfe16-43/index.html[22m [2m(+13ms)[22m 
[2m21:27:38[22m   [34mΓö£ΓöÇ[39m [2m/laptop-brands/acer/swift/acer-swift-14-ai-sf14-61/index.html[22m [2m(+7ms)[22m 
[2m21:27:38[22m   [34mΓö£ΓöÇ[39m [2m/laptop-brands/infinix/gt/infinix-gt-book/index.html[22m [2m(+29ms)[22m 
[2m21:27:38[22m   [34mΓö£ΓöÇ[39m [2m/laptop-brands/lenovo/loq/lenovo-loq-15irx9-2024/index.html[22m [2m(+7ms)[22m 
[2m21:27:38[22m   [34mΓö£ΓöÇ[39m [2m/laptop-brands/dell/inspiron/dell-inspiron-16-5645/index.html[22m [2m(+14ms)[22m 
[2m21:27:38[22m   [34mΓö£ΓöÇ[39m [2m/laptop-brands/lenovo/ideapad/lenovo-ideapad-slim-3i-16-gen-9/index.html[22m [2m(+8ms)[22m 
[2m21:27:38[22m   [34mΓö£ΓöÇ[39m [2m/laptop-brands/honor/magicbook/honor-magicbook-14-2021/index.html[22m [31m(+1.20s)[39m 
[2m21:27:39[22m   [34mΓö£ΓöÇ[39m [2m/laptop-brands/honor/magicbook/honor-magicbook-x-16-pro/index.html[22m [2m(+28ms)[22m 
[2m21:27:39[22m   [34mΓö£ΓöÇ[39m [2m/laptop-brands/msi/summit/msi-summit-a16-ai/index.html[22m [2m(+8ms)[22m 
[2m21:27:39[22m   [34mΓö£ΓöÇ[39m [2m/laptop-brands/msi/creator/msi-creator-m16/index.html[22m [2m(+16ms)[22m 
[2m21:27:39[22m   [34mΓö£ΓöÇ[39m [2m/laptop-brands/msi/prestige/msi-prestige-a16-ai/index.html[22m [2m(+7ms)[22m 
[2m21:27:39[22m   [34mΓö£ΓöÇ[39m [2m/laptop-brands/lenovo/ideapad/lenovo-ideapad-pro-5-gen-8-16-amd/index.html[22m [2m(+7ms)[22m 
[2m21:27:39[22m   [34mΓö£ΓöÇ[39m [2m/laptop-brands/hp/elitebook/hp-elitebook-640-g11/index.html[22m [2m(+214ms)[22m 
[2m21:27:39[22m   [34mΓö£ΓöÇ[39m [2m/laptop-brands/hp/elitebook/hp-elitebook-845-g11/index.html[22m [2m(+7ms)[22m 
[2m21:27:39[22m   [34mΓö£ΓöÇ[39m [2m/laptop-brands/lg/gram/lg-gram-pro-16-2024/index.html[22m [2m(+31ms)[22m 
[2m21:27:39[22m   [34mΓö£ΓöÇ[39m [2m/laptop-brands/apple/macbook/apple-macbook-pro-13-m2-2022/index.html[22m [2m(+6ms)[22m 
[2m21:27:39[22m   [34mΓö£ΓöÇ[39m [2m/laptop-brands/dell/latitude/dell-latitude-7650/index.html[22m [2m(+21ms)[22m 
[2m21:27:39[22m   [34mΓö£ΓöÇ[39m [2m/laptop-brands/msi/stealth/msi-stealth-16-studio/index.html[22m [2m(+10ms)[22m 
[2m21:27:39[22m   [34mΓö£ΓöÇ[39m [2m/laptop-brands/msi/stealth/msi-stealth-16-ai-studio/index.html[22m [2m(+19ms)[22m 
[2m21:27:39[22m   [34mΓö£ΓöÇ[39m [2m/laptop-brands/dell/xps/dell-xps-15-9530-2023/index.html[22m [2m(+18ms)[22m 
[2m21:27:39[22m   [34mΓö£ΓöÇ[39m [2m/laptop-brands/msi/prestige/msi-prestige-14-ai-studio/index.html[22m [2m(+245ms)[22m 
[2m21:27:40[22m   [34mΓö£ΓöÇ[39m [2m/laptop-brands/msi/prestige/msi-prestige-15-2021-11th-gen/index.html[22m [2m(+9ms)[22m 
[2m21:27:40[22m   [34mΓö£ΓöÇ[39m [2m/laptop-brands/lg/gram/lg-gram-14-2024/index.html[22m [2m(+29ms)[22m 
[2m21:27:40[22m   [34mΓö£ΓöÇ[39m [2m/laptop-brands/dell/latitude/dell-latitude-5450/index.html[22m [2m(+7ms)[22m 
[2m21:27:40[22m   [34mΓö£ΓöÇ[39m [2m/laptop-brands/dell/latitude/dell-latitude-7455/index.html[22m [2m(+10ms)[22m 
[2m21:27:40[22m   [34mΓö£ΓöÇ[39m [2m/laptop-brands/hp/15/hp-15-2024/index.html[22m [2m(+37ms)[22m 
[2m21:27:40[22m   [34mΓö£ΓöÇ[39m [2m/laptop-brands/lenovo/thinkpad/lenovo-thinkpad-t14s-gen-6/index.html[22m [2m(+7ms)[22m 
[2m21:27:40[22m   [34mΓö£ΓöÇ[39m [2m/laptop-brands/lenovo/thinkpad/lenovo-thinkpad-t14s-gen-5/index.html[22m [2m(+5ms)[22m 
[2m21:27:40[22m   [34mΓö£ΓöÇ[39m [2m/laptop-brands/dell/vostro/dell-vostro-15-3530/index.html[22m [2m(+9ms)[22m 
[2m21:27:40[22m   [34mΓö£ΓöÇ[39m [2m/laptop-brands/acer/aspire/acer-aspire-5-a515-58/index.html[22m [2m(+12ms)[22m 
[2m21:27:40[22m   [34mΓö£ΓöÇ[39m [2m/laptop-brands/asus/vivobook/asus-vivobook-14-m1405/index.html[22m [2m(+7ms)[22m 
[2m21:27:40[22m   [34mΓö£ΓöÇ[39m [2m/laptop-brands/hp/zbook/hp-zbook-studio-16-g10/index.html[22m [2m(+11ms)[22m 
[2m21:27:40[22m   [34mΓö£ΓöÇ[39m [2m/laptop-brands/msi/creator/msi-creator-16-ai-studio/index.html[22m [2m(+7ms)[22m 
[2m21:27:40[22m   [34mΓö£ΓöÇ[39m [2m/laptop-brands/dell/precision/dell-precision-5690/index.html[22m [2m(+19ms)[22m 
[2m21:27:40[22m   [34mΓö£ΓöÇ[39m [2m/laptop-brands/dell/precision/dell-precision-3591/index.html[22m [2m(+8ms)[22m 
[2m21:27:40[22m   [34mΓö£ΓöÇ[39m [2m/laptop-brands/hp/zbook/hp-zbook-power-g10/index.html[22m [2m(+7ms)[22m 
[2m21:27:40[22m   [34mΓö£ΓöÇ[39m [2m/laptop-brands/msi/prestige/msi-prestige-14-evo-12th-gen/index.html[22m [2m(+10ms)[22m 
[2m21:27:40[22m   [34mΓö£ΓöÇ[39m [2m/laptop-brands/msi/prestige/msi-prestige-16-evo/index.html[22m [2m(+346ms)[22m 
[2m21:27:40[22m   [34mΓö£ΓöÇ[39m [2m/laptop-brands/msi/prestige/msi-prestige-14-ai-evo-c1m/index.html[22m [2m(+18ms)[22m 
[2m21:27:40[22m   [34mΓö£ΓöÇ[39m [2m/laptop-brands/msi/prestige/msi-prestige-14-2021-11th-gen/index.html[22m [2m(+22ms)[22m 
[2m21:27:40[22m   [34mΓö£ΓöÇ[39m [2m/laptop-brands/asus/creator/asus-creator-laptop-q-q540/index.html[22m [2m(+19ms)[22m 
[2m21:27:40[22m   [34mΓö£ΓöÇ[39m [2m/laptop-brands/hp/zbook/hp-zbook-fury-16-g10/index.html[22m [2m(+9ms)[22m 
[2m21:27:40[22m   [34mΓö£ΓöÇ[39m [2m/laptop-brands/asus/rog/asus-rog-strix-g18-2024-g814/index.html[22m [2m(+40ms)[22m 
[2m21:27:40[22m   [34mΓö£ΓöÇ[39m [2m/laptop-brands/msi/raider/msi-raider-ge68-hx/index.html[22m [2m(+9ms)[22m 
[2m21:27:40[22m   [34mΓö£ΓöÇ[39m [2m/laptop-brands/msi/raider/msi-raider-ge78-hx/index.html[22m [2m(+158ms)[22m 
[2m21:27:40[22m   [34mΓö£ΓöÇ[39m [2m/laptop-brands/hp/probook/hp-probook-445-g11/index.html[22m [2m(+15ms)[22m 
[2m21:27:40[22m   [34mΓö£ΓöÇ[39m [2m/laptop-brands/hp/probook/hp-probook-450-g10/index.html[22m [2m(+39ms)[22m 
[2m21:27:40[22m   [34mΓö£ΓöÇ[39m [2m/laptop-brands/lenovo/13w/lenovo-13w-yoga-gen-2-13-amd/index.html[22m [2m(+5ms)[22m 
[2m21:27:40[22m   [34mΓö£ΓöÇ[39m [2m/laptop-brands/lenovo/yoga/lenovo-yoga-slim-6i-gen-8-14-intel/index.html[22m [2m(+5ms)[22m 
[2m21:27:41[22m   [34mΓö£ΓöÇ[39m [2m/laptop-brands/acer/nitro/acer-nitro-5-an515-47/index.html[22m [2m(+8ms)[22m 
[2m21:27:41[22m   [34mΓö£ΓöÇ[39m [2m/laptop-brands/acer/aspire/acer-aspire-5-a515-48/index.html[22m [2m(+21ms)[22m 
[2m21:27:41[22m   [34mΓö£ΓöÇ[39m [2m/laptop-brands/asus/vivobook/asus-vivobook-s-15-oled-s5506/index.html[22m [2m(+5ms)[22m 
[2m21:27:41[22m   [34mΓö£ΓöÇ[39m [2m/laptop-brands/asus/vivobook/asus-vivobook-pro-15-oled-q543/index.html[22m [2m(+17ms)[22m 
[2m21:27:41[22m   [34mΓö£ΓöÇ[39m [2m/laptop-brands/asus/vivobook/asus-vivobook-pro-15-oled-n6506/index.html[22m [2m(+7ms)[22m 
[2m21:27:41[22m   [34mΓö£ΓöÇ[39m [2m/laptop-brands/asus/vivobook/asus-vivobook-s-14-oled-s5406/index.html[22m [2m(+19ms)[22m 
[2m21:27:41[22m   [34mΓö£ΓöÇ[39m [2m/laptop-brands/lenovo/ideapad/lenovo-ideapad-slim-5i-16-gen-8/index.html[22m [2m(+5ms)[22m 
[2m21:27:41[22m   [34mΓö£ΓöÇ[39m [2m/laptop-brands/acer/swift/acer-swift-x-sfx14-71g/index.html[22m [2m(+22ms)[22m 
[2m21:27:41[22m   [34mΓö£ΓöÇ[39m [2m/laptop-brands/lenovo/ideapad/lenovo-ideapad-gaming-3i-gen-7-15/index.html[22m [2m(+46ms)[22m 
[2m21:27:41[22m   [34mΓö£ΓöÇ[39m [2m/laptop-brands/hp/omen/hp-omen-16-2023/index.html[22m [2m(+23ms)[22m 
[2m21:27:41[22m   [34mΓö£ΓöÇ[39m [2m/laptop-brands/hp/victus/hp-victus-16-2023-intel/index.html[22m [2m(+5ms)[22m 
[2m21:27:41[22m   [34mΓö£ΓöÇ[39m [2m/laptop-brands/asus/tuf/asus-tuf-gaming-a15-2024/index.html[22m [2m(+20ms)[22m 
[2m21:27:41[22m   [34mΓö£ΓöÇ[39m [2m/laptop-brands/asus/tuf/asus-tuf-gaming-a16-2024/index.html[22m [2m(+8ms)[22m 
[2m21:27:41[22m   [34mΓö£ΓöÇ[39m [2m/laptop-brands/lenovo/thinkpad/lenovo-thinkpad-l13-gen-5/index.html[22m [2m(+21ms)[22m 
[2m21:27:41[22m   [34mΓö£ΓöÇ[39m [2m/laptop-brands/acer/swift/acer-swift-go-14-sfg14-72/index.html[22m [2m(+9ms)[22m 
[2m21:27:41[22m   [34mΓö£ΓöÇ[39m [2m/laptop-brands/dell/inspiron/dell-inspiron-14-plus-7440/index.html[22m [2m(+16ms)[22m 
[2m21:27:41[22m   [34mΓö£ΓöÇ[39m [2m/laptop-brands/samsung/galaxy/samsung-galaxy-book-4-pro-360/index.html[22m [2m(+6ms)[22m 
[2m21:27:41[22m   [34mΓö£ΓöÇ[39m [2m/laptop-brands/msi/modern/msi-modern-15-2021-ryzen/index.html[22m [2m(+9ms)[22m 
[2m21:27:41[22m   [34mΓö£ΓöÇ[39m [2m/laptop-brands/lenovo/loq/lenovo-loq-16irh8/index.html[22m [2m(+7ms)[22m 
[2m21:27:41[22m   [34mΓö£ΓöÇ[39m [2m/laptop-brands/asus/tuf/asus-tuf-gaming-f15-2023/index.html[22m [2m(+17ms)[22m 
[2m21:27:41[22m   [34mΓö£ΓöÇ[39m [2m/laptop-brands/asus/tuf/asus-tuf-gaming-a15-2023/index.html[22m [2m(+7ms)[22m 
[2m21:27:41[22m   [34mΓö£ΓöÇ[39m [2m/laptop-brands/acer/aspire/acer-aspire-7-a715-51g/index.html[22m [2m(+13ms)[22m 
[2m21:27:41[22m   [34mΓö£ΓöÇ[39m [2m/laptop-brands/dell/inspiron/dell-inspiron-13-5330/index.html[22m [2m(+8ms)[22m 
[2m21:27:41[22m   [34mΓö£ΓöÇ[39m [2m/laptop-brands/hp/pavilion/hp-pavilion-aero-13-2024/index.html[22m [2m(+19ms)[22m 
[2m21:27:41[22m   [34mΓö£ΓöÇ[39m [2m/laptop-brands/dell/inspiron/dell-inspiron-15-3530/index.html[22m [2m(+5ms)[22m 
[2m21:27:41[22m   [34mΓö£ΓöÇ[39m [2m/laptop-brands/dell/inspiron/dell-inspiron-14-5430/index.html[22m [2m(+12ms)[22m 
[2m21:27:41[22m   [34mΓö£ΓöÇ[39m [2m/laptop-brands/dell/inspiron/dell-inspiron-16-7630-2-in-1/index.html[22m [2m(+4ms)[22m 
[2m21:27:41[22m   [34mΓö£ΓöÇ[39m [2m/laptop-brands/lenovo/thinkbook/lenovo-thinkbook-16-gen-6/index.html[22m [2m(+18ms)[22m 
[2m21:27:41[22m   [34mΓö£ΓöÇ[39m [2m/laptop-brands/apple/macbook/apple-macbook-air-15-m2/index.html[22m [2m(+8ms)[22m 
[2m21:27:41[22m   [34mΓö£ΓöÇ[39m [2m/laptop-brands/dell/latitude/dell-latitude-3540/index.html[22m [2m(+12ms)[22m 
[2m21:27:41[22m   [34mΓö£ΓöÇ[39m [2m/laptop-brands/dell/latitude/dell-latitude-7350/index.html[22m [2m(+7ms)[22m 
[2m21:27:41[22m   [34mΓö£ΓöÇ[39m [2m/laptop-brands/dell/latitude/dell-latitude-7450/index.html[22m [2m(+12ms)[22m 
[2m21:27:41[22m   [34mΓö£ΓöÇ[39m [2m/laptop-brands/dell/latitude/dell-latitude-3440/index.html[22m [2m(+7ms)[22m 
[2m21:27:41[22m   [34mΓö£ΓöÇ[39m [2m/laptop-brands/lenovo/loq/lenovo-loq-15aph8/index.html[22m [2m(+22ms)[22m 
[2m21:27:41[22m   [34mΓö£ΓöÇ[39m [2m/laptop-brands/lenovo/legion/lenovo-legion-slim-5-gen-9-16-2024/index.html[22m [2m(+7ms)[22m 
[2m21:27:41[22m   [34mΓö£ΓöÇ[39m [2m/laptop-brands/hp/elitebook/hp-elitebook-860-g10/index.html[22m [2m(+13ms)[22m 
[2m21:27:41[22m   [34mΓö£ΓöÇ[39m [2m/laptop-brands/hp/zbook/hp-zbook-firefly-16-g10/index.html[22m [2m(+6ms)[22m 
[2m21:27:41[22m   [34mΓö£ΓöÇ[39m [2m/laptop-brands/dell/latitude/dell-latitude-5440/index.html[22m [2m(+7ms)[22m 
[2m21:27:41[22m   [34mΓö£ΓöÇ[39m [2m/laptop-brands/asus/zenbook/asus-zenbook-s-13-oled-ux5304/index.html[22m [2m(+6ms)[22m 
[2m21:27:41[22m   [34mΓö£ΓöÇ[39m [2m/laptop-brands/hp/zbook/hp-zbook-firefly-14-g10/index.html[22m [2m(+27ms)[22m 
[2m21:27:41[22m   [34mΓö£ΓöÇ[39m [2m/laptop-brands/microsoft/surface/microsoft-surface-laptop-studio-2/index.html[22m [2m(+4ms)[22m 
[2m21:27:41[22m   [34mΓö£ΓöÇ[39m [2m/laptop-brands/asus/vivobook/asus-vivobook-go-14/index.html[22m [2m(+5ms)[22m 
[2m21:27:41[22m   [34mΓö£ΓöÇ[39m [2m/laptop-brands/acer/aspire/acer-aspire-3-a315-24p/index.html[22m [2m(+8ms)[22m 
[2m21:27:41[22m   [34mΓö£ΓöÇ[39m [2m/laptop-brands/acer/extensa/acer-extensa-15/index.html[22m [2m(+17ms)[22m 
[2m21:27:41[22m   [34mΓö£ΓöÇ[39m [2m/laptop-brands/lg/gram/lg-gram-14-2023/index.html[22m [2m(+6ms)[22m 
[2m21:27:41[22m   [34mΓö£ΓöÇ[39m [2m/laptop-brands/lg/gram/lg-gram-16-2023/index.html[22m [2m(+12ms)[22m 
[2m21:27:41[22m   [34mΓö£ΓöÇ[39m [2m/laptop-brands/dell/xps/dell-xps-17-9730-2023/index.html[22m [2m(+5ms)[22m 
[2m21:27:41[22m   [34mΓö£ΓöÇ[39m [2m/laptop-brands/lg/gram/lg-gram-17-2023/index.html[22m [2m(+18ms)[22m 
[2m21:27:41[22m   [34mΓö£ΓöÇ[39m [2m/laptop-brands/asus/vivobook/asus-vivobook-16-m1605/index.html[22m [2m(+7ms)[22m 
[2m21:27:41[22m   [34mΓö£ΓöÇ[39m [2m/laptop-brands/acer/aspire/acer-aspire-vero-16/index.html[22m [2m(+16ms)[22m 
[2m21:27:41[22m   [34mΓö£ΓöÇ[39m [2m/laptop-brands/dell/latitude/dell-latitude-5430/index.html[22m [2m(+7ms)[22m 
[2m21:27:41[22m   [34mΓö£ΓöÇ[39m [2m/laptop-brands/dell/inspiron/dell-inspiron-16-5630/index.html[22m [2m(+21ms)[22m 
[2m21:27:41[22m   [34mΓö£ΓöÇ[39m [2m/laptop-brands/hp/pavilion/hp-pavilion-x360-2-in-1-14/index.html[22m [2m(+9ms)[22m 
[2m21:27:41[22m   [34mΓö£ΓöÇ[39m [2m/laptop-brands/lenovo/loq/lenovo-loq-15irh8/index.html[22m [2m(+12ms)[22m 
[2m21:27:41[22m   [34mΓö£ΓöÇ[39m [2m/laptop-brands/gigabyte/aorus/gigabyte-aorus-15-2024/index.html[22m [2m(+8ms)[22m 
[2m21:27:41[22m   [34mΓö£ΓöÇ[39m [2m/laptop-brands/hp/victus/hp-victus-15-2022-intel/index.html[22m [2m(+19ms)[22m 
[2m21:27:41[22m   [34mΓö£ΓöÇ[39m [2m/laptop-brands/gigabyte/aero/gigabyte-aero-14-oled-2023/index.html[22m [2m(+6ms)[22m 
[2m21:27:41[22m   [34mΓö£ΓöÇ[39m [2m/laptop-brands/hp/pavilion/hp-pavilion-plus-14-2023/index.html[22m [2m(+289ms)[22m 
[2m21:27:42[22m   [34mΓö£ΓöÇ[39m [2m/laptop-brands/hp/pavilion/hp-pavilion-plus-16-2023/index.html[22m [2m(+5ms)[22m 
[2m21:27:42[22m   [34mΓö£ΓöÇ[39m [2m/laptop-brands/hp/envy/hp-envy-16-2022/index.html[22m [2m(+9ms)[22m 
[2m21:27:42[22m   [34mΓö£ΓöÇ[39m [2m/laptop-brands/hp/envy/hp-envy-17-2022/index.html[22m [2m(+20ms)[22m 
[2m21:27:42[22m   [34mΓö£ΓöÇ[39m [2m/laptop-brands/huawei/matebook/huawei-matebook-16s-2022/index.html[22m [2m(+25ms)[22m 
[2m21:27:42[22m   [34mΓö£ΓöÇ[39m [2m/laptop-brands/huawei/matebook/huawei-matebook-x-pro-2024/index.html[22m [2m(+6ms)[22m 
[2m21:27:42[22m   [34mΓö£ΓöÇ[39m [2m/laptop-brands/honor/magicbook/honor-magicbook-15-2021/index.html[22m [2m(+8ms)[22m 
[2m21:27:42[22m   [34mΓö£ΓöÇ[39m [2m/laptop-brands/hp/laptop/hp-laptop-17/index.html[22m [2m(+10ms)[22m 
[2m21:27:42[22m   [34mΓö£ΓöÇ[39m [2m/laptop-brands/dell/inspiron/dell-inspiron-15-3525-amd/index.html[22m [2m(+9ms)[22m 
[2m21:27:42[22m   [34mΓö£ΓöÇ[39m [2m/laptop-brands/hp/omen/hp-omen-17-2023/index.html[22m [2m(+7ms)[22m 
[2m21:27:42[22m   [34mΓö£ΓöÇ[39m [2m/laptop-brands/acer/nitro/acer-nitro-17-an17-41/index.html[22m [2m(+9ms)[22m 
[2m21:27:42[22m   [34mΓö£ΓöÇ[39m [2m/laptop-brands/lenovo/thinkbook/lenovo-thinkbook-14-gen-6/index.html[22m [2m(+5ms)[22m 
[2m21:27:42[22m   [34mΓö£ΓöÇ[39m [2m/laptop-brands/xiaomi/redmibook/xiaomi-redmibook-16-pro-2024/index.html[22m [2m(+27ms)[22m 
[2m21:27:42[22m   [34mΓö£ΓöÇ[39m [2m/laptop-brands/acer/nitro/acer-nitro-16-an16-41-2023/index.html[22m [2m(+51ms)[22m 
[2m21:27:42[22m   [34mΓö£ΓöÇ[39m [2m/laptop-brands/lenovo/legion/lenovo-legion-slim-5-gen-8-14-2023/index.html[22m [2m(+5ms)[22m 
[2m21:27:42[22m   [34mΓö£ΓöÇ[39m [2m/laptop-brands/lenovo/thinkpad/lenovo-thinkpad-p16s-gen-2/index.html[22m [2m(+43ms)[22m 
[2m21:27:42[22m   [34mΓö£ΓöÇ[39m [2m/laptop-brands/hp/elite/hp-elite-x360-1040-g10/index.html[22m [2m(+5ms)[22m 
[2m21:27:42[22m   [34mΓö£ΓöÇ[39m [2m/laptop-brands/lenovo/thinkpad/lenovo-thinkpad-l13-yoga-gen-4/index.html[22m [2m(+14ms)[22m 
[2m21:27:42[22m   [34mΓö£ΓöÇ[39m [2m/laptop-brands/hp/elite/hp-elite-x360-830-g11/index.html[22m [2m(+6ms)[22m 
[2m21:27:42[22m   [34mΓö£ΓöÇ[39m [2m/laptop-brands/lenovo/thinkpad/lenovo-thinkpad-l13-gen-4/index.html[22m [2m(+162ms)[22m 
[2m21:27:42[22m   [34mΓö£ΓöÇ[39m [2m/laptop-brands/lenovo/thinkpad/lenovo-thinkpad-p1-gen-6/index.html[22m [2m(+5ms)[22m 
[2m21:27:42[22m   [34mΓö£ΓöÇ[39m [2m/laptop-brands/hp/elitebook/hp-elitebook-845-g10/index.html[22m [2m(+29ms)[22m 
[2m21:27:42[22m   [34mΓö£ΓöÇ[39m [2m/laptop-brands/hp/elitebook/hp-elitebook-865-g10/index.html[22m [2m(+5ms)[22m 
[2m21:27:42[22m   [34mΓö£ΓöÇ[39m [2m/laptop-brands/hp/elitebook/hp-elitebook-860-g11/index.html[22m [2m(+13ms)[22m 
[2m21:27:42[22m   [34mΓö£ΓöÇ[39m [2m/laptop-brands/hp/elite/hp-elite-x360-830-g10/index.html[22m [2m(+5ms)[22m 
[2m21:27:42[22m   [34mΓö£ΓöÇ[39m [2m/laptop-brands/hp/elite/hp-elite-x360-1040-g11/index.html[22m [2m(+31ms)[22m 
[2m21:27:42[22m   [34mΓö£ΓöÇ[39m [2m/laptop-brands/hp/elitebook/hp-elitebook-1040-g11/index.html[22m [2m(+8ms)[22m 
[2m21:27:42[22m   [34mΓö£ΓöÇ[39m [2m/laptop-brands/hp/elitebook/hp-elitebook-1040-g10/index.html[22m [2m(+51ms)[22m 
[2m21:27:42[22m   [34mΓö£ΓöÇ[39m [2m/laptop-brands/hp/probook/hp-probook-440-g10/index.html[22m [2m(+6ms)[22m 
[2m21:27:42[22m   [34mΓö£ΓöÇ[39m [2m/laptop-brands/hp/elitebook/hp-elitebook-640-g10/index.html[22m [2m(+16ms)[22m 
[2m21:27:42[22m   [34mΓö£ΓöÇ[39m [2m/laptop-brands/asus/rog/asus-rog-zephyrus-g14-2023/index.html[22m [2m(+7ms)[22m 
[2m21:27:42[22m   [34mΓö£ΓöÇ[39m [2m/laptop-brands/acer/predator/acer-predator-triton-14-pt14-51/index.html[22m [2m(+34ms)[22m 
[2m21:27:42[22m   [34mΓö£ΓöÇ[39m [2m/laptop-brands/msi/pulse/msi-pulse-16-ai-2024/index.html[22m [2m(+12ms)[22m 
[2m21:27:42[22m   [34mΓö£ΓöÇ[39m [2m/laptop-brands/dell/g15/dell-g15-5535/index.html[22m [2m(+8ms)[22m 
[2m21:27:42[22m   [34mΓö£ΓöÇ[39m [2m/laptop-brands/msi/katana/msi-katana-a17-ai-2024/index.html[22m [2m(+13ms)[22m 
[2m21:27:42[22m   [34mΓö£ΓöÇ[39m [2m/laptop-brands/razer/blade/razer-blade-14-2023/index.html[22m [2m(+7ms)[22m 
[2m21:27:42[22m   [34mΓö£ΓöÇ[39m [2m/laptop-brands/acer/predator/acer-predator-triton-300-se/index.html[22m [2m(+10ms)[22m 
[2m21:27:42[22m   [34mΓö£ΓöÇ[39m [2m/laptop-brands/hp/elitebook/hp-elitebook-830-g10/index.html[22m [2m(+6ms)[22m 
[2m21:27:42[22m   [34mΓö£ΓöÇ[39m [2m/laptop-brands/lenovo/thinkpad/lenovo-thinkpad-l14-gen-4/index.html[22m [2m(+11ms)[22m 
[2m21:27:42[22m   [34mΓö£ΓöÇ[39m [2m/laptop-brands/lenovo/thinkpad/lenovo-thinkpad-x13-gen-4/index.html[22m [2m(+14ms)[22m 
[2m21:27:42[22m   [34mΓö£ΓöÇ[39m [2m/laptop-brands/msi/crosshair/msi-crosshair-16-hx-2024/index.html[22m [2m(+25ms)[22m 
[2m21:27:42[22m   [34mΓö£ΓöÇ[39m [2m/laptop-brands/msi/sword/msi-sword-16-hx-2024/index.html[22m [2m(+93ms)[22m 
[2m21:27:42[22m   [34mΓö£ΓöÇ[39m [2m/laptop-brands/lenovo/thinkbook/lenovo-thinkbook-16p-gen-4/index.html[22m [2m(+4ms)[22m 
[2m21:27:42[22m   [34mΓö£ΓöÇ[39m [2m/laptop-brands/lenovo/thinkpad/lenovo-thinkpad-t14s-gen-4/index.html[22m [2m(+129ms)[22m 
[2m21:27:42[22m   [34mΓö£ΓöÇ[39m [2m/laptop-brands/lenovo/thinkpad/lenovo-thinkpad-x1-carbon-gen-10/index.html[22m [2m(+7ms)[22m 
[2m21:27:42[22m   [34mΓö£ΓöÇ[39m [2m/laptop-brands/lenovo/thinkpad/lenovo-thinkpad-x1-carbon-gen-11/index.html[22m [2m(+104ms)[22m 
[2m21:27:43[22m   [34mΓö£ΓöÇ[39m [2m/laptop-brands/apple/macbook/apple-macbook-pro-13-m1-2020/index.html[22m [2m(+16ms)[22m 
[2m21:27:43[22m   [34mΓö£ΓöÇ[39m [2m/laptop-brands/microsoft/surface/microsoft-surface-pro-9/index.html[22m [2m(+93ms)[22m 
[2m21:27:43[22m   [34mΓö£ΓöÇ[39m [2m/laptop-brands/asus/vivobook/asus-vivobook-s-15-oled-k5504/index.html[22m [2m(+5ms)[22m 
[2m21:27:43[22m   [34mΓö£ΓöÇ[39m [2m/laptop-brands/dell/latitude/dell-latitude-5540/index.html[22m [2m(+84ms)[22m 
[2m21:27:43[22m   [34mΓö£ΓöÇ[39m [2m/laptop-brands/lenovo/ideapad/lenovo-ideapad-flex-5-14-gen-8/index.html[22m [2m(+12ms)[22m 
[2m21:27:43[22m   [34mΓö£ΓöÇ[39m [2m/laptop-brands/lenovo/yoga/lenovo-yoga-slim-7-gen-8-14-amd/index.html[22m [2m(+89ms)[22m 
[2m21:27:43[22m   [34mΓö£ΓöÇ[39m [2m/laptop-brands/lenovo/thinkpad/lenovo-thinkpad-p16v/index.html[22m [2m(+18ms)[22m 
[2m21:27:43[22m   [34mΓö£ΓöÇ[39m [2m/laptop-brands/microsoft/surface/microsoft-surface-laptop-6-13-5/index.html[22m [2m(+139ms)[22m 
[2m21:27:43[22m   [34mΓö£ΓöÇ[39m [2m/laptop-brands/microsoft/surface/microsoft-surface-laptop-5-13-5/index.html[22m [2m(+10ms)[22m 
[2m21:27:43[22m   [34mΓö£ΓöÇ[39m [2m/laptop-brands/microsoft/surface/microsoft-surface-laptop-6-15/index.html[22m [2m(+39ms)[22m 
[2m21:27:43[22m   [34mΓö£ΓöÇ[39m [2m/laptop-brands/dell/precision/dell-precision-3490/index.html[22m [2m(+4ms)[22m 
[2m21:27:43[22m   [34mΓö£ΓöÇ[39m [2m/laptop-brands/asus/zenbook/asus-zenbook-14x-oled-q420/index.html[22m [2m(+9ms)[22m 
[2m21:27:43[22m   [34mΓö£ΓöÇ[39m [2m/laptop-brands/lenovo/yoga/lenovo-yoga-7-gen-9-14-amd/index.html[22m [2m(+20ms)[22m 
[2m21:27:43[22m   [34mΓö£ΓöÇ[39m [2m/laptop-brands/hp/spectre/hp-spectre-x360-16-2024/index.html[22m [2m(+33ms)[22m 
[2m21:27:43[22m   [34mΓö£ΓöÇ[39m [2m/laptop-brands/dell/latitude/dell-latitude-5550/index.html[22m [2m(+5ms)[22m 
[2m21:27:43[22m   [34mΓö£ΓöÇ[39m [2m/laptop-brands/hp/elitebook/hp-elitebook-630-g10/index.html[22m [2m(+15ms)[22m 
[2m21:27:43[22m   [34mΓö£ΓöÇ[39m [2m/laptop-brands/hp/elitebook/hp-elitebook-830-g11/index.html[22m [2m(+10ms)[22m 
[2m21:27:43[22m   [34mΓö£ΓöÇ[39m [2m/laptop-brands/dell/precision/dell-precision-3590/index.html[22m [2m(+20ms)[22m 
[2m21:27:43[22m   [34mΓö£ΓöÇ[39m [2m/laptop-brands/hp/elitebook/hp-elitebook-840-g10/index.html[22m [2m(+5ms)[22m 
[2m21:27:43[22m   [34mΓö£ΓöÇ[39m [2m/laptop-brands/msi/summit/msi-summit-e16-ai-studio/index.html[22m [2m(+24ms)[22m 
[2m21:27:43[22m   [34mΓö£ΓöÇ[39m [2m/laptop-brands/asus/vivobook/asus-vivobook-15-oled-m1505/index.html[22m [2m(+7ms)[22m 
[2m21:27:43[22m   [34mΓö£ΓöÇ[39m [2m/laptop-brands/lenovo/ideapad/ideapad-slim-3i-14-gen-8/index.html[22m [2m(+80ms)[22m 
[2m21:27:43[22m   [34mΓö£ΓöÇ[39m [2m/laptop-brands/huawei/matebook/huawei-matebook-x-pro-2022/index.html[22m [2m(+4ms)[22m 
[2m21:27:43[22m   [34mΓö£ΓöÇ[39m [2m/laptop-brands/xiaomi/redmibook/xiaomi-redmibook-14-pro-2024/index.html[22m [2m(+46ms)[22m 
[2m21:27:43[22m   [34mΓö£ΓöÇ[39m [2m/laptop-brands/xiaomi/redmibook/xiaomi-redmibook-14-2023/index.html[22m [2m(+5ms)[22m 
[2m21:27:43[22m   [34mΓö£ΓöÇ[39m [2m/laptop-brands/xiaomi/redmibook/xiaomi-redmibook-15-pro-2023/index.html[22m [2m(+15ms)[22m 
[2m21:27:43[22m   [34mΓö£ΓöÇ[39m [2m/laptop-brands/xiaomi/redmibook/xiaomi-redmibook-16-2024/index.html[22m [2m(+13ms)[22m 
[2m21:27:43[22m   [34mΓö£ΓöÇ[39m [2m/laptop-brands/dell/vostro/dell-vostro-14-3430/index.html[22m [2m(+22ms)[22m 
[2m21:27:43[22m   [34mΓö£ΓöÇ[39m [2m/laptop-brands/dell/vostro/dell-vostro-15-3520/index.html[22m [2m(+7ms)[22m 
[2m21:27:43[22m   [34mΓö£ΓöÇ[39m [2m/laptop-brands/razer/blade/razer-blade-18/index.html[22m [2m(+32ms)[22m 
[2m21:27:43[22m   [34mΓö£ΓöÇ[39m [2m/laptop-brands/dell/precision/dell-precision-3580/index.html[22m [2m(+43ms)[22m 
[2m21:27:44[22m   [34mΓö£ΓöÇ[39m [2m/laptop-brands/dell/latitude/dell-latitude-7440/index.html[22m [2m(+25ms)[22m 
[2m21:27:44[22m   [34mΓö£ΓöÇ[39m [2m/laptop-brands/lenovo/thinkpad/lenovo-thinkpad-e14-gen-5/index.html[22m [2m(+7ms)[22m 
[2m21:27:44[22m   [34mΓö£ΓöÇ[39m [2m/laptop-brands/lenovo/thinkpad/lenovo-thinkpad-l15-gen-4/index.html[22m [2m(+41ms)[22m 
[2m21:27:44[22m   [34mΓö£ΓöÇ[39m [2m/laptop-brands/asus/rog/asus-rog-strix-g16/index.html[22m [2m(+5ms)[22m 
[2m21:27:44[22m   [34mΓö£ΓöÇ[39m [2m/laptop-brands/dell/precision/dell-precision-5490/index.html[22m [2m(+7ms)[22m 
[2m21:27:44[22m   [34mΓö£ΓöÇ[39m [2m/laptop-brands/dell/precision/dell-precision-5680/index.html[22m [2m(+9ms)[22m 
[2m21:27:44[22m   [34mΓö£ΓöÇ[39m [2m/laptop-brands/dell/precision/dell-precision-5480/index.html[22m [2m(+15ms)[22m 
[2m21:27:44[22m   [34mΓö£ΓöÇ[39m [2m/laptop-brands/dell/precision/dell-precision-3480/index.html[22m [2m(+5ms)[22m 
[2m21:27:44[22m   [34mΓö£ΓöÇ[39m [2m/laptop-brands/dell/latitude/dell-latitude-9450/index.html[22m [2m(+9ms)[22m 
[2m21:27:44[22m   [34mΓö£ΓöÇ[39m [2m/laptop-brands/dell/latitude/dell-latitude-9440/index.html[22m [2m(+6ms)[22m 
[2m21:27:44[22m   [34mΓö£ΓöÇ[39m [2m/laptop-brands/dell/latitude/dell-latitude-7640/index.html[22m [2m(+7ms)[22m 
[2m21:27:44[22m   [34mΓö£ΓöÇ[39m [2m/laptop-brands/dell/latitude/dell-latitude-7340/index.html[22m [2m(+7ms)[22m 
[2m21:27:44[22m   [34mΓö£ΓöÇ[39m [2m/laptop-brands/dell/xps/dell-xps-15-9520-2022/index.html[22m [2m(+12ms)[22m 
[2m21:27:44[22m   [34mΓö£ΓöÇ[39m [2m/laptop-brands/dell/latitude/dell-latitude-5340/index.html[22m [2m(+4ms)[22m 
[2m21:27:44[22m   [34mΓö£ΓöÇ[39m [2m/laptop-brands/asus/vivobook/asus-vivobook-go-15-oled/index.html[22m [2m(+15ms)[22m 
[2m21:27:44[22m   [34mΓö£ΓöÇ[39m [2m/laptop-brands/dell/inspiron/dell-inspiron-14-7430/index.html[22m [2m(+4ms)[22m 
[2m21:27:44[22m   [34mΓö£ΓöÇ[39m [2m/laptop-brands/lenovo/yoga/lenovo-yoga-6-13-gen-8/index.html[22m [2m(+50ms)[22m 
[2m21:27:44[22m   [34mΓö£ΓöÇ[39m [2m/laptop-brands/samsung/galaxy/samsung-galaxy-book-3-360-15-6/index.html[22m [2m(+4ms)[22m 
[2m21:27:44[22m   [34mΓö£ΓöÇ[39m [2m/laptop-brands/samsung/galaxy/samsung-galaxy-book-3-360-13-3/index.html[22m [2m(+14ms)[22m 
[2m21:27:44[22m   [34mΓö£ΓöÇ[39m [2m/laptop-brands/apple/macbook/apple-macbook-pro-14-2021/index.html[22m [2m(+9ms)[22m 
[2m21:27:44[22m   [34mΓö£ΓöÇ[39m [2m/laptop-brands/samsung/galaxy/samsung-galaxy-book-3/index.html[22m [2m(+132ms)[22m 
[2m21:27:44[22m   [34mΓö£ΓöÇ[39m [2m/laptop-brands/samsung/galaxy/samsung-galaxy-book-3-pro-14/index.html[22m [2m(+12ms)[22m 
[2m21:27:44[22m   [34mΓö£ΓöÇ[39m [2m/laptop-brands/asus/vivobook/asus-vivobook-17x-k1703-12th-gen-intel/index.html[22m [2m(+66ms)[22m 
[2m21:27:44[22m   [34mΓö£ΓöÇ[39m [2m/laptop-brands/gigabyte/g6/gigabyte-g6-2023/index.html[22m [2m(+6ms)[22m 
[2m21:27:44[22m   [34mΓö£ΓöÇ[39m [2m/laptop-brands/gigabyte/g5/gigabyte-g5-2023/index.html[22m [2m(+83ms)[22m 
[2m21:27:44[22m   [34mΓö£ΓöÇ[39m [2m/laptop-brands/hp/pavilion/hp-pavilion-15-2022/index.html[22m [2m(+4ms)[22m 
[2m21:27:44[22m   [34mΓö£ΓöÇ[39m [2m/laptop-brands/dell/inspiron/dell-inspiron-15-3535/index.html[22m [2m(+97ms)[22m 
[2m21:27:44[22m   [34mΓö£ΓöÇ[39m [2m/laptop-brands/lenovo/yoga/lenovo-yoga-9i-14-gen-8/index.html[22m [2m(+11ms)[22m 
[2m21:27:44[22m   [34mΓö£ΓöÇ[39m [2m/laptop-brands/lenovo/slim/lenovo-slim-7i-14-gen-9/index.html[22m [2m(+61ms)[22m 
[2m21:27:44[22m   [34mΓö£ΓöÇ[39m [2m/laptop-brands/lenovo/legion/lenovo-legion-slim-5i-gen-8-2023/index.html[22m [2m(+7ms)[22m 
[2m21:27:44[22m   [34mΓö£ΓöÇ[39m [2m/laptop-brands/lenovo/legion/lenovo-legion-slim-5-gen-8-2023/index.html[22m [2m(+82ms)[22m 
[2m21:27:44[22m   [34mΓö£ΓöÇ[39m [2m/laptop-brands/asus/zenbook/asus-zenbook-duo-14-2024-ux8406/index.html[22m [2m(+6ms)[22m 
[2m21:27:44[22m   [34mΓö£ΓöÇ[39m [2m/laptop-brands/lenovo/yoga/lenovo-yoga-book-9i-13/index.html[22m [31m(+950ms)[39m 
[2m21:27:45[22m   [34mΓö£ΓöÇ[39m [2m/laptop-brands/lenovo/legion/lenovo-legion-9i-gen-8/index.html[22m [2m(+23ms)[22m 
[2m21:27:45[22m   [34mΓö£ΓöÇ[39m [2m/laptop-brands/dell/alienware/dell-alienware-x16/index.html[22m [2m(+300ms)[22m 
[2m21:27:46[22m   [34mΓö£ΓöÇ[39m [2m/laptop-brands/dell/alienware/dell-alienware-m16/index.html[22m [2m(+11ms)[22m 
[2m21:27:46[22m   [34mΓö£ΓöÇ[39m [2m/laptop-brands/acer/swift/acer-swift-go-16-sfg16-71/index.html[22m [2m(+20ms)[22m 
[2m21:27:46[22m   [34mΓö£ΓöÇ[39m [2m/laptop-brands/msi/katana/msi-katana-17-2023/index.html[22m [2m(+7ms)[22m 
[2m21:27:46[22m   [34mΓö£ΓöÇ[39m [2m/laptop-brands/msi/katana/msi-katana-15-2023/index.html[22m [2m(+16ms)[22m 
[2m21:27:46[22m   [34mΓö£ΓöÇ[39m [2m/laptop-brands/msi/stealth/msi-stealth-14-studio/index.html[22m [2m(+41ms)[22m 
[2m21:27:46[22m   [34mΓö£ΓöÇ[39m [2m/laptop-brands/msi/cyborg/msi-cyborg-15/index.html[22m [2m(+5ms)[22m 
[2m21:27:46[22m   [34mΓö£ΓöÇ[39m [2m/laptop-brands/msi/pulse/msi-pulse-17-ai-2024/index.html[22m [2m(+8ms)[22m 
[2m21:27:46[22m   [34mΓö£ΓöÇ[39m [2m/laptop-brands/msi/pulse/msi-pulse-17-2023/index.html[22m [2m(+14ms)[22m 
[2m21:27:46[22m   [34mΓö£ΓöÇ[39m [2m/laptop-brands/msi/sword/msi-sword-17-hx-2024/index.html[22m [2m(+6ms)[22m 
[2m21:27:46[22m   [34mΓö£ΓöÇ[39m [2m/laptop-brands/msi/sword/msi-sword-17-2023/index.html[22m [2m(+13ms)[22m 
[2m21:27:46[22m   [34mΓö£ΓöÇ[39m [2m/laptop-brands/acer/predator/acer-predator-triton-neo-16-ptn16-51/index.html[22m [2m(+7ms)[22m 
[2m21:27:46[22m   [34mΓö£ΓöÇ[39m [2m/laptop-brands/msi/sword/msi-sword-15-2022/index.html[22m [2m(+10ms)[22m 
[2m21:27:46[22m   [34mΓö£ΓöÇ[39m [2m/laptop-brands/msi/vector/msi-vector-gp68-2023/index.html[22m [2m(+6ms)[22m 
[2m21:27:46[22m   [34mΓö£ΓöÇ[39m [2m/laptop-brands/msi/raider/msi-raider-ge78-hx-2023/index.html[22m [2m(+17ms)[22m 
[2m21:27:46[22m   [34mΓö£ΓöÇ[39m [2m/laptop-brands/asus/rog/asus-rog-strix-scar-18/index.html[22m [2m(+8ms)[22m 
[2m21:27:46[22m   [34mΓö£ΓöÇ[39m [2m/laptop-brands/msi/titan/msi-titan-gt77/index.html[22m [2m(+9ms)[22m 
[2m21:27:46[22m   [34mΓö£ΓöÇ[39m [2m/laptop-brands/acer/predator/acer-predator-helios-16-ph16-71-2023/index.html[22m [2m(+9ms)[22m 
[2m21:27:46[22m   [34mΓö£ΓöÇ[39m [2m/laptop-brands/hp/spectre/hp-spectre-x360-16-2022/index.html[22m [2m(+13ms)[22m 
[2m21:27:46[22m   [34mΓö£ΓöÇ[39m [2m/laptop-brands/dell/g15/dell-g15-5530-2023/index.html[22m [2m(+5ms)[22m 
[2m21:27:46[22m   [34mΓö£ΓöÇ[39m [2m/laptop-brands/lenovo/thinkbook/lenovo-thinkbook-14-gen-6-plus/index.html[22m [2m(+27ms)[22m 
[2m21:27:46[22m   [34mΓö£ΓöÇ[39m [2m/laptop-brands/lenovo/thinkbook/lenovo-thinkbook-13x-gen-4/index.html[22m [2m(+6ms)[22m 
[2m21:27:46[22m   [34mΓö£ΓöÇ[39m [2m/laptop-brands/lenovo/legion/lenovo-legion-pro-7i-gen-8-intel-2023/index.html[22m [2m(+18ms)[22m 
[2m21:27:46[22m   [34mΓö£ΓöÇ[39m [2m/laptop-brands/msi/thin/msi-gf63-thin/index.html[22m [2m(+5ms)[22m 
[2m21:27:46[22m   [34mΓö£ΓöÇ[39m [2m/laptop-brands/asus/zenbook/asus-zenbook-pro-14-duo-oled-ux8402/index.html[22m [2m(+20ms)[22m 
[2m21:27:46[22m   [34mΓö£ΓöÇ[39m [2m/laptop-brands/asus/rog/asus-rog-strix-scar-16/index.html[22m [2m(+6ms)[22m 
[2m21:27:46[22m   [34mΓö£ΓöÇ[39m [2m/laptop-brands/hp/elitebook/hp-elitebook-645-g10/index.html[22m [2m(+21ms)[22m 
[2m21:27:46[22m   [34mΓö£ΓöÇ[39m [2m/laptop-brands/acer/predator/acer-predator-helios-3d-15-spatiallabs-edition/index.html[22m [2m(+11ms)[22m 
[2m21:27:46[22m   [34mΓö£ΓöÇ[39m [2m/laptop-brands/acer/swift/acer-swift-go-sfg14-71/index.html[22m [2m(+14ms)[22m 
[2m21:27:46[22m   [34mΓö£ΓöÇ[39m [2m/laptop-brands/lenovo/thinkpad/lenovo-thinkpad-x1-yoga-gen-8/index.html[22m [2m(+7ms)[22m 
[2m21:27:46[22m   [34mΓö£ΓöÇ[39m [2m/laptop-brands/lenovo/ideapad/lenovo-ideapad-pro-5i-gen-8-14-2023/index.html[22m [2m(+24ms)[22m 
[2m21:27:46[22m   [34mΓö£ΓöÇ[39m [2m/laptop-brands/asus/zenbook/asus-zenbook-14-oled-ux3402/index.html[22m [2m(+5ms)[22m 
[2m21:27:46[22m   [34mΓö£ΓöÇ[39m [2m/laptop-brands/apple/macbook/apple-macbook-pro-16-2019/index.html[22m [2m(+5ms)[22m 
[2m21:27:46[22m   [34mΓö£ΓöÇ[39m [2m/laptop-brands/hp/elitebook/hp-elitebook-840-g8/index.html[22m [2m(+8ms)[22m 
[2m21:27:46[22m   [34mΓö£ΓöÇ[39m [2m/laptop-brands/dell/latitude/dell-latitude-3340/index.html[22m [2m(+10ms)[22m 
[2m21:27:46[22m   [34mΓö£ΓöÇ[39m [2m/laptop-brands/msi/crosshair/msi-crosshair-16/index.html[22m [2m(+6ms)[22m 
[2m21:27:46[22m   [34mΓö£ΓöÇ[39m [2m/laptop-brands/huawei/matebook/huawei-matebook-d-16-2024/index.html[22m [2m(+6ms)[22m 
[2m21:27:46[22m   [34mΓö£ΓöÇ[39m [2m/laptop-brands/huawei/matebook/huawei-matebook-d-16-2023/index.html[22m [2m(+8ms)[22m 
[2m21:27:46[22m   [34mΓö£ΓöÇ[39m [2m/laptop-brands/huawei/matebook/huawei-matebook-d-14-2023/index.html[22m [2m(+5ms)[22m 
[2m21:27:46[22m   [34mΓö£ΓöÇ[39m [2m/laptop-brands/msi/summit/msi-summit-e14-flip-evo/index.html[22m [2m(+5ms)[22m 
[2m21:27:46[22m   [34mΓö£ΓöÇ[39m [2m/laptop-brands/asus/vivobook/asus-vivobook-s-14-oled-k5404/index.html[22m [2m(+29ms)[22m 
[2m21:27:46[22m   [34mΓö£ΓöÇ[39m [2m/laptop-brands/acer/aspire/acer-aspire-5-a514-55/index.html[22m [2m(+8ms)[22m 
[2m21:27:46[22m   [34mΓö£ΓöÇ[39m [2m/laptop-brands/lenovo/ideapad/lenovo-ideapad-pro-5i-gen-8-16-2023/index.html[22m [2m(+11ms)[22m 
[2m21:27:46[22m   [34mΓö£ΓöÇ[39m [2m/laptop-brands/honor/magicbook/honor-magicbook-x-14-pro/index.html[22m [2m(+8ms)[22m 
[2m21:27:46[22m   [34mΓö£ΓöÇ[39m [2m/laptop-brands/acer/swift/acer-swift-edge-sfa16-41/index.html[22m [2m(+31ms)[22m 
[2m21:27:46[22m   [34mΓö£ΓöÇ[39m [2m/laptop-brands/acer/swift/acer-swift-14-sf14-71t/index.html[22m [2m(+7ms)[22m 
[2m21:27:46[22m   [34mΓö£ΓöÇ[39m [2m/laptop-brands/lenovo/slim/lenovo-slim-7i-14-gen-8/index.html[22m [2m(+19ms)[22m 
[2m21:27:46[22m   [34mΓö£ΓöÇ[39m [2m/laptop-brands/microsoft/surface/microsoft-surface-laptop-go-3/index.html[22m [2m(+7ms)[22m 
[2m21:27:46[22m   [34mΓö£ΓöÇ[39m [2m/laptop-brands/microsoft/surface/microsoft-surface-laptop-studio/index.html[22m [2m(+17ms)[22m 
[2m21:27:46[22m   [34mΓö£ΓöÇ[39m [2m/laptop-brands/asus/zenbook/asus-zenbook-pro-14-oled-ux6404/index.html[22m [2m(+6ms)[22m 
[2m21:27:46[22m   [34mΓö£ΓöÇ[39m [2m/laptop-brands/acer/swift/acer-swift-go-14-sfg14-41/index.html[22m [2m(+9ms)[22m 
[2m21:27:46[22m   [34mΓö£ΓöÇ[39m [2m/laptop-brands/huawei/matebook/huawei-matebook-14-2023/index.html[22m [2m(+7ms)[22m 
[2m21:27:46[22m   [34mΓö£ΓöÇ[39m [2m/laptop-brands/dell/xps/dell-xps-13-plus-9320/index.html[22m [2m(+9ms)[22m 
[2m21:27:46[22m   [34mΓö£ΓöÇ[39m [2m/laptop-brands/hp/elitebook/hp-elitebook-845-g9/index.html[22m [2m(+7ms)[22m 
[2m21:27:46[22m   [34mΓö£ΓöÇ[39m [2m/laptop-brands/hp/elitebook/hp-elitebook-850-g8/index.html[22m [2m(+5ms)[22m 
[2m21:27:46[22m   [34mΓö£ΓöÇ[39m [2m/laptop-brands/lenovo/thinkpad/lenovo-thinkpad-p15v-gen-3/index.html[22m [2m(+11ms)[22m 
[2m21:27:46[22m   [34mΓö£ΓöÇ[39m [2m/laptop-brands/lenovo/thinkpad/lenovo-thinkpad-x13-gen-3-intel/index.html[22m [2m(+9ms)[22m 
[2m21:27:46[22m   [34mΓö£ΓöÇ[39m [2m/laptop-brands/hp/elite/hp-elite-dragonfly-g4/index.html[22m [2m(+7ms)[22m 
[2m21:27:46[22m   [34mΓö£ΓöÇ[39m [2m/laptop-brands/hp/laptop/hp-laptop-14/index.html[22m [2m(+14ms)[22m 
[2m21:27:46[22m   [34mΓö£ΓöÇ[39m [2m/laptop-brands/lenovo/legion/lenovo-legion-pro-5-gen-8-amd-2023/index.html[22m [2m(+5ms)[22m 
[2m21:27:46[22m   [34mΓö£ΓöÇ[39m [2m/laptop-brands/dell/inspiron/dell-inspiron-15-3520-intel/index.html[22m [2m(+22ms)[22m 
[2m21:27:46[22m   [34mΓö£ΓöÇ[39m [2m/laptop-brands/lenovo/legion/lenovo-legion-pro-5i-gen-8-intel-2023/index.html[22m [2m(+5ms)[22m 
[2m21:27:46[22m   [34mΓö£ΓöÇ[39m [2m/laptop-brands/apple/macbook/apple-macbook-pro-16-2021/index.html[22m [2m(+21ms)[22m 
[2m21:27:46[22m   [34mΓö£ΓöÇ[39m [2m/laptop-brands/asus/expertbook/asus-expertbook-b9-oled-b9403/index.html[22m [2m(+6ms)[22m 
[2m21:27:46[22m   [34mΓö£ΓöÇ[39m [2m/laptop-brands/acer/nitro/acer-nitro-5-an515-46/index.html[22m [2m(+12ms)[22m 
[2m21:27:46[22m   [34mΓö£ΓöÇ[39m [2m/laptop-brands/lenovo/loq/lenovo-loq-16aph8/index.html[22m [2m(+8ms)[22m 
[2m21:27:46[22m   [34mΓö£ΓöÇ[39m [2m/laptop-brands/msi/modern/msi-modern-14-2021-ryzen/index.html[22m [2m(+16ms)[22m 
[2m21:27:46[22m   [34mΓö£ΓöÇ[39m [2m/laptop-brands/hp/victus/hp-victus-15-2022-amd/index.html[22m [2m(+5ms)[22m 
[2m21:27:46[22m   [34mΓö£ΓöÇ[39m [2m/laptop-brands/lenovo/ideapad/lenovo-ideapad-gaming-3-15-gen-7-amd/index.html[22m [2m(+9ms)[22m 
[2m21:27:46[22m   [34mΓö£ΓöÇ[39m [2m/laptop-brands/asus/zenbook/asus-zenbook-15-oled-um3504/index.html[22m [2m(+5ms)[22m 
[2m21:27:46[22m   [34mΓö£ΓöÇ[39m [2m/laptop-brands/acer/aspire/acer-aspire-5-a517-58/index.html[22m [2m(+11ms)[22m 
[2m21:27:46[22m   [34mΓö£ΓöÇ[39m [2m/laptop-brands/hp/elitebook/hp-elitebook-650-g10/index.html[22m [2m(+6ms)[22m 
[2m21:27:46[22m   [34mΓö£ΓöÇ[39m [2m/laptop-brands/hp/probook/hp-probook-450-g9/index.html[22m [2m(+23ms)[22m 
[2m21:27:46[22m   [34mΓö£ΓöÇ[39m [2m/laptop-brands/hp/probook/hp-probook-440-g9/index.html[22m [2m(+8ms)[22m 
[2m21:27:46[22m   [34mΓö£ΓöÇ[39m [2m/laptop-brands/asus/vivobook/asus-vivobook-16x-m1603/index.html[22m [2m(+20ms)[22m 
[2m21:27:46[22m   [34mΓö£ΓöÇ[39m [2m/laptop-brands/hp/zbook/hp-zbook-fury-16-g9/index.html[22m [2m(+10ms)[22m 
[2m21:27:46[22m   [34mΓö£ΓöÇ[39m [2m/laptop-brands/dell/g16/dell-g16-7630-2023/index.html[22m [2m(+12ms)[22m 
[2m21:27:47[22m   [34mΓö£ΓöÇ[39m [2m/laptop-brands/hp/envy/hp-envy-x360-15-2023/index.html[22m [2m(+21ms)[22m 
[2m21:27:47[22m   [34mΓö£ΓöÇ[39m [2m/laptop-brands/hp/envy/hp-envy-x360-14-2023/index.html[22m [2m(+6ms)[22m 
[2m21:27:47[22m   [34mΓö£ΓöÇ[39m [2m/laptop-brands/lenovo/ideapad/lenovo-ideapad-flex-5-16-gen-8/index.html[22m [2m(+28ms)[22m 
[2m21:27:47[22m   [34mΓö£ΓöÇ[39m [2m/laptop-brands/hp/envy/hp-envy-x360-13-2022/index.html[22m [2m(+6ms)[22m 
[2m21:27:47[22m   [34mΓö£ΓöÇ[39m [2m/laptop-brands/hp/elitebook/hp-elitebook-640-g9/index.html[22m [2m(+22ms)[22m 
[2m21:27:47[22m   [34mΓö£ΓöÇ[39m [2m/laptop-brands/dell/g15/dell-g15-5520/index.html[22m [2m(+8ms)[22m 
[2m21:27:47[22m   [34mΓö£ΓöÇ[39m [2m/laptop-brands/hp/elitebook/hp-elitebook-830-g9/index.html[22m [2m(+13ms)[22m 
[2m21:27:47[22m   [34mΓö£ΓöÇ[39m [2m/laptop-brands/lenovo/thinkpad/lenovo-thinkpad-x13-yoga-gen-4/index.html[22m [2m(+7ms)[22m 
[2m21:27:47[22m   [34mΓö£ΓöÇ[39m [2m/laptop-brands/hp/zbook/hp-zbook-firefly-14-g9/index.html[22m [2m(+112ms)[22m 
[2m21:27:47[22m   [34mΓö£ΓöÇ[39m [2m/laptop-brands/lenovo/thinkpad/lenovo-thinkpad-x13-yoga-gen-3/index.html[22m [2m(+8ms)[22m 
[2m21:27:47[22m   [34mΓö£ΓöÇ[39m [2m/laptop-brands/lenovo/slim/lenovo-slim-pro-7-gen-8-14-5-amd/index.html[22m [2m(+23ms)[22m 
[2m21:27:47[22m   [34mΓö£ΓöÇ[39m [2m/laptop-brands/dell/inspiron/dell-inspiron-16-plus-7630/index.html[22m [2m(+6ms)[22m 
[2m21:27:47[22m   [34mΓö£ΓöÇ[39m [2m/laptop-brands/dell/inspiron/dell-inspiron-16-plus-7620/index.html[22m [2m(+21ms)[22m 
[2m21:27:47[22m   [34mΓö£ΓöÇ[39m [2m/laptop-brands/asus/tuf/asus-tuf-dash-f15-2022/index.html[22m [2m(+9ms)[22m 
[2m21:27:47[22m   [34mΓö£ΓöÇ[39m [2m/laptop-brands/acer/aspire/acer-aspire-5-a515-57/index.html[22m [2m(+13ms)[22m 
[2m21:27:47[22m   [34mΓö£ΓöÇ[39m [2m/laptop-brands/lenovo/thinkpad/lenovo-thinkpad-x1-nano-gen-3/index.html[22m [2m(+196ms)[22m 
[2m21:27:47[22m   [34mΓö£ΓöÇ[39m [2m/laptop-brands/lenovo/thinkpad/lenovo-thinkpad-t15-gen-2/index.html[22m [2m(+38ms)[22m 
[2m21:27:47[22m   [34mΓö£ΓöÇ[39m [2m/laptop-brands/lenovo/thinkpad/lenovo-thinkpad-l13-yoga-gen-3-intel/index.html[22m [2m(+6ms)[22m 
[2m21:27:47[22m   [34mΓö£ΓöÇ[39m [2m/laptop-brands/lenovo/legion/lenovo-legion-slim-7i-gen-8-2023/index.html[22m [2m(+23ms)[22m 
[2m21:27:47[22m   [34mΓö£ΓöÇ[39m [2m/laptop-brands/asus/rog/asus-rog-zephyrus-g16-2023/index.html[22m [2m(+7ms)[22m 
[2m21:27:47[22m   [34mΓö£ΓöÇ[39m [2m/laptop-brands/asus/zenbook/asus-zenbook-14x-oled-ux3404-2023/index.html[22m [2m(+26ms)[22m 
[2m21:27:47[22m   [34mΓö£ΓöÇ[39m [2m/laptop-brands/lenovo/ideapad/lenovo-ideapad-flex-5i-14-intel/index.html[22m [2m(+6ms)[22m 
[2m21:27:47[22m   [34mΓö£ΓöÇ[39m [2m/laptop-brands/lenovo/yoga/lenovo-yoga-7i-gen-8-16-intel/index.html[22m [2m(+49ms)[22m 
[2m21:27:47[22m   [34mΓö£ΓöÇ[39m [2m/laptop-brands/asus/zenbook/asus-zenbook-s-13-oled-um5302/index.html[22m [2m(+6ms)[22m 
[2m21:27:47[22m   [34mΓö£ΓöÇ[39m [2m/laptop-brands/msi/stealth/msi-stealth-15/index.html[22m [2m(+8ms)[22m 
[2m21:27:47[22m   [34mΓö£ΓöÇ[39m [2m/laptop-brands/asus/zenbook/asus-zenbook-14-flip-oled-up3404/index.html[22m [2m(+7ms)[22m 
[2m21:27:47[22m   [34mΓö£ΓöÇ[39m [2m/laptop-brands/lenovo/slim/lenovo-slim-pro-9i-gen-8-14-5/index.html[22m [2m(+10ms)[22m 
[2m21:27:47[22m   [34mΓö£ΓöÇ[39m [2m/laptop-brands/lenovo/slim/lenovo-slim-pro-7i-gen-8-14-5/index.html[22m [2m(+6ms)[22m 
[2m21:27:47[22m   [34mΓö£ΓöÇ[39m [2m/laptop-brands/gigabyte/aorus/gigabyte-aorus-15-2023/index.html[22m [2m(+13ms)[22m 
[2m21:27:47[22m   [34mΓö£ΓöÇ[39m [2m/laptop-brands/dell/precision/dell-precision-7780/index.html[22m [2m(+9ms)[22m 
[2m21:27:47[22m   [34mΓö£ΓöÇ[39m [2m/laptop-brands/dell/precision/dell-precision-7670/index.html[22m [2m(+51ms)[22m 
[2m21:27:47[22m   [34mΓö£ΓöÇ[39m [2m/laptop-brands/dell/precision/dell-precision-3581/index.html[22m [2m(+5ms)[22m 
[2m21:27:47[22m   [34mΓö£ΓöÇ[39m [2m/laptop-brands/dell/precision/dell-precision-3470/index.html[22m [2m(+24ms)[22m 
[2m21:27:47[22m   [34mΓö£ΓöÇ[39m [2m/laptop-brands/lenovo/ideapad/ideapad-slim-3i-15-gen-8/index.html[22m [2m(+8ms)[22m 
[2m21:27:47[22m   [34mΓö£ΓöÇ[39m [2m/laptop-brands/asus/zenbook/asus-zenbook-14-oled-um3402/index.html[22m [2m(+28ms)[22m 
[2m21:27:47[22m   [34mΓö£ΓöÇ[39m [2m/laptop-brands/hp/dragonfly/hp-dragonfly-pro/index.html[22m [2m(+6ms)[22m 
[2m21:27:47[22m   [34mΓö£ΓöÇ[39m [2m/laptop-brands/asus/vivobook/asus-vivobook-16-f1603-12th-gen-intel/index.html[22m [2m(+18ms)[22m 
[2m21:27:47[22m   [34mΓö£ΓöÇ[39m [2m/laptop-brands/lenovo/ideapad/lenovo-ideapad-3-15-amd/index.html[22m [2m(+8ms)[22m 
[2m21:27:47[22m   [34mΓö£ΓöÇ[39m [2m/laptop-brands/asus/vivobook/asus-vivobook-15-f1502-12th-gen-intel/index.html[22m [2m(+10ms)[22m 
[2m21:27:47[22m   [34mΓö£ΓöÇ[39m [2m/laptop-brands/dell/inspiron/dell-inspiron-14-plus-7420/index.html[22m [2m(+10ms)[22m 
[2m21:27:47[22m   [34mΓö£ΓöÇ[39m [2m/laptop-brands/dell/vostro/dell-vostro-5630/index.html[22m [2m(+33ms)[22m 
[2m21:27:47[22m   [34mΓö£ΓöÇ[39m [2m/laptop-brands/dell/inspiron/dell-inspiron-16-7635-2-in-1/index.html[22m [2m(+6ms)[22m 
[2m21:27:47[22m   [34mΓö£ΓöÇ[39m [2m/laptop-brands/lenovo/thinkpad/lenovo-thinkpad-t16/index.html[22m [2m(+327ms)[22m 
[2m21:27:48[22m   [34mΓö£ΓöÇ[39m [2m/laptop-brands/acer/aspire/acer-aspire-5-a515-56/index.html[22m [2m(+17ms)[22m 
[2m21:27:48[22m   [34mΓö£ΓöÇ[39m [2m/laptop-brands/asus/tuf/asus-tuf-gaming-a17-2023/index.html[22m [2m(+22ms)[22m 
[2m21:27:48[22m   [34mΓö£ΓöÇ[39m [2m/laptop-brands/asus/tuf/asus-tuf-gaming-a16-advantage-edition-2023/index.html[22m [2m(+6ms)[22m 
[2m21:27:48[22m   [34mΓö£ΓöÇ[39m [2m/laptop-brands/asus/tuf/asus-tuf-gaming-f17-2023/index.html[22m [2m(+11ms)[22m 
[2m21:27:48[22m   [34mΓö£ΓöÇ[39m [2m/laptop-brands/dell/g15/dell-g15-5525/index.html[22m [2m(+7ms)[22m 
[2m21:27:48[22m   [34mΓö£ΓöÇ[39m [2m/laptop-brands/asus/vivobook/asus-vivobook-pro-15-oled-k6500/index.html[22m [2m(+8ms)[22m 
[2m21:27:48[22m   [34mΓö£ΓöÇ[39m [2m/laptop-brands/gigabyte/aero/gigabyte-aero-16-oled-2023/index.html[22m [2m(+7ms)[22m 
[2m21:27:48[22m   [34mΓö£ΓöÇ[39m [2m/laptop-brands/asus/zenbook/asus-zenbook-14x-oled-space-edition/index.html[22m [2m(+19ms)[22m 
[2m21:27:48[22m   [34mΓö£ΓöÇ[39m [2m/laptop-brands/acer/nitro/acer-nitro-17-an17-51-2023/index.html[22m [2m(+7ms)[22m 
[2m21:27:48[22m   [34mΓö£ΓöÇ[39m [2m/laptop-brands/asus/rog/asus-rog-strix-g17-2023/index.html[22m [2m(+17ms)[22m 
[2m21:27:48[22m   [34mΓö£ΓöÇ[39m [2m/laptop-brands/asus/rog/asus-rog-strix-g18/index.html[22m [2m(+5ms)[22m 
[2m21:27:48[22m   [34mΓö£ΓöÇ[39m [2m/laptop-brands/msi/pulse/msi-pulse-15-2023/index.html[22m [2m(+15ms)[22m 
[2m21:27:48[22m   [34mΓö£ΓöÇ[39m [2m/laptop-brands/acer/predator/acer-predator-helios-300-ph315-55/index.html[22m [2m(+7ms)[22m 
[2m21:27:48[22m   [34mΓö£ΓöÇ[39m [2m/laptop-brands/acer/nitro/acer-nitro-5-an515-58/index.html[22m [2m(+92ms)[22m 
[2m21:27:48[22m   [34mΓö£ΓöÇ[39m [2m/laptop-brands/msi/vector/msi-vector-gp78-2023/index.html[22m [2m(+19ms)[22m 
[2m21:27:48[22m   [34mΓö£ΓöÇ[39m [2m/laptop-brands/msi/vector/msi-vector-gp77/index.html[22m [2m(+28ms)[22m 
[2m21:27:48[22m   [34mΓö£ΓöÇ[39m [2m/laptop-brands/msi/katana/msi-katana-gf66/index.html[22m [2m(+9ms)[22m 
[2m21:27:48[22m   [34mΓö£ΓöÇ[39m [2m/laptop-brands/asus/tuf/asus-tuf-gaming-f15-2021/index.html[22m [2m(+9ms)[22m 
[2m21:27:48[22m   [34mΓö£ΓöÇ[39m [2m/laptop-brands/lg/gram/lg-gram-2-in-1-14-2023/index.html[22m [2m(+7ms)[22m 
[2m21:27:48[22m   [34mΓö£ΓöÇ[39m [2m/laptop-brands/samsung/galaxy/samsung-galaxy-book-3-pro-360/index.html[22m [2m(+8ms)[22m 
[2m21:27:48[22m   [34mΓö£ΓöÇ[39m [2m/laptop-brands/lg/gram/lg-gram-2-in-1-16-2023/index.html[22m [2m(+8ms)[22m 
[2m21:27:48[22m   [34mΓö£ΓöÇ[39m [2m/laptop-brands/lg/gram/lg-gram-style-14-2023/index.html[22m [2m(+10ms)[22m 
[2m21:27:48[22m   [34mΓö£ΓöÇ[39m [2m/laptop-brands/lg/gram/lg-gram-ultraslim-15-6-2023/index.html[22m [2m(+5ms)[22m 
[2m21:27:48[22m   [34mΓö£ΓöÇ[39m [2m/laptop-brands/lg/gram/lg-gram-style-16-2023/index.html[22m [2m(+20ms)[22m 
[2m21:27:48[22m   [34mΓö£ΓöÇ[39m [2m/laptop-brands/microsoft/surface/microsoft-surface-laptop-5-15/index.html[22m [2m(+8ms)[22m 
[2m21:27:48[22m   [34mΓö£ΓöÇ[39m [2m/laptop-brands/lg/gram/lg-gram-14-2022/index.html[22m [2m(+20ms)[22m 
[2m21:27:48[22m   [34mΓö£ΓöÇ[39m [2m/laptop-brands/lg/gram/lg-gram-15-2023/index.html[22m [2m(+5ms)[22m 
[2m21:27:48[22m   [34mΓö£ΓöÇ[39m [2m/laptop-brands/lenovo/slim/lenovo-slim-pro-9i-gen-8-16/index.html[22m [2m(+17ms)[22m 
[2m21:27:48[22m   [34mΓö£ΓöÇ[39m [2m/laptop-brands/samsung/galaxy/samsung-galaxy-book-3-pro-16/index.html[22m [2m(+8ms)[22m 
[2m21:27:48[22m   [34mΓö£ΓöÇ[39m [2m/laptop-brands/samsung/galaxy/samsung-galaxy-book-3-ultra/index.html[22m [2m(+12ms)[22m 
[2m21:27:48[22m   [34mΓö£ΓöÇ[39m [2m/laptop-brands/asus/zenbook/asus-zenbook-pro-16x-oled-ux7602/index.html[22m [2m(+8ms)[22m 
[2m21:27:48[22m   [34mΓö£ΓöÇ[39m [2m/laptop-brands/asus/vivobook/asus-vivobook-pro-16x-3d-oled-k6604-2023/index.html[22m [2m(+26ms)[22m 
[2m21:27:48[22m   [34mΓö£ΓöÇ[39m [2m/laptop-brands/lenovo/thinkpad/lenovo-thinkpad-t14s-gen-3-intel/index.html[22m [2m(+7ms)[22m 
[2m21:27:48[22m   [34mΓö£ΓöÇ[39m [2m/laptop-brands/lenovo/thinkpad/lenovo-thinkpad-t14-gen-3-amd/index.html[22m [2m(+21ms)[22m 
[2m21:27:48[22m   [34mΓö£ΓöÇ[39m [2m/laptop-brands/lenovo/thinkpad/lenovo-thinkpad-t14-gen-3-intel/index.html[22m [2m(+10ms)[22m 
[2m21:27:48[22m   [34mΓö£ΓöÇ[39m [2m/laptop-brands/acer/nitro/acer-nitro-5-an517-55/index.html[22m [2m(+10ms)[22m 
[2m21:27:48[22m   [34mΓö£ΓöÇ[39m [2m/laptop-brands/acer/nitro/acer-nitro-16-an16-51-2023/index.html[22m [2m(+8ms)[22m 
[2m21:27:48[22m   [34mΓö£ΓöÇ[39m [2m/laptop-brands/asus/rog/asus-rog-zephyrus-m16-2023/index.html[22m [2m(+9ms)[22m 
[2m21:27:48[22m   [34mΓö£ΓöÇ[39m [2m/laptop-brands/samsung/galaxy/samsung-galaxy-book-2-360/index.html[22m [2m(+6ms)[22m 
[2m21:27:48[22m   [34mΓö£ΓöÇ[39m [2m/laptop-brands/lenovo/yoga/lenovo-yoga-7i-gen-7-14-intel/index.html[22m [2m(+13ms)[22m 
[2m21:27:48[22m   [34mΓö£ΓöÇ[39m [2m/laptop-brands/dell/alienware/dell-alienware-x17-r2/index.html[22m [2m(+7ms)[22m 
[2m21:27:48[22m   [34mΓö£ΓöÇ[39m [2m/laptop-brands/dell/alienware/dell-alienware-x14-r2/index.html[22m [2m(+17ms)[22m 
[2m21:27:48[22m   [34mΓö£ΓöÇ[39m [2m/laptop-brands/dell/alienware/dell-alienware-x14/index.html[22m [2m(+8ms)[22m 
[2m21:27:48[22m   [34mΓö£ΓöÇ[39m [2m/laptop-brands/lenovo/legion/lenovo-legion-5-gen-7-2022-amd/index.html[22m [2m(+6ms)[22m 
[2m21:27:48[22m   [34mΓö£ΓöÇ[39m [2m/laptop-brands/lenovo/legion/lenovo-legion-5-pro-gen-7-2022-amd/index.html[22m [2m(+10ms)[22m 
[2m21:27:48[22m   [34mΓö£ΓöÇ[39m [2m/laptop-brands/lenovo/legion/lenovo-legion-pro-7-gen-8-amd-2023/index.html[22m [2m(+9ms)[22m 
[2m21:27:48[22m   [34mΓö£ΓöÇ[39m [2m/laptop-brands/asus/rog/asus-rog-flow-x13-2023/index.html[22m [2m(+9ms)[22m 
[2m21:27:48[22m   [34mΓö£ΓöÇ[39m [2m/laptop-brands/asus/rog/asus-rog-flow-z13-gz301-2022/index.html[22m [2m(+5ms)[22m 
[2m21:27:48[22m   [34mΓö£ΓöÇ[39m [2m/laptop-brands/hp/omen/hp-omen-16-2022/index.html[22m [2m(+11ms)[22m 
[2m21:27:48[22m   [34mΓö£ΓöÇ[39m [2m/laptop-brands/asus/rog/asus-rog-flow-x16-2023/index.html[22m [2m(+21ms)[22m 
[2m21:27:48[22m   [34mΓö£ΓöÇ[39m [2m/laptop-brands/asus/rog/asus-rog-flow-x16-2022/index.html[22m [2m(+13ms)[22m 
[2m21:27:48[22m   [34mΓö£ΓöÇ[39m [2m/laptop-brands/msi/raider/msi-raider-ge67/index.html[22m [2m(+24ms)[22m 
[2m21:27:48[22m   [34mΓö£ΓöÇ[39m [2m/laptop-brands/msi/raider/msi-raider-ge77/index.html[22m [2m(+7ms)[22m 
[2m21:27:48[22m   [34mΓö£ΓöÇ[39m [2m/laptop-brands/msi/stealth/msi-stealth-17-studio/index.html[22m [2m(+10ms)[22m 
[2m21:27:48[22m   [34mΓö£ΓöÇ[39m [2m/laptop-brands/asus/rog/asus-rog-flow-x13-2022/index.html[22m [2m(+8ms)[22m 
[2m21:27:48[22m   [34mΓö£ΓöÇ[39m [2m/laptop-brands/asus/rog/asus-rog-zephyrus-g14-ga402-2022/index.html[22m [2m(+10ms)[22m 
[2m21:27:49[22m   [34mΓö£ΓöÇ[39m [2m/laptop-brands/razer/blade/razer-blade-15-2022/index.html[22m [2m(+7ms)[22m 
[2m21:27:49[22m   [34mΓö£ΓöÇ[39m [2m/laptop-brands/lenovo/thinkpad/lenovo-thinkpad-t14s-gen-3-amd/index.html[22m [2m(+26ms)[22m 
[2m21:27:49[22m   [34mΓö£ΓöÇ[39m [2m/laptop-brands/lenovo/ideapad/lenovo-ideapad-flex-5-14-intel/index.html[22m [2m(+7ms)[22m 
[2m21:27:49[22m   [34mΓö£ΓöÇ[39m [2m/laptop-brands/lenovo/thinkbook/lenovo-thinkbook-15-gen-4-intel/index.html[22m [2m(+11ms)[22m 
[2m21:27:49[22m   [34mΓö£ΓöÇ[39m [2m/laptop-brands/lenovo/thinkbook/lenovo-thinkbook-15-gen-2-intel/index.html[22m [2m(+10ms)[22m 
[2m21:27:49[22m   [34mΓö£ΓöÇ[39m [2m/laptop-brands/gigabyte/aorus/gigabyte-aorus-5-intel-12th-gen/index.html[22m [2m(+10ms)[22m 
[2m21:27:49[22m   [34mΓö£ΓöÇ[39m [2m/laptop-brands/dell/g16/dell-g16/index.html[22m [2m(+7ms)[22m 
[2m21:27:49[22m   [34mΓö£ΓöÇ[39m [2m/laptop-brands/lenovo/thinkpad/lenovo-thinkpad-p1-gen-5/index.html[22m [2m(+11ms)[22m 
[2m21:27:49[22m   [34mΓö£ΓöÇ[39m [2m/laptop-brands/xiaomi/book/xiaomi-book-pro-14-2022/index.html[22m [2m(+34ms)[22m 
[2m21:27:49[22m   [34mΓö£ΓöÇ[39m [2m/laptop-brands/dell/precision/dell-precision-5470/index.html[22m [2m(+4ms)[22m 
[2m21:27:49[22m   [34mΓö£ΓöÇ[39m [2m/laptop-brands/dell/precision/dell-precision-3570/index.html[22m [2m(+25ms)[22m 
[2m21:27:49[22m   [34mΓö£ΓöÇ[39m [2m/laptop-brands/hp/zbook/hp-zbook-studio-16-g9/index.html[22m [2m(+5ms)[22m 
[2m21:27:49[22m   [34mΓö£ΓöÇ[39m [2m/laptop-brands/hp/victus/hp-victus-16-2022-intel/index.html[22m [2m(+21ms)[22m 
[2m21:27:49[22m   [34mΓö£ΓöÇ[39m [2m/laptop-brands/gigabyte/g5/gigabyte-g5-2022/index.html[22m [2m(+6ms)[22m 
[2m21:27:49[22m   [34mΓö£ΓöÇ[39m [2m/laptop-brands/hp/zbook/hp-zbook-power-g9/index.html[22m [2m(+15ms)[22m 
[2m21:27:49[22m   [34mΓö£ΓöÇ[39m [2m/laptop-brands/asus/vivobook/asus-vivobook-s-14-oled-12th-gen-intel/index.html[22m [2m(+5ms)[22m 
[2m21:27:49[22m   [34mΓö£ΓöÇ[39m [2m/laptop-brands/acer/swift/acer-swift-3-sf314-71/index.html[22m [2m(+15ms)[22m 
[2m21:27:49[22m   [34mΓö£ΓöÇ[39m [2m/laptop-brands/samsung/galaxy/samsung-galaxy-book-2-pro-360-13-3/index.html[22m [2m(+8ms)[22m 
[2m21:27:49[22m   [34mΓö£ΓöÇ[39m [2m/laptop-brands/dell/precision/dell-precision-7560/index.html[22m [2m(+13ms)[22m 
[2m21:27:49[22m   [34mΓö£ΓöÇ[39m [2m/laptop-brands/dell/precision/dell-precision-5570/index.html[22m [2m(+8ms)[22m 
[2m21:27:49[22m   [34mΓö£ΓöÇ[39m [2m/laptop-brands/dell/precision/dell-precision-7770/index.html[22m [2m(+6ms)[22m 
[2m21:27:49[22m   [34mΓö£ΓöÇ[39m [2m/laptop-brands/asus/proart/asus-proart-studiobook-16-h7600/index.html[22m [2m(+8ms)[22m 
[2m21:27:49[22m   [34mΓö£ΓöÇ[39m [2m/laptop-brands/lenovo/ideapad/lenovo-ideapad-5-pro-gen-7-16-amd/index.html[22m [2m(+18ms)[22m 
[2m21:27:49[22m   [34mΓö£ΓöÇ[39m [2m/laptop-brands/lenovo/legion/lenovo-legion-slim-7-gen-7-2022-amd/index.html[22m [2m(+7ms)[22m 
[2m21:27:49[22m   [34mΓö£ΓöÇ[39m [2m/laptop-brands/dell/vostro/dell-vostro-7620/index.html[22m [2m(+23ms)[22m 
[2m21:27:49[22m   [34mΓö£ΓöÇ[39m [2m/laptop-brands/dell/alienware/dell-alienware-m15-r7/index.html[22m [2m(+4ms)[22m 
[2m21:27:49[22m   [34mΓö£ΓöÇ[39m [2m/laptop-brands/asus/rog/asus-rog-zephyrus-g15-ga503-2022/index.html[22m [2m(+16ms)[22m 
[2m21:27:49[22m   [34mΓö£ΓöÇ[39m [2m/laptop-brands/lenovo/yoga/lenovo-yoga-7-gen-7-14-amd/index.html[22m [2m(+5ms)[22m 
[2m21:27:49[22m   [34mΓö£ΓöÇ[39m [2m/laptop-brands/lenovo/yoga/lenovo-yoga-6-13-gen-7/index.html[22m [2m(+168ms)[22m 
[2m21:27:49[22m   [34mΓö£ΓöÇ[39m [2m/laptop-brands/dell/inspiron/dell-inspiron-14-7420-intel-2-in-1/index.html[22m [2m(+9ms)[22m 
[2m21:27:49[22m   [34mΓö£ΓöÇ[39m [2m/laptop-brands/dell/xps/dell-xps-13-9315/index.html[22m [2m(+64ms)[22m 
[2m21:27:49[22m   [34mΓö£ΓöÇ[39m [2m/laptop-brands/dell/latitude/dell-latitude-5530/index.html[22m [2m(+8ms)[22m 
[2m21:27:49[22m   [34mΓö£ΓöÇ[39m [2m/laptop-brands/dell/inspiron/dell-inspiron-16-plus-7610/index.html[22m [2m(+10ms)[22m 
[2m21:27:49[22m   [34mΓö£ΓöÇ[39m [2m/laptop-brands/dell/inspiron/dell-inspiron-16-7620-2-in-1/index.html[22m [2m(+7ms)[22m 
[2m21:27:49[22m   [34mΓö£ΓöÇ[39m [2m/laptop-brands/lenovo/thinkpad/lenovo-thinkpad-z13/index.html[22m [2m(+23ms)[22m 
[2m21:27:49[22m   [34mΓö£ΓöÇ[39m [2m/laptop-brands/asus/vivobook/asus-vivobook-pro-15x-oled-12th-gen-intel/index.html[22m [2m(+7ms)[22m 
[2m21:27:49[22m   [34mΓö£ΓöÇ[39m [2m/laptop-brands/lenovo/legion/lenovo-legion-slim-7i-gen-7-2022-intel/index.html[22m [2m(+22ms)[22m 
[2m21:27:49[22m   [34mΓö£ΓöÇ[39m [2m/laptop-brands/acer/aspire/acer-aspire-5-spin-14/index.html[22m [2m(+8ms)[22m 
[2m21:27:49[22m   [34mΓö£ΓöÇ[39m [2m/laptop-brands/dell/precision/dell-precision-7760/index.html[22m [2m(+13ms)[22m 
[2m21:27:49[22m   [34mΓö£ΓöÇ[39m [2m/laptop-brands/dell/xps/dell-xps-17-9720-2022/index.html[22m [2m(+5ms)[22m 
[2m21:27:49[22m   [34mΓö£ΓöÇ[39m [2m/laptop-brands/dell/precision/dell-precision-5770/index.html[22m [2m(+19ms)[22m 
[2m21:27:49[22m   [34mΓö£ΓöÇ[39m [2m/laptop-brands/asus/tuf/asus-tuf-gaming-f17-2022/index.html[22m [2m(+8ms)[22m 
[2m21:27:49[22m   [34mΓö£ΓöÇ[39m [2m/laptop-brands/acer/nitro/acer-nitro-5-an517-42/index.html[22m [2m(+10ms)[22m 
[2m21:27:49[22m   [34mΓö£ΓöÇ[39m [2m/laptop-brands/samsung/galaxy/samsung-galaxy-book-2-pro-15-6/index.html[22m [2m(+8ms)[22m 
[2m21:27:49[22m   [34mΓö£ΓöÇ[39m [2m/laptop-brands/lg/gram/lg-gram-16-2022/index.html[22m [2m(+7ms)[22m 
[2m21:27:49[22m   [34mΓö£ΓöÇ[39m [2m/laptop-brands/samsung/galaxy/samsung-galaxy-book-2-pro-13-3/index.html[22m [2m(+8ms)[22m 
[2m21:27:49[22m   [34mΓö£ΓöÇ[39m [2m/laptop-brands/huawei/matebook/huawei-matebook-d-16-2022/index.html[22m [2m(+15ms)[22m 
[2m21:27:49[22m   [34mΓö£ΓöÇ[39m [2m/laptop-brands/honor/magicbook/honor-magicbook-16-2022/index.html[22m [2m(+6ms)[22m 
[2m21:27:49[22m   [34mΓö£ΓöÇ[39m [2m/laptop-brands/huawei/matebook/huawei-matebook-d-15-2021/index.html[22m [2m(+6ms)[22m 
[2m21:27:49[22m   [34mΓö£ΓöÇ[39m [2m/laptop-brands/asus/vivobook/asus-vivobook-s-15-oled-12th-gen-intel/index.html[22m [2m(+8ms)[22m 
[2m21:27:49[22m   [34mΓö£ΓöÇ[39m [2m/laptop-brands/hp/elitebook/hp-elitebook-840-g9/index.html[22m [2m(+17ms)[22m 
[2m21:27:49[22m   [34mΓö£ΓöÇ[39m [2m/laptop-brands/asus/vivobook/asus-vivobook-pro-14-oled-m3401/index.html[22m [2m(+10ms)[22m 
[2m21:27:49[22m   [34mΓö£ΓöÇ[39m [2m/laptop-brands/asus/vivobook/asus-vivobook-s-14x-oled-s5402/index.html[22m [2m(+298ms)[22m 
[2m21:27:50[22m   [34mΓö£ΓöÇ[39m [2m/laptop-brands/acer/swift/acer-swift-3-sf314-512/index.html[22m [2m(+8ms)[22m 
[2m21:27:50[22m   [34mΓö£ΓöÇ[39m [2m/laptop-brands/hp/pavilion/hp-pavilion-plus-14-2022/index.html[22m [2m(+26ms)[22m 
[2m21:27:50[22m   [34mΓö£ΓöÇ[39m [2m/laptop-brands/dell/inspiron/dell-inspiron-16-5620/index.html[22m [2m(+41ms)[22m 
[2m21:27:50[22m   [34mΓö£ΓöÇ[39m [2m/laptop-brands/lenovo/legion/lenovo-legion-7-gen-7-2022-amd/index.html[22m [2m(+28ms)[22m 
[2m21:27:50[22m   [34mΓö£ΓöÇ[39m [2m/laptop-brands/lenovo/legion/lenovo-legion-5i-15-gen-7/index.html[22m [2m(+8ms)[22m 
[2m21:27:50[22m   [34mΓö£ΓöÇ[39m [2m/laptop-brands/lenovo/legion/lenovo-legion-5-pro-16/index.html[22m [2m(+9ms)[22m 
[2m21:27:50[22m   [34mΓö£ΓöÇ[39m [2m/laptop-brands/lenovo/legion/lenovo-legion-5-2021-amd/index.html[22m [2m(+8ms)[22m 
[2m21:27:50[22m   [34mΓö£ΓöÇ[39m [2m/laptop-brands/lenovo/legion/lenovo-legion-5i-pro-gen-7-2022-intel/index.html[22m [2m(+9ms)[22m 
[2m21:27:50[22m   [34mΓö£ΓöÇ[39m [2m/laptop-brands/hp/elitebook/hp-elitebook-860-g9/index.html[22m [2m(+7ms)[22m 
[2m21:27:50[22m   [34mΓö£ΓöÇ[39m [2m/laptop-brands/samsung/galaxy/samsung-galaxy-book-2-pro-360-15-6/index.html[22m [2m(+11ms)[22m 
[2m21:27:50[22m   [34mΓö£ΓöÇ[39m [2m/laptop-brands/lg/gram/lg-gram-16-2021/index.html[22m [2m(+6ms)[22m 
[2m21:27:50[22m   [34mΓö£ΓöÇ[39m [2m/laptop-brands/lg/gram/lg-gram-17-2022/index.html[22m [2m(+11ms)[22m 
[2m21:27:50[22m   [34mΓö£ΓöÇ[39m [2m/laptop-brands/microsoft/surface/microsoft-surface-laptop-go-2/index.html[22m [2m(+6ms)[22m 
[2m21:27:50[22m   [34mΓö£ΓöÇ[39m [2m/laptop-brands/lenovo/thinkpad/lenovo-thinkpad-e15-gen-4-intel/index.html[22m [2m(+21ms)[22m 
[2m21:27:50[22m   [34mΓö£ΓöÇ[39m [2m/laptop-brands/lenovo/thinkpad/lenovo-thinkpad-e14-gen-4-amd/index.html[22m [2m(+7ms)[22m 
[2m21:27:50[22m   [34mΓö£ΓöÇ[39m [2m/laptop-brands/acer/swift/acer-swift-5-sf514-56/index.html[22m [2m(+10ms)[22m 
[2m21:27:50[22m   [34mΓö£ΓöÇ[39m [2m/laptop-brands/lenovo/thinkpad/lenovo-thinkpad-e14-gen-3-amd/index.html[22m [2m(+6ms)[22m 
[2m21:27:50[22m   [34mΓö£ΓöÇ[39m [2m/laptop-brands/lenovo/thinkpad/lenovo-thinkpad-t14s-gen-2-amd/index.html[22m [2m(+8ms)[22m 
[2m21:27:50[22m   [34mΓö£ΓöÇ[39m [2m/laptop-brands/dell/inspiron/dell-inspiron-16-5625/index.html[22m [2m(+8ms)[22m 
[2m21:27:50[22m   [34mΓö£ΓöÇ[39m [2m/laptop-brands/asus/vivobook/asus-vivobook-pro-16x-oled/index.html[22m [2m(+9ms)[22m 
[2m21:27:50[22m   [34mΓö£ΓöÇ[39m [2m/laptop-brands/asus/rog/asus-rog-zephyrus-m16-gu603-2022/index.html[22m [2m(+8ms)[22m 
[2m21:27:50[22m   [34mΓö£ΓöÇ[39m [2m/laptop-brands/dell/latitude/dell-latitude-9430/index.html[22m [2m(+8ms)[22m 
[2m21:27:50[22m   [34mΓö£ΓöÇ[39m [2m/laptop-brands/dell/latitude/dell-latitude-9330/index.html[22m [2m(+7ms)[22m 
[2m21:27:50[22m   [34mΓö£ΓöÇ[39m [2m/laptop-brands/dell/inspiron/dell-inspiron-14-7435-2-in-1/index.html[22m [2m(+12ms)[22m 
[2m21:27:50[22m   [34mΓö£ΓöÇ[39m [2m/laptop-brands/dell/inspiron/dell-inspiron-14-5425/index.html[22m [2m(+8ms)[22m 
[2m21:27:50[22m   [34mΓö£ΓöÇ[39m [2m/laptop-brands/dell/inspiron/dell-inspiron-14-5420/index.html[22m [2m(+13ms)[22m 
[2m21:27:50[22m   [34mΓö£ΓöÇ[39m [2m/laptop-brands/lenovo/thinkpad/lenovo-thinkpad-x1-yoga-gen-7/index.html[22m [2m(+5ms)[22m 
[2m21:27:50[22m   [34mΓö£ΓöÇ[39m [2m/laptop-brands/lenovo/thinkpad/lenovo-thinkpad-l13-yoga-gen-2-intel/index.html[22m [2m(+20ms)[22m 
[2m21:27:50[22m   [34mΓö£ΓöÇ[39m [2m/laptop-brands/lenovo/thinkpad/lenovo-thinkpad-x1-extreme-gen-5/index.html[22m [2m(+5ms)[22m 
[2m21:27:50[22m   [34mΓö£ΓöÇ[39m [2m/laptop-brands/lenovo/legion/lenovo-legion-7i-gen-7-2022-intel/index.html[22m [2m(+8ms)[22m 
[2m21:27:50[22m   [34mΓö£ΓöÇ[39m [2m/laptop-brands/lenovo/thinkpad/lenovo-thinkpad-x1-extreme-gen-4-16-intel/index.html[22m [2m(+12ms)[22m 
[2m21:27:50[22m   [34mΓö£ΓöÇ[39m [2m/laptop-brands/dell/vostro/dell-vostro-5620/index.html[22m [2m(+10ms)[22m 
[2m21:27:50[22m   [34mΓö£ΓöÇ[39m [2m/laptop-brands/asus/tuf/asus-tuf-gaming-f15-2022/index.html[22m [2m(+8ms)[22m 
[2m21:27:50[22m   [34mΓö£ΓöÇ[39m [2m/laptop-brands/lenovo/ideapad/lenovo-ideapad-gaming-3-15-gen-6-amd/index.html[22m [2m(+18ms)[22m 
[2m21:27:50[22m   [34mΓö£ΓöÇ[39m [2m/laptop-brands/hp/elitebook/hp-elitebook-1040-g9/index.html[22m [2m(+10ms)[22m 
[2m21:27:50[22m   [34mΓö£ΓöÇ[39m [2m/laptop-brands/hp/elitebook/hp-elitebook-650-g9/index.html[22m [2m(+11ms)[22m 
[2m21:27:50[22m   [34mΓö£ΓöÇ[39m [2m/laptop-brands/hp/elitebook/hp-elitebook-830-g8/index.html[22m [2m(+7ms)[22m 
[2m21:27:50[22m   [34mΓö£ΓöÇ[39m [2m/laptop-brands/hp/elitebook/hp-elitebook-x360-1040-g8/index.html[22m [2m(+5ms)[22m 
[2m21:27:50[22m   [34mΓö£ΓöÇ[39m [2m/laptop-brands/hp/probook/hp-probook-440-g8/index.html[22m [2m(+8ms)[22m 
[2m21:27:50[22m   [34mΓö£ΓöÇ[39m [2m/laptop-brands/msi/creator/msi-creator-z17-a12u/index.html[22m [2m(+18ms)[22m 
[2m21:27:50[22m   [34mΓö£ΓöÇ[39m [2m/laptop-brands/hp/probook/hp-probook-450-g8/index.html[22m [2m(+7ms)[22m 
[2m21:27:50[22m   [34mΓö£ΓöÇ[39m [2m/laptop-brands/lenovo/slim/lenovo-slim-7-pro-x-14-amd/index.html[22m [2m(+20ms)[22m 
[2m21:27:50[22m   [34mΓö£ΓöÇ[39m [2m/laptop-brands/dell/precision/dell-precision-17-5760/index.html[22m [2m(+8ms)[22m 
[2m21:27:50[22m   [34mΓö£ΓöÇ[39m [2m/laptop-brands/lenovo/slim/lenovo-slim-7i-pro-x-14-intel/index.html[22m [2m(+9ms)[22m 
[2m21:27:50[22m   [34mΓö£ΓöÇ[39m [2m/laptop-brands/razer/blade/razer-blade-17-2022/index.html[22m [2m(+7ms)[22m 
[2m21:27:50[22m   [34mΓö£ΓöÇ[39m [2m/laptop-brands/asus/rog/asus-rog-strix-scar-17-se-2022/index.html[22m [2m(+9ms)[22m 
[2m21:27:50[22m   [34mΓö£ΓöÇ[39m [2m/laptop-brands/msi/stealth/msi-stealth-gs77/index.html[22m [2m(+7ms)[22m 
[2m21:27:50[22m   [34mΓö£ΓöÇ[39m [2m/laptop-brands/apple/macbook/apple-macbook-pro-15-2018/index.html[22m [2m(+10ms)[22m 
[2m21:27:50[22m   [34mΓö£ΓöÇ[39m [2m/laptop-brands/microsoft/surface/microsoft-surface-laptop-3-13-5/index.html[22m [2m(+6ms)[22m 
[2m21:27:50[22m   [34mΓö£ΓöÇ[39m [2m/laptop-brands/microsoft/surface/microsoft-surface-laptop-4-13-5/index.html[22m [2m(+25ms)[22m 
[2m21:27:50[22m   [34mΓö£ΓöÇ[39m [2m/laptop-brands/msi/raider/msi-raider-ge66-2022/index.html[22m [2m(+7ms)[22m 
[2m21:27:50[22m   [34mΓö£ΓöÇ[39m [2m/laptop-brands/msi/raider/msi-raider-ge76-2022/index.html[22m [2m(+78ms)[22m 
[2m21:27:50[22m   [34mΓö£ΓöÇ[39m [2m/laptop-brands/lenovo/thinkbook/lenovo-thinkbook-14-gen-4-amd/index.html[22m [2m(+18ms)[22m 
[2m21:27:50[22m   [34mΓö£ΓöÇ[39m [2m/laptop-brands/hp/victus/hp-victus-16-2021-amd/index.html[22m [2m(+119ms)[22m 
[2m21:27:50[22m   [34mΓö£ΓöÇ[39m [2m/laptop-brands/hp/spectre/hp-spectre-x360-13-2022/index.html[22m [2m(+5ms)[22m 
[2m21:27:50[22m   [34mΓö£ΓöÇ[39m [2m/laptop-brands/hp/envy/hp-envy-13/index.html[22m [2m(+18ms)[22m 
[2m21:27:50[22m   [34mΓö£ΓöÇ[39m [2m/laptop-brands/hp/spectre/hp-spectre-x360-14-2021/index.html[22m [2m(+9ms)[22m 
[2m21:27:50[22m   [34mΓö£ΓöÇ[39m [2m/laptop-brands/dell/latitude/dell-latitude-7430/index.html[22m [2m(+13ms)[22m 
[2m21:27:50[22m   [34mΓö£ΓöÇ[39m [2m/laptop-brands/asus/rog/asus-rog-strix-scar-15-g533-2022/index.html[22m [2m(+7ms)[22m 
[2m21:27:50[22m   [34mΓö£ΓöÇ[39m [2m/laptop-brands/dell/alienware/dell-alienware-m17-r5-ryzen-edition/index.html[22m [2m(+24ms)[22m 
[2m21:27:50[22m   [34mΓö£ΓöÇ[39m [2m/laptop-brands/lenovo/legion/lenovo-legion-7i-gen-6-2021-intel/index.html[22m [2m(+7ms)[22m 
[2m21:27:50[22m   [34mΓö£ΓöÇ[39m [2m/laptop-brands/hp/spectre/hp-spectre-x360-16/index.html[22m [2m(+43ms)[22m 
[2m21:27:51[22m   [34mΓö£ΓöÇ[39m [2m/laptop-brands/acer/predator/acer-predator-helios-300-ph317-56-2022/index.html[22m [2m(+4ms)[22m 
[2m21:27:51[22m   [34mΓö£ΓöÇ[39m [2m/laptop-brands/dell/precision/dell-precision-3571/index.html[22m [2m(+5ms)[22m 
[2m21:27:51[22m   [34mΓö£ΓöÇ[39m [2m/laptop-brands/asus/rog/asus-rog-strix-g15-g513/index.html[22m [2m(+8ms)[22m 
[2m21:27:51[22m   [34mΓö£ΓöÇ[39m [2m/laptop-brands/lenovo/thinkpad/lenovo-thinkpad-p14s-gen-3/index.html[22m [2m(+16ms)[22m 
[2m21:27:51[22m   [34mΓö£ΓöÇ[39m [2m/laptop-brands/lenovo/thinkpad/lenovo-thinkpad-p14s-gen-2-amd/index.html[22m [2m(+6ms)[22m 
[2m21:27:51[22m   [34mΓö£ΓöÇ[39m [2m/laptop-brands/lenovo/thinkpad/lenovo-thinkpad-p14s-gen-2-intel/index.html[22m [2m(+11ms)[22m 
[2m21:27:51[22m   [34mΓö£ΓöÇ[39m [2m/laptop-brands/dell/latitude/dell-latitude-5531/index.html[22m [2m(+7ms)[22m 
[2m21:27:51[22m   [34mΓö£ΓöÇ[39m [2m/laptop-brands/dell/latitude/dell-latitude-7530/index.html[22m [2m(+21ms)[22m 
[2m21:27:51[22m   [34mΓö£ΓöÇ[39m [2m/laptop-brands/dell/latitude/dell-latitude-5431/index.html[22m [2m(+9ms)[22m 
[2m21:27:51[22m   [34mΓö£ΓöÇ[39m [2m/laptop-brands/dell/latitude/dell-latitude-5521/index.html[22m [2m(+14ms)[22m 
[2m21:27:51[22m   [34mΓö£ΓöÇ[39m [2m/laptop-brands/acer/aspire/acer-aspire-5-a515-45/index.html[22m [2m(+6ms)[22m 
[2m21:27:51[22m   [34mΓö£ΓöÇ[39m [2m/laptop-brands/acer/aspire/acer-aspire-3-a315-58/index.html[22m [2m(+44ms)[22m 
[2m21:27:51[22m   [34mΓö£ΓöÇ[39m [2m/laptop-brands/huawei/matebook/huawei-matebook-16-2021/index.html[22m [2m(+4ms)[22m 
[2m21:27:51[22m   [34mΓö£ΓöÇ[39m [2m/laptop-brands/dell/latitude/dell-latitude-5520/index.html[22m [2m(+22ms)[22m 
[2m21:27:51[22m   [34mΓö£ΓöÇ[39m [2m/laptop-brands/dell/latitude/dell-latitude-5330/index.html[22m [2m(+34ms)[22m 
[2m21:27:51[22m   [34mΓö£ΓöÇ[39m [2m/laptop-brands/dell/latitude/dell-latitude-7330/index.html[22m [2m(+6ms)[22m 
[2m21:27:51[22m   [34mΓö£ΓöÇ[39m [2m/laptop-brands/dell/latitude/dell-latitude-5320-2-in-1/index.html[22m [2m(+6ms)[22m 
[2m21:27:51[22m   [34mΓö£ΓöÇ[39m [2m/laptop-brands/asus/tuf/asus-tuf-gaming-a15-2022/index.html[22m [2m(+23ms)[22m 
[2m21:27:51[22m   [34mΓö£ΓöÇ[39m [2m/laptop-brands/huawei/matebook/huawei-matebook-14/index.html[22m [2m(+5ms)[22m 
[2m21:27:51[22m   [34mΓö£ΓöÇ[39m [2m/laptop-brands/huawei/matebook/huawei-matebook-14s/index.html[22m [2m(+14ms)[22m 
[2m21:27:51[22m   [34mΓö£ΓöÇ[39m [2m/laptop-brands/gigabyte/aorus/gigabyte-aorus-17-intel-12th-gen/index.html[22m [2m(+6ms)[22m 
[2m21:27:51[22m   [34mΓö£ΓöÇ[39m [2m/laptop-brands/asus/rog/asus-rog-strix-scar-17-g733-2022/index.html[22m [2m(+331ms)[22m 
[2m21:27:51[22m   [34mΓö£ΓöÇ[39m [2m/laptop-brands/gigabyte/aorus/gigabyte-aorus-15p-intel-12th-gen/index.html[22m [2m(+6ms)[22m 
[2m21:27:51[22m   [34mΓö£ΓöÇ[39m [2m/laptop-brands/gigabyte/aero/gigabyte-aero-16/index.html[22m [2m(+20ms)[22m 
[2m21:27:51[22m   [34mΓö£ΓöÇ[39m [2m/laptop-brands/hp/omen/hp-omen-17-2022/index.html[22m [2m(+6ms)[22m 
[2m21:27:51[22m   [34mΓö£ΓöÇ[39m [2m/laptop-brands/hp/omen/hp-omen-17-2021/index.html[22m [2m(+7ms)[22m 
[2m21:27:51[22m   [34mΓö£ΓöÇ[39m [2m/laptop-brands/asus/rog/asus-rog-strix-g17-g713-2022/index.html[22m [2m(+7ms)[22m 
[2m21:27:51[22m   [34mΓö£ΓöÇ[39m [2m/laptop-brands/dell/latitude/dell-latitude-7320/index.html[22m [2m(+10ms)[22m 
[2m21:27:51[22m   [34mΓö£ΓöÇ[39m [2m/laptop-brands/samsung/galaxy/samsung-galaxy-book-flex-2-alpha-13/index.html[22m [2m(+7ms)[22m 
[2m21:27:51[22m   [34mΓö£ΓöÇ[39m [2m/laptop-brands/samsung/galaxy/samsung-galaxy-book-pro-360-13-2021/index.html[22m [2m(+11ms)[22m 
[2m21:27:51[22m   [34mΓö£ΓöÇ[39m [2m/laptop-brands/dell/vostro/dell-vostro-5510/index.html[22m [2m(+8ms)[22m 
[2m21:27:51[22m   [34mΓö£ΓöÇ[39m [2m/laptop-brands/asus/vivobook/asus-vivobook-s15-s533/index.html[22m [2m(+11ms)[22m 
[2m21:27:51[22m   [34mΓö£ΓöÇ[39m [2m/laptop-brands/acer/predator/acer-predator-triton-300/index.html[22m [2m(+7ms)[22m 
[2m21:27:51[22m   [34mΓö£ΓöÇ[39m [2m/laptop-brands/acer/nitro/acer-nitro-5-an515-57/index.html[22m [2m(+14ms)[22m 
[2m21:27:51[22m   [34mΓö£ΓöÇ[39m [2m/laptop-brands/acer/predator/acer-predator-helios-300-ph315-54-760s/index.html[22m [2m(+8ms)[22m 
[2m21:27:51[22m   [34mΓö£ΓöÇ[39m [2m/laptop-brands/lenovo/yoga/lenovo-yoga-9i-14-gen-7/index.html[22m [2m(+7ms)[22m 
[2m21:27:51[22m   [34mΓö£ΓöÇ[39m [2m/laptop-brands/lenovo/yoga/lenovo-yoga-7i-14/index.html[22m [2m(+10ms)[22m 
[2m21:27:51[22m   [34mΓö£ΓöÇ[39m [2m/laptop-brands/asus/vivobook/asus-zenbook-14-flip-oled-un5401-amd/index.html[22m [2m(+6ms)[22m 
[2m21:27:51[22m   [34mΓö£ΓöÇ[39m [2m/laptop-brands/asus/tuf/asus-tuf-gaming-a17-2022/index.html[22m [2m(+9ms)[22m 
[2m21:27:51[22m   [34mΓö£ΓöÇ[39m [2m/laptop-brands/dell/g15/dell-g15-5511/index.html[22m [2m(+17ms)[22m 
[2m21:27:51[22m   [34mΓö£ΓöÇ[39m [2m/laptop-brands/asus/rog/asus-rog-flow-x13-gv301/index.html[22m [2m(+6ms)[22m 
[2m21:27:51[22m   [34mΓö£ΓöÇ[39m [2m/laptop-brands/microsoft/surface/microsoft-surface-pro-8/index.html[22m [2m(+5ms)[22m 
[2m21:27:51[22m   [34mΓö£ΓöÇ[39m [2m/laptop-brands/lenovo/yoga/lenovo-yoga-slim-7i-pro-14-intel/index.html[22m [2m(+7ms)[22m 
[2m21:27:51[22m   [34mΓö£ΓöÇ[39m [2m/laptop-brands/asus/rog/asus-rog-zephyrus-g14-ga401/index.html[22m [2m(+41ms)[22m 
[2m21:27:51[22m   [34mΓö£ΓöÇ[39m [2m/laptop-brands/asus/tuf/asus-tuf-gaming-a15-fa506/index.html[22m [2m(+7ms)[22m 
[2m21:27:51[22m   [34mΓö£ΓöÇ[39m [2m/laptop-brands/acer/aspire/acer-aspire-vero-av15-51/index.html[22m [2m(+15ms)[22m 
[2m21:27:51[22m   [34mΓö£ΓöÇ[39m [2m/laptop-brands/asus/zenbook/asus-zenbook-pro-15-oled-um535/index.html[22m [2m(+6ms)[22m 
[2m21:27:51[22m   [34mΓö£ΓöÇ[39m [2m/laptop-brands/asus/vivobook/asus-vivobook-pro-15-oled-m3500/index.html[22m [31m(+503ms)[39m 
[2m21:27:52[22m   [34mΓö£ΓöÇ[39m [2m/laptop-brands/asus/vivobook/asus-vivobook-pro-14x-oled-n7400/index.html[22m [2m(+19ms)[22m 
[2m21:27:52[22m   [34mΓö£ΓöÇ[39m [2m/laptop-brands/msi/crosshair/msi-crosshair-15/index.html[22m [2m(+25ms)[22m 
[2m21:27:52[22m   [34mΓö£ΓöÇ[39m [2m/laptop-brands/asus/rog/asus-rog-strix-g15-g513-2022/index.html[22m [2m(+9ms)[22m 
[2m21:27:52[22m   [34mΓö£ΓöÇ[39m [2m/laptop-brands/msi/vector/msi-vector-gp66/index.html[22m [2m(+9ms)[22m 
[2m21:27:52[22m   [34mΓö£ΓöÇ[39m [2m/laptop-brands/msi/stealth/msi-stealth-gs66-2022/index.html[22m [2m(+6ms)[22m 
[2m21:27:52[22m   [34mΓö£ΓöÇ[39m [2m/laptop-brands/asus/tuf/asus-tuf-gaming-a17-fa706/index.html[22m [2m(+12ms)[22m 
[2m21:27:52[22m   [34mΓö£ΓöÇ[39m [2m/laptop-brands/razer/blade/razer-blade-14-2022/index.html[22m [2m(+5ms)[22m 
[2m21:27:52[22m   [34mΓö£ΓöÇ[39m [2m/laptop-brands/msi/vector/msi-vector-gp76/index.html[22m [2m(+25ms)[22m 
[2m21:27:52[22m   [34mΓö£ΓöÇ[39m [2m/laptop-brands/msi/pulse/msi-pulse-gl66-2022/index.html[22m [2m(+4ms)[22m 
[2m21:27:52[22m   [34mΓö£ΓöÇ[39m [2m/laptop-brands/msi/crosshair/msi-crosshair-17/index.html[22m [2m(+10ms)[22m 
[2m21:27:52[22m   [34mΓö£ΓöÇ[39m [2m/laptop-brands/msi/pulse/msi-pulse-gl76-2022/index.html[22m [2m(+28ms)[22m 
[2m21:27:52[22m   [34mΓö£ΓöÇ[39m [2m/laptop-brands/msi/ge76/msi-ge76-raider/index.html[22m [2m(+214ms)[22m 
[2m21:27:52[22m   [34mΓö£ΓöÇ[39m [2m/laptop-brands/acer/swift/acer-swift-x-2021/index.html[22m [2m(+22ms)[22m 
[2m21:27:52[22m   [34mΓö£ΓöÇ[39m [2m/laptop-brands/asus/vivobook/asus-vivobook-pro-15-oled-k3500/index.html[22m [2m(+7ms)[22m 
[2m21:27:52[22m   [34mΓö£ΓöÇ[39m [2m/laptop-brands/asus/zenbook/asus-zenbook-14x-oled-ux5400/index.html[22m [2m(+36ms)[22m 
[2m21:27:52[22m   [34mΓö£ΓöÇ[39m [2m/laptop-brands/lenovo/ideapad/lenovo-ideapad-3i-gen-6-14/index.html[22m [2m(+4ms)[22m 
[2m21:27:52[22m   [34mΓö£ΓöÇ[39m [2m/laptop-brands/lenovo/ideapad/lenovo-ideapad-1-14-intel/index.html[22m [2m(+13ms)[22m 
[2m21:27:52[22m   [34mΓö£ΓöÇ[39m [2m/laptop-brands/asus/vivobook/asus-vivobook-15-m513/index.html[22m [2m(+12ms)[22m 
[2m21:27:52[22m   [34mΓö£ΓöÇ[39m [2m/laptop-brands/acer/swift/acer-swift-3-sf314-59/index.html[22m [2m(+37ms)[22m 
[2m21:27:52[22m   [34mΓö£ΓöÇ[39m [2m/laptop-brands/hp/15/hp-15-2021/index.html[22m [2m(+5ms)[22m 
[2m21:27:52[22m   [34mΓö£ΓöÇ[39m [2m/laptop-brands/acer/predator/acer-predator-helios-300-ph317-55/index.html[22m [2m(+86ms)[22m 
[2m21:27:53[22m   [34mΓö£ΓöÇ[39m [2m/laptop-brands/lenovo/ideapad/lenovo-ideapad-3i-15-2021-intel/index.html[22m [2m(+5ms)[22m 
[2m21:27:53[22m   [34mΓö£ΓöÇ[39m [2m/laptop-brands/asus/vivobook/asus-vivobook-pro-16x-oled-n7600/index.html[22m [2m(+8ms)[22m 
[2m21:27:53[22m   [34mΓö£ΓöÇ[39m [2m/laptop-brands/lenovo/yoga/lenovo-yoga-slim-7-pro-14-amd/index.html[22m [2m(+8ms)[22m 
[2m21:27:53[22m   [34mΓö£ΓöÇ[39m [2m/laptop-brands/lenovo/yoga/lenovo-yoga-slim-7-14-intel/index.html[22m [2m(+155ms)[22m 
[2m21:27:53[22m   [34mΓö£ΓöÇ[39m [2m/laptop-brands/lenovo/ideapad/lenovo-ideapad-5-pro-gen-6-14-amd/index.html[22m [2m(+9ms)[22m 
[2m21:27:53[22m   [34mΓö£ΓöÇ[39m [2m/laptop-brands/asus/expertbook/asus-expertbook-b5-flip-oled-11th-gen-intel/index.html[22m [2m(+29ms)[22m 
[2m21:27:53[22m   [34mΓö£ΓöÇ[39m [2m/laptop-brands/asus/expertbook/asus-expertbook-b1-b1500/index.html[22m [2m(+6ms)[22m 
[2m21:27:53[22m   [34mΓö£ΓöÇ[39m [2m/laptop-brands/hp/probook/hp-probook-455-g8/index.html[22m [2m(+11ms)[22m 
[2m21:27:53[22m   [34mΓö£ΓöÇ[39m [2m/laptop-brands/hp/pro/hp-probook-x360-435-g8/index.html[22m [2m(+7ms)[22m 
[2m21:27:53[22m   [34mΓö£ΓöÇ[39m [2m/laptop-brands/hp/probook/hp-probook-x360-435-g9/index.html[22m [2m(+27ms)[22m 
[2m21:27:53[22m   [34mΓö£ΓöÇ[39m [2m/laptop-brands/msi/creator/msi-creator-z16/index.html[22m [2m(+7ms)[22m 
[2m21:27:53[22m   [34mΓö£ΓöÇ[39m [2m/laptop-brands/msi/creator/msi-creator-m14/index.html[22m [2m(+21ms)[22m 
[2m21:27:53[22m   [34mΓö£ΓöÇ[39m [2m/laptop-brands/acer/nitro/acer-nitro-5-an517-54/index.html[22m [2m(+9ms)[22m 
[2m21:27:53[22m   [34mΓö£ΓöÇ[39m [2m/laptop-brands/msi/sword/msi-sword-15/index.html[22m [2m(+7ms)[22m 
[2m21:27:53[22m   [34mΓö£ΓöÇ[39m [2m/laptop-brands/lenovo/thinkpad/lenovo-thinkpad-e14-gen-2-intel/index.html[22m [2m(+8ms)[22m 
[2m21:27:53[22m   [34mΓö£ΓöÇ[39m [2m/laptop-brands/hp/pavilion/hp-pavilion-gaming-laptop-15-2021/index.html[22m [2m(+72ms)[22m 
[2m21:27:53[22m   [34mΓö£ΓöÇ[39m [2m/laptop-brands/lenovo/legion/lenovo-legion-5i-15-2021-intel/index.html[22m [2m(+9ms)[22m 
[2m21:27:53[22m   [34mΓö£ΓöÇ[39m [2m/laptop-brands/hp/pavilion/hp-pavilion-aero-13/index.html[22m [2m(+23ms)[22m 
[2m21:27:53[22m   [34mΓö£ΓöÇ[39m [2m/laptop-brands/dell/xps/dell-xps-13-9310/index.html[22m [2m(+5ms)[22m 
[2m21:27:53[22m   [34mΓö£ΓöÇ[39m [2m/laptop-brands/hp/pavilion/hp-pavilion-15/index.html[22m [2m(+8ms)[22m 
[2m21:27:53[22m   [34mΓö£ΓöÇ[39m [2m/laptop-brands/dell/latitude/dell-latitude-3520/index.html[22m [2m(+5ms)[22m 
[2m21:27:53[22m   [34mΓö£ΓöÇ[39m [2m/laptop-brands/dell/inspiron/dell-inspiron-15-3511/index.html[22m [2m(+8ms)[22m 
[2m21:27:53[22m   [34mΓö£ΓöÇ[39m [2m/laptop-brands/dell/precision/dell-precision-5560/index.html[22m [2m(+6ms)[22m 
[2m21:27:53[22m   [34mΓö£ΓöÇ[39m [2m/laptop-brands/msi/bravo/msi-bravo-15-2021-ryzen/index.html[22m [2m(+9ms)[22m 
[2m21:27:53[22m   [34mΓö£ΓöÇ[39m [2m/laptop-brands/dell/latitude/dell-latitude-5421/index.html[22m [2m(+7ms)[22m 
[2m21:27:53[22m   [34mΓö£ΓöÇ[39m [2m/laptop-brands/lenovo/thinkbook/lenovo-thinkbook-15-gen-3-amd/index.html[22m [2m(+8ms)[22m 
[2m21:27:53[22m   [34mΓö£ΓöÇ[39m [2m/laptop-brands/msi/bravo/msi-bravo-17-2021-ryzen/index.html[22m [2m(+18ms)[22m 
[2m21:27:53[22m   [34mΓö£ΓöÇ[39m [2m/laptop-brands/asus/zenbook/asus-zenbook-14x-oled-ux5401-amd/index.html[22m [2m(+5ms)[22m 
[2m21:27:53[22m   [34mΓö£ΓöÇ[39m [2m/laptop-brands/microsoft/surface/microsoft-surface-laptop-4-15/index.html[22m [2m(+15ms)[22m 
[2m21:27:53[22m   [34mΓö£ΓöÇ[39m [2m/laptop-brands/dell/xps/dell-xps-15-9510-2021/index.html[22m [2m(+9ms)[22m 
[2m21:27:53[22m   [34mΓö£ΓöÇ[39m [2m/laptop-brands/lenovo/yoga/lenovo-yoga-9i-14/index.html[22m [2m(+17ms)[22m 
[2m21:27:53[22m   [34mΓö£ΓöÇ[39m [2m/laptop-brands/hp/elite/hp-elite-x2-g8/index.html[22m [2m(+16ms)[22m 
[2m21:27:53[22m   [34mΓö£ΓöÇ[39m [2m/laptop-brands/microsoft/surface/microsoft-surface-pro-7-plus/index.html[22m [2m(+7ms)[22m 
[2m21:27:53[22m   [34mΓö£ΓöÇ[39m [2m/laptop-brands/dell/precision/dell-precision-3561/index.html[22m [2m(+10ms)[22m 
[2m21:27:53[22m   [34mΓö£ΓöÇ[39m [2m/laptop-brands/dell/alienware/dell-alienware-m15-r5/index.html[22m [2m(+8ms)[22m 
[2m21:27:53[22m   [34mΓö£ΓöÇ[39m [2m/laptop-brands/dell/latitude/dell-latitude-3420/index.html[22m [2m(+8ms)[22m 
[2m21:27:53[22m   [34mΓö£ΓöÇ[39m [2m/laptop-brands/dell/vostro/dell-vostro-15-7510/index.html[22m [2m(+8ms)[22m 
[2m21:27:53[22m   [34mΓö£ΓöÇ[39m [2m/laptop-brands/lenovo/ideapad/lenovo-ideapad-slim-5i-14-2021-intel/index.html[22m [2m(+9ms)[22m 
[2m21:27:53[22m   [34mΓö£ΓöÇ[39m [2m/laptop-brands/lenovo/ideapad/lenovo-ideapad-5-pro-gen-6-16-amd/index.html[22m [2m(+7ms)[22m 
[2m21:27:53[22m   [34mΓö£ΓöÇ[39m [2m/laptop-brands/lenovo/ideapad/lenovo-ideapad-5-15/index.html[22m [2m(+9ms)[22m 
[2m21:27:53[22m   [34mΓö£ΓöÇ[39m [2m/laptop-brands/lenovo/ideapad/lenovo-ideapad-slim-5-pro-16-gen-7/index.html[22m [2m(+8ms)[22m 
[2m21:27:53[22m   [34mΓö£ΓöÇ[39m [2m/laptop-brands/lenovo/ideapad/lenovo-ideapad-flex-5-14-amd/index.html[22m [2m(+12ms)[22m 
[2m21:27:53[22m   [34mΓö£ΓöÇ[39m [2m/laptop-brands/hp/envy/hp-envy-x360-13-2021/index.html[22m [2m(+6ms)[22m 
[2m21:27:53[22m   [34mΓö£ΓöÇ[39m [2m/laptop-brands/dell/inspiron/dell-inspiron-14-5410-2-in-1/index.html[22m [2m(+9ms)[22m 
[2m21:27:53[22m   [34mΓö£ΓöÇ[39m [2m/laptop-brands/lenovo/ideapad/lenovo-ideapad-5-15-amd/index.html[22m [2m(+6ms)[22m 
[2m21:27:53[22m   [34mΓö£ΓöÇ[39m [2m/laptop-brands/gigabyte/g7/gigabyte-g7-2021/index.html[22m [2m(+9ms)[22m 
[2m21:27:53[22m   [34mΓö£ΓöÇ[39m [2m/laptop-brands/gigabyte/aorus/gigabyte-aorus-17-2023/index.html[22m [2m(+7ms)[22m 
[2m21:27:53[22m   [34mΓö£ΓöÇ[39m [2m/laptop-brands/gigabyte/g7/gigabyte-g7-2022/index.html[22m [2m(+9ms)[22m 
[2m21:27:53[22m   [34mΓö£ΓöÇ[39m [2m/laptop-brands/hp/omen/hp-omen-16-2021-intel/index.html[22m [2m(+9ms)[22m 
[2m21:27:53[22m   [34mΓö£ΓöÇ[39m [2m/laptop-brands/hp/omen/hp-omen-15-2021/index.html[22m [2m(+8ms)[22m 
[2m21:27:53[22m   [34mΓö£ΓöÇ[39m [2m/laptop-brands/lenovo/thinkpad/lenovo-thinkpad-x1-yoga-gen-6/index.html[22m [2m(+8ms)[22m 
[2m21:27:53[22m   [34mΓö£ΓöÇ[39m [2m/laptop-brands/lenovo/legion/lenovo-legion-5-17-2021-amd/index.html[22m [2m(+8ms)[22m 
[2m21:27:53[22m   [34mΓö£ΓöÇ[39m [2m/laptop-brands/asus/tuf/asus-tuf-gaming-f17-2021/index.html[22m [2m(+18ms)[22m 
[2m21:27:53[22m   [34mΓö£ΓöÇ[39m [2m/laptop-brands/asus/rog/asus-rog-strix-g17-g713/index.html[22m [2m(+8ms)[22m 
[2m21:27:53[22m   [34mΓö£ΓöÇ[39m [2m/laptop-brands/lenovo/ideapad/lenovo-ideapad-flex-5-15/index.html[22m [2m(+8ms)[22m 
[2m21:27:53[22m   [34mΓö£ΓöÇ[39m [2m/laptop-brands/lenovo/ideapad/lenovo-ideapad-gaming-3i-15-intel/index.html[22m [2m(+8ms)[22m 
[2m21:27:53[22m   [34mΓö£ΓöÇ[39m [2m/laptop-brands/gigabyte/g5/gigabyte-g5-2021/index.html[22m [2m(+8ms)[22m 
[2m21:27:53[22m   [34mΓö£ΓöÇ[39m [2m/laptop-brands/lenovo/legion/lenovo-legion-5i-pro-gen-6-2021-intel/index.html[22m [2m(+6ms)[22m 
[2m21:27:53[22m   [34mΓö£ΓöÇ[39m [2m/laptop-brands/gigabyte/aorus/gigabyte-aorus-15p-intel-11th-gen/index.html[22m [2m(+9ms)[22m 
[2m21:27:53[22m   [34mΓö£ΓöÇ[39m [2m/laptop-brands/acer/nitro/acer-nitro-5-an515-55/index.html[22m [2m(+8ms)[22m 
[2m21:27:53[22m   [34mΓö£ΓöÇ[39m [2m/laptop-brands/acer/swift/acer-swift-3-sf313-53/index.html[22m [2m(+9ms)[22m 
[2m21:27:53[22m   [34mΓö£ΓöÇ[39m [2m/laptop-brands/asus/rog/asus-rog-strix-g15-advantage-edition/index.html[22m [2m(+6ms)[22m 
[2m21:27:53[22m   [34mΓö£ΓöÇ[39m [2m/laptop-brands/acer/nitro/acer-nitro-5-an515-45/index.html[22m [2m(+27ms)[22m 
[2m21:27:53[22m   [34mΓö£ΓöÇ[39m [2m/laptop-brands/hp/envy/hp-envy-15-2021/index.html[22m [2m(+5ms)[22m 
[2m21:27:53[22m   [34mΓö£ΓöÇ[39m [2m/laptop-brands/msi/katana/msi-katana-gf76/index.html[22m [2m(+9ms)[22m 
[2m21:27:53[22m   [34mΓö£ΓöÇ[39m [2m/laptop-brands/dell/latitude/dell-latitude-9420/index.html[22m [2m(+6ms)[22m 
[2m21:27:53[22m   [34mΓö£ΓöÇ[39m [2m/laptop-brands/lenovo/thinkpad/lenovo-thinkpad-t14s-gen-2-intel/index.html[22m [2m(+10ms)[22m 
[2m21:27:53[22m   [34mΓö£ΓöÇ[39m [2m/laptop-brands/lenovo/thinkpad/lenovo-thinkpad-p15s-gen-2/index.html[22m [2m(+7ms)[22m 
[2m21:27:53[22m   [34mΓö£ΓöÇ[39m [2m/laptop-brands/lenovo/thinkpad/lenovo-thinkpad-e15-gen-2-intel/index.html[22m [2m(+11ms)[22m 
[2m21:27:53[22m   [34mΓö£ΓöÇ[39m [2m/laptop-brands/msi/gl66/msi-gl66-pulse/index.html[22m [2m(+296ms)[22m 
[2m21:27:54[22m   [34mΓö£ΓöÇ[39m [2m/laptop-brands/msi/gp66/msi-gp66-leopard/index.html[22m [2m(+7ms)[22m 
[2m21:27:54[22m   [34mΓö£ΓöÇ[39m [2m/laptop-brands/lenovo/thinkpad/lenovo-thinkpad-l15-gen-2-intel/index.html[22m [2m(+22ms)[22m 
[2m21:27:54[22m   [34mΓö£ΓöÇ[39m [2m/laptop-brands/lenovo/thinkpad/lenovo-thinkpad-x1-carbon-gen-9-14-intel/index.html[22m [2m(+9ms)[22m 
[2m21:27:54[22m   [34mΓö£ΓöÇ[39m [2m/laptop-brands/lenovo/thinkpad/lenovo-thinkpad-x13-gen-2-intel/index.html[22m [2m(+44ms)[22m 
[2m21:27:54[22m   [34mΓö£ΓöÇ[39m [2m/laptop-brands/lenovo/thinkpad/lenovo-thinkpad-x13-yoga-gen-2/index.html[22m [2m(+6ms)[22m 
[2m21:27:54[22m   [34mΓö£ΓöÇ[39m [2m/laptop-brands/dell/alienware/dell-alienware-x15-r1/index.html[22m [2m(+9ms)[22m 
[2m21:27:54[22m   [34mΓö£ΓöÇ[39m [2m/laptop-brands/dell/alienware/dell-alienware-x15-r2/index.html[22m [2m(+8ms)[22m 
[2m21:27:54[22m   [34mΓö£ΓöÇ[39m [2m/laptop-brands/dell/alienware/dell-alienware-m15-r4/index.html[22m [2m(+45ms)[22m 
[2m21:27:54[22m   [34mΓö£ΓöÇ[39m [2m/laptop-brands/dell/alienware/dell-alienware-x17-r1/index.html[22m [2m(+6ms)[22m 
[2m21:27:54[22m   [34mΓö£ΓöÇ[39m [2m/laptop-brands/dell/alienware/dell-alienware-m17-r4/index.html[22m [2m(+135ms)[22m 
[2m21:27:54[22m   [34mΓö£ΓöÇ[39m [2m/laptop-brands/lenovo/yoga/lenovo-yoga-7i-15/index.html[22m [2m(+8ms)[22m 
[2m21:27:54[22m   [34mΓö£ΓöÇ[39m [2m/laptop-brands/samsung/galaxy/samsung-galaxy-book-pro-360-15-2021/index.html[22m [2m(+7ms)[22m 
[2m21:27:54[22m   [34mΓö£ΓöÇ[39m [2m/laptop-brands/lenovo/thinkpad/lenovo-thinkpad-l13-gen-2-intel/index.html[22m [2m(+7ms)[22m 
[2m21:27:54[22m   [34mΓö£ΓöÇ[39m [2m/laptop-brands/apple/macbook/apple-macbook-pro-15-2019/index.html[22m [2m(+10ms)[22m 
[2m21:27:54[22m   [34mΓö£ΓöÇ[39m [2m/laptop-brands/lenovo/yoga/lenovo-yoga-slim-7-14-amd/index.html[22m [2m(+10ms)[22m 
[2m21:27:54[22m   [34mΓö£ΓöÇ[39m [2m/laptop-brands/lenovo/thinkbook/lenovo-thinkbook-13s-gen-2-intel/index.html[22m [2m(+10ms)[22m 
[2m21:27:54[22m   [34mΓö£ΓöÇ[39m [2m/laptop-brands/asus/zenbook/asus-zenbook-14-um425/index.html[22m [2m(+9ms)[22m 
[2m21:27:54[22m   [34mΓö£ΓöÇ[39m [2m/laptop-brands/lenovo/yoga/lenovo-yoga-slim-7i-carbon-13/index.html[22m [2m(+12ms)[22m 
[2m21:27:54[22m   [34mΓö£ΓöÇ[39m [2m/laptop-brands/lenovo/yoga/lenovo-yoga-slim-7-13-intel/index.html[22m [2m(+7ms)[22m 
[2m21:27:54[22m   [34mΓö£ΓöÇ[39m [2m/laptop-brands/asus/zenbook/asus-zenbook-13-oled-ux325/index.html[22m [2m(+9ms)[22m 
[2m21:27:54[22m   [34mΓö£ΓöÇ[39m [2m/laptop-brands/lenovo/thinkpad/lenovo-thinkpad-x1-nano/index.html[22m [2m(+9ms)[22m 
[2m21:27:54[22m   [34mΓö£ΓöÇ[39m [2m/laptop-brands/lenovo/thinkpad/lenovo-thinkpad-x1-nano-gen-2/index.html[22m [2m(+35ms)[22m 
[2m21:27:54[22m   [34mΓö£ΓöÇ[39m [2m/laptop-brands/razer/blade/razer-blade-14-2021/index.html[22m [2m(+7ms)[22m 
[2m21:27:54[22m   [34mΓö£ΓöÇ[39m [2m/laptop-brands/acer/predator/acer-predator-triton-500-se/index.html[22m [2m(+8ms)[22m 
[2m21:27:54[22m   [34mΓö£ΓöÇ[39m [2m/laptop-brands/acer/predator/acer-predator-helios-300-ph315-53/index.html[22m [2m(+11ms)[22m 
[2m21:27:54[22m   [34mΓö£ΓöÇ[39m [2m/laptop-brands/dell/alienware/dell-alienware-m15-r6/index.html[22m [2m(+11ms)[22m 
[2m21:27:54[22m   [34mΓö£ΓöÇ[39m [2m/laptop-brands/apple/macbook/apple-macbook-pro-13-intel-2020/index.html[22m [2m(+7ms)[22m 
[2m21:27:54[22m   [34mΓö£ΓöÇ[39m [2m/laptop-brands/hp/zbook/hp-zbook-firefly-14-g8/index.html[22m [2m(+13ms)[22m 
[2m21:27:54[22m   [34mΓö£ΓöÇ[39m [2m/laptop-brands/dell/g15/dell-g15-5515-ryzen-edition/index.html[22m [2m(+11ms)[22m 
[2m21:27:54[22m   [34mΓö£ΓöÇ[39m [2m/laptop-brands/dell/xps/dell-xps-15-9500/index.html[22m [2m(+9ms)[22m 
[2m21:27:54[22m   [34mΓö£ΓöÇ[39m [2m/laptop-brands/hp/pavilion/hp-pavilion-x360-14-2021/index.html[22m [2m(+10ms)[22m 
[2m21:27:54[22m   [34mΓö£ΓöÇ[39m [2m/laptop-brands/hp/elitebook/hp-elitebook-x360-1030-g8/index.html[22m [2m(+5ms)[22m 
[2m21:27:54[22m   [34mΓö£ΓöÇ[39m [2m/laptop-brands/hp/elitebook/hp-elitebook-x360-830-g8/index.html[22m [2m(+9ms)[22m 
[2m21:27:54[22m   [34mΓö£ΓöÇ[39m [2m/laptop-brands/hp/probook/hp-probook-650-g8/index.html[22m [2m(+19ms)[22m 
[2m21:27:54[22m   [34mΓö£ΓöÇ[39m [2m/laptop-brands/asus/vivobook/asus-vivobook-15-x513/index.html[22m [2m(+6ms)[22m 
[2m21:27:54[22m   [34mΓö£ΓöÇ[39m [2m/laptop-brands/dell/g15/dell-g15-5510/index.html[22m [2m(+17ms)[22m 
[2m21:27:54[22m   [34mΓö£ΓöÇ[39m [2m/laptop-brands/acer/nitro/acer-nitro-5-an517-41/index.html[22m [2m(+8ms)[22m 
[2m21:27:54[22m   [34mΓö£ΓöÇ[39m [2m/laptop-brands/hp/envy/hp-envy-17/index.html[22m [2m(+20ms)[22m 
[2m21:27:54[22m   [34mΓö£ΓöÇ[39m [2m/laptop-brands/hp/probook/hp-probook-640-g8/index.html[22m [2m(+5ms)[22m 
[2m21:27:54[22m   [34mΓö£ΓöÇ[39m [2m/laptop-brands/hp/victus/hp-victus-16-2021-intel/index.html[22m [2m(+8ms)[22m 
[2m21:27:54[22m   [34mΓö£ΓöÇ[39m [2m/laptop-brands/hp/spectre/hp-spectre-x360-15/index.html[22m [2m(+4ms)[22m 
[2m21:27:54[22m   [34mΓö£ΓöÇ[39m [2m/laptop-brands/hp/spectre/hp-spectre-x360-13-2021/index.html[22m [2m(+7ms)[22m 
[2m21:27:54[22m   [34mΓö£ΓöÇ[39m [2m/laptop-brands/hp/probook/hp-probook-430-g8/index.html[22m [2m(+10ms)[22m 
[2m21:27:54[22m   [34mΓö£ΓöÇ[39m [2m/laptop-brands/hp/envy/hp-envy-x360-15-ryzen/index.html[22m [2m(+231ms)[22m 
[2m21:27:55[22m   [34mΓö£ΓöÇ[39m [2m/laptop-brands/hp/14/hp-14-2021/index.html[22m [2m(+21ms)[22m 
[2m21:27:55[22m   [34mΓö£ΓöÇ[39m [2m/laptop-brands/hp/pavilion/hp-pavilion-14-2021/index.html[22m [2m(+12ms)[22m 
[2m21:27:55[22m   [34mΓö£ΓöÇ[39m [2m/laptop-brands/hp/envy/hp-envy-14-2021/index.html[22m [2m(+119ms)[22m 
[2m21:27:55[22m   [34mΓö£ΓöÇ[39m [2m/laptop-brands/samsung/galaxy/samsung-galaxy-book-pro-15-2021/index.html[22m [2m(+6ms)[22m 
[2m21:27:55[22m   [34mΓö£ΓöÇ[39m [2m/laptop-brands/microsoft/surface/microsoft-surface-laptop-3-15/index.html[22m [2m(+131ms)[22m 
[2m21:27:55[22m   [34mΓö£ΓöÇ[39m [2m/laptop-brands/dell/inspiron/dell-inspiron-15-5510/index.html[22m [2m(+22ms)[22m 
[2m21:27:55[22m   [34mΓö£ΓöÇ[39m [2m/laptop-brands/dell/g5/dell-g5-15-5510/index.html[22m [2m(+32ms)[22m 
[2m21:27:55[22m   [34mΓö£ΓöÇ[39m [2m/laptop-brands/microsoft/surface/microsoft-surface-book-3-15/index.html[22m [2m(+6ms)[22m 
[2m21:27:55[22m   [34mΓö£ΓöÇ[39m [2m/laptop-brands/microsoft/surface/microsoft-surface-book-3-13-5/index.html[22m [2m(+11ms)[22m 
[2m21:27:55[22m   [34mΓö£ΓöÇ[39m [2m/laptop-brands/microsoft/surface/microsoft-surface-pro-7/index.html[22m [2m(+6ms)[22m 
[2m21:27:55[22m   [34mΓö£ΓöÇ[39m [2m/laptop-brands/microsoft/surface/microsoft-surface-laptop-go/index.html[22m [2m(+6ms)[22m 
[2m21:27:55[22m   [34mΓö£ΓöÇ[39m [2m/laptop-brands/asus/expertbook/asus-expertbook-b1-b1400/index.html[22m [2m(+8ms)[22m 
[2m21:27:55[22m   [34mΓö£ΓöÇ[39m [2m/laptop-brands/lg/gram/lg-gram-17-2021/index.html[22m [2m(+10ms)[22m 
[2m21:27:55[22m   [34mΓö£ΓöÇ[39m [2m/laptop-brands/asus/expertbook/asus-expertbook-b9-b9400/index.html[22m [2m(+8ms)[22m 
[2m21:27:55[22m   [34mΓö£ΓöÇ[39m [2m/laptop-brands/acer/aspire/acer-aspire-7-a715-42g/index.html[22m [2m(+6ms)[22m 
[2m21:27:55[22m   [34mΓö£ΓöÇ[39m [2m/laptop-brands/acer/travelmate/acer-travelmate-p4-tmp414-51/index.html[22m [2m(+8ms)[22m 
[2m21:27:55[22m   [34mΓö£ΓöÇ[39m [2m/laptop-brands/asus/zenbook/asus-zenbook-14-ux435/index.html[22m [2m(+47ms)[22m 
[2m21:27:55[22m   [34mΓö£ΓöÇ[39m [2m/laptop-brands/acer/aspire/acer-aspire-5-a514-54/index.html[22m [2m(+5ms)[22m 
[2m21:27:55[22m   [34mΓö£ΓöÇ[39m [2m/laptop-brands/acer/spin/acer-spin-5-sp513-55n/index.html[22m [2m(+39ms)[22m 
[2m21:27:55[22m   [34mΓö£ΓöÇ[39m [2m/laptop-brands/acer/spin/acer-spin-3-sp313-51n/index.html[22m [2m(+11ms)[22m 
[2m21:27:55[22m   [34mΓö£ΓöÇ[39m [2m/laptop-brands/acer/swift/acer-swift-1-sf114-34/index.html[22m [2m(+4ms)[22m 
[2m21:27:55[22m   [34mΓö£ΓöÇ[39m [2m/laptop-brands/dell/xps/dell-xps-13-9305/index.html[22m [2m(+23ms)[22m 
[2m21:27:55[22m   [34mΓö£ΓöÇ[39m [2m/laptop-brands/asus/zenbook/asus-zenbook-flip-13-ux363/index.html[22m [2m(+8ms)[22m 
[2m21:27:55[22m   [34mΓö£ΓöÇ[39m [2m/laptop-brands/asus/zenbook/asus-zenbook-flip-s13-oled-ux371/index.html[22m [2m(+26ms)[22m 
[2m21:27:55[22m   [34mΓö£ΓöÇ[39m [2m/laptop-brands/asus/vivobook/asus-vivobook-14-m413/index.html[22m [2m(+6ms)[22m 
[2m21:27:55[22m   [34mΓö£ΓöÇ[39m [2m/laptop-brands/asus/vivobook/asus-vivobook-14-x413-k413/index.html[22m [2m(+44ms)[22m 
[2m21:27:55[22m   [34mΓö£ΓöÇ[39m [2m/laptop-brands/asus/vivobook/asus-vivobook-s14-s433/index.html[22m [2m(+6ms)[22m 
[2m21:27:55[22m   [34mΓö£ΓöÇ[39m [2m/laptop-brands/asus/zenbook/asus-zenbook-13-oled-um325/index.html[22m [2m(+16ms)[22m 
[2m21:27:55[22m   [34mΓö£ΓöÇ[39m [2m/laptop-brands/asus/rog/asus-rog-strix-scar-15-g533/index.html[22m [2m(+5ms)[22m 
[2m21:27:55[22m   [34mΓö£ΓöÇ[39m [2m/laptop-brands/asus/rog/asus-rog-zephyrus-g15-ga503/index.html[22m [2m(+18ms)[22m 
[2m21:27:55[22m   [34mΓö£ΓöÇ[39m [2m/laptop-brands/asus/zenbook/asus-zenbook-pro-duo-15-oled-ux582/index.html[22m [2m(+10ms)[22m 
[2m21:27:55[22m   [34mΓö£ΓöÇ[39m [2m/laptop-brands/asus/rog/asus-rog-zephyrus-duo-16-gx650-2022/index.html[22m [2m(+11ms)[22m 
[2m21:27:55[22m   [34mΓö£ΓöÇ[39m [2m/laptop-brands/asus/zenbook/asus-zenbook-duo-14-ux482/index.html[22m [2m(+7ms)[22m 
[2m21:27:55[22m   [34mΓö£ΓöÇ[39m [2m/laptop-brands/asus/zenbook/asus-zenbook-s-ux393/index.html[22m [2m(+48ms)[22m 
[2m21:27:55[22m   [34mΓö£ΓöÇ[39m [2m/laptop-brands/asus/zenbook/asus-zenbook-14-ux425/index.html[22m [2m(+5ms)[22m 
[2m21:27:55[22m   [34mΓö£ΓöÇ[39m [2m/laptop-brands/asus/tuf/asus-tuf-dash-f15-fx516/index.html[22m [2m(+13ms)[22m 
[2m21:27:55[22m   [34mΓö£ΓöÇ[39m [2m/laptop-brands/dell/latitude/dell-latitude-7520/index.html[22m [2m(+7ms)[22m 
[2m21:27:55[22m   [34mΓö£ΓöÇ[39m [2m/laptop-brands/msi/alpha/msi-alpha-17/index.html[22m [2m(+35ms)[22m 
[2m21:27:55[22m   [34mΓö£ΓöÇ[39m [2m/laptop-brands/msi/stealth/msi-stealth-15m/index.html[22m [2m(+4ms)[22m 
[2m21:27:55[22m   [34mΓö£ΓöÇ[39m [2m/laptop-brands/msi/ge66/msi-ge66-raider/index.html[22m [2m(+62ms)[22m 
[2m21:27:55[22m   [34mΓö£ΓöÇ[39m [2m/laptop-brands/msi/gs66/msi-gs66-stealth/index.html[22m [2m(+65ms)[22m 
[2m21:27:56[22m   [34mΓö£ΓöÇ[39m [2m/laptop-brands/msi/gf65/msi-gf65-thin/index.html[22m [2m(+28ms)[22m 
[2m21:27:56[22m   [34mΓö£ΓöÇ[39m [2m/laptop-brands/msi/gp76/msi-gp76-leopard/index.html[22m [2m(+9ms)[22m 
[2m21:27:56[22m   [34mΓö£ΓöÇ[39m [2m/laptop-brands/dell/inspiron/dell-inspiron-14-7400/index.html[22m [2m(+29ms)[22m 
[2m21:27:56[22m   [34mΓö£ΓöÇ[39m [2m/laptop-brands/dell/inspiron/dell-inspiron-15-5505/index.html[22m [2m(+7ms)[22m 
[2m21:27:56[22m   [34mΓö£ΓöÇ[39m [2m/laptop-brands/dell/inspiron/dell-inspiron-14-5406/index.html[22m [2m(+15ms)[22m 
[2m21:27:56[22m   [34mΓö£ΓöÇ[39m [2m/laptop-brands/dell/g5/dell-g5-15-5500/index.html[22m [2m(+10ms)[22m 
[2m21:27:56[22m   [34mΓö£ΓöÇ[39m [2m/laptop-brands/dell/xps/dell-xps-13-9310-2-in-1/index.html[22m [2m(+8ms)[22m 
[2m21:27:56[22m   [34mΓö£ΓöÇ[39m [2m/laptop-brands/razer/blade/razer-blade-15-advanced-edition-2021/index.html[22m [2m(+9ms)[22m 
[2m21:27:56[22m   [34mΓööΓöÇ[39m [2m/laptop-brands/dell/xps/dell-xps-17-9700/index.html[22m [2m(+39ms)[22m 
[2m21:27:56[22m [32mΓû╢[39m src/pages/laptop-brands/[brand]/[series]/index.astro
[2m21:27:56[22m   [34mΓö£ΓöÇ[39m [2m/laptop-brands/lenovo/thinkpad/index.html[22m [2m(+3ms)[22m 
[2m21:27:56[22m   [34mΓö£ΓöÇ[39m [2m/laptop-brands/lenovo/yoga/index.html[22m [2m(+3ms)[22m 
[2m21:27:56[22m   [34mΓö£ΓöÇ[39m [2m/laptop-brands/lenovo/legion/index.html[22m [2m(+32ms)[22m 
[2m21:27:56[22m   [34mΓö£ΓöÇ[39m [2m/laptop-brands/lenovo/ideapad/index.html[22m [2m(+5ms)[22m 
[2m21:27:56[22m   [34mΓö£ΓöÇ[39m [2m/laptop-brands/lenovo/thinkpad/index.html[22m [2m(+2ms)[22m 
[2m21:27:56[22m   [34mΓö£ΓöÇ[39m [2m/laptop-brands/lenovo/loq/index.html[22m [2m(+2ms)[22m 
[2m21:27:56[22m   [34mΓö£ΓöÇ[39m [2m/laptop-brands/lenovo/300w/index.html[22m [2m(+2ms)[22m 
[2m21:27:56[22m   [34mΓö£ΓöÇ[39m [2m/laptop-brands/lenovo/13w/index.html[22m [2m(+60ms)[22m 
[2m21:27:56[22m   [34mΓö£ΓöÇ[39m [2m/laptop-brands/lenovo/thinkbook/index.html[22m [2m(+2ms)[22m 
[2m21:27:56[22m   [34mΓö£ΓöÇ[39m [2m/laptop-brands/lenovo/thinkbook/index.html[22m [2m(+2ms)[22m 
[2m21:27:56[22m   [34mΓö£ΓöÇ[39m [2m/laptop-brands/lenovo/v17/index.html[22m [2m(+2ms)[22m 
[2m21:27:56[22m   [34mΓö£ΓöÇ[39m [2m/laptop-brands/lenovo/slim/index.html[22m [2m(+4ms)[22m 
[2m21:27:56[22m   [34mΓö£ΓöÇ[39m [2m/laptop-brands/hp/omnibook/index.html[22m [2m(+21ms)[22m 
[2m21:27:56[22m   [34mΓö£ΓöÇ[39m [2m/laptop-brands/hp/elitebook/index.html[22m [2m(+2ms)[22m 
[2m21:27:56[22m   [34mΓö£ΓöÇ[39m [2m/laptop-brands/hp/omen/index.html[22m [2m(+2ms)[22m 
[2m21:27:56[22m   [34mΓö£ΓöÇ[39m [2m/laptop-brands/hp/probook/index.html[22m [2m(+2ms)[22m 
[2m21:27:56[22m   [34mΓö£ΓöÇ[39m [2m/laptop-brands/hp/omnibook/index.html[22m [2m(+3ms)[22m 
[2m21:27:56[22m   [34mΓö£ΓöÇ[39m [2m/laptop-brands/hp/pavilion/index.html[22m [2m(+8ms)[22m 
[2m21:27:56[22m   [34mΓö£ΓöÇ[39m [2m/laptop-brands/hp/victus/index.html[22m [2m(+2ms)[22m 
[2m21:27:56[22m   [34mΓö£ΓöÇ[39m [2m/laptop-brands/hp/zbook/index.html[22m [2m(+2ms)[22m 
[2m21:27:56[22m   [34mΓö£ΓöÇ[39m [2m/laptop-brands/hp/250/index.html[22m [2m(+2ms)[22m 
[2m21:27:56[22m   [34mΓö£ΓöÇ[39m [2m/laptop-brands/hp/laptop/index.html[22m [2m(+4ms)[22m 
[2m21:27:56[22m   [34mΓö£ΓöÇ[39m [2m/laptop-brands/hp/envy/index.html[22m [2m(+2ms)[22m 
[2m21:27:56[22m   [34mΓö£ΓöÇ[39m [2m/laptop-brands/hp/spectre/index.html[22m [2m(+2ms)[22m 
[2m21:27:56[22m   [34mΓö£ΓöÇ[39m [2m/laptop-brands/hp/15/index.html[22m [2m(+2ms)[22m 
[2m21:27:56[22m   [34mΓö£ΓöÇ[39m [2m/laptop-brands/hp/envy/index.html[22m [2m(+2ms)[22m 
[2m21:27:56[22m   [34mΓö£ΓöÇ[39m [2m/laptop-brands/hp/elite/index.html[22m [2m(+26ms)[22m 
[2m21:27:56[22m   [34mΓö£ΓöÇ[39m [2m/laptop-brands/hp/elitebook/index.html[22m [2m(+2ms)[22m 
[2m21:27:56[22m   [34mΓö£ΓöÇ[39m [2m/laptop-brands/hp/dragonfly/index.html[22m [2m(+2ms)[22m 
[2m21:27:56[22m   [34mΓö£ΓöÇ[39m [2m/laptop-brands/hp/pro/index.html[22m [2m(+2ms)[22m 
[2m21:27:56[22m   [34mΓö£ΓöÇ[39m [2m/laptop-brands/hp/14/index.html[22m [2m(+2ms)[22m 
[2m21:27:56[22m   [34mΓö£ΓöÇ[39m [2m/laptop-brands/apple/macbook/index.html[22m [2m(+2ms)[22m 
[2m21:27:56[22m   [34mΓö£ΓöÇ[39m [2m/laptop-brands/samsung/galaxy/index.html[22m [2m(+6ms)[22m 
[2m21:27:56[22m   [34mΓö£ΓöÇ[39m [2m/laptop-brands/dell/pro/index.html[22m [2m(+2ms)[22m 
[2m21:27:56[22m   [34mΓö£ΓöÇ[39m [2m/laptop-brands/dell/16/index.html[22m [2m(+2ms)[22m 
[2m21:27:56[22m   [34mΓö£ΓöÇ[39m [2m/laptop-brands/dell/14/index.html[22m [2m(+15ms)[22m 
[2m21:27:56[22m   [34mΓö£ΓöÇ[39m [2m/laptop-brands/dell/alienware/index.html[22m [2m(+3ms)[22m 
[2m21:27:56[22m   [34mΓö£ΓöÇ[39m [2m/laptop-brands/dell/15/index.html[22m [2m(+2ms)[22m 
[2m21:27:56[22m   [34mΓö£ΓöÇ[39m [2m/laptop-brands/dell/precision/index.html[22m [2m(+2ms)[22m 
[2m21:27:56[22m   [34mΓö£ΓöÇ[39m [2m/laptop-brands/dell/latitude/index.html[22m [2m(+13ms)[22m 
[2m21:27:56[22m   [34mΓö£ΓöÇ[39m [2m/laptop-brands/dell/xps/index.html[22m [2m(+2ms)[22m 
[2m21:27:56[22m   [34mΓö£ΓöÇ[39m [2m/laptop-brands/dell/inspiron/index.html[22m [2m(+6ms)[22m 
[2m21:27:56[22m   [34mΓö£ΓöÇ[39m [2m/laptop-brands/dell/vostro/index.html[22m [2m(+2ms)[22m 
[2m21:27:56[22m   [34mΓö£ΓöÇ[39m [2m/laptop-brands/dell/g15/index.html[22m [2m(+6ms)[22m 
[2m21:27:56[22m   [34mΓö£ΓöÇ[39m [2m/laptop-brands/dell/g16/index.html[22m [2m(+3ms)[22m 
[2m21:27:56[22m   [34mΓö£ΓöÇ[39m [2m/laptop-brands/dell/g5/index.html[22m [2m(+5ms)[22m 
[2m21:27:56[22m   [34mΓö£ΓöÇ[39m [2m/laptop-brands/acer/aspire/index.html[22m [2m(+3ms)[22m 
[2m21:27:56[22m   [34mΓö£ΓöÇ[39m [2m/laptop-brands/acer/predator/index.html[22m [2m(+14ms)[22m 
[2m21:27:56[22m   [34mΓö£ΓöÇ[39m [2m/laptop-brands/acer/swift/index.html[22m [2m(+3ms)[22m 
[2m21:27:56[22m   [34mΓö£ΓöÇ[39m [2m/laptop-brands/acer/nitro/index.html[22m [2m(+3ms)[22m 
[2m21:27:56[22m   [34mΓö£ΓöÇ[39m [2m/laptop-brands/acer/travelmate/index.html[22m [2m(+16ms)[22m 
[2m21:27:56[22m   [34mΓö£ΓöÇ[39m [2m/laptop-brands/acer/extensa/index.html[22m [2m(+3ms)[22m 
[2m21:27:56[22m   [34mΓö£ΓöÇ[39m [2m/laptop-brands/acer/spin/index.html[22m [2m(+2ms)[22m 
[2m21:27:56[22m   [34mΓö£ΓöÇ[39m [2m/laptop-brands/asus/zenbook/index.html[22m [2m(+4ms)[22m 
[2m21:27:56[22m   [34mΓö£ΓöÇ[39m [2m/laptop-brands/asus/tuf/index.html[22m [2m(+4ms)[22m 
[2m21:27:56[22m   [34mΓö£ΓöÇ[39m [2m/laptop-brands/asus/rog/index.html[22m [2m(+20ms)[22m 
[2m21:27:56[22m   [34mΓö£ΓöÇ[39m [2m/laptop-brands/asus/v16/index.html[22m [2m(+2ms)[22m 
[2m21:27:56[22m   [34mΓö£ΓöÇ[39m [2m/laptop-brands/asus/vivobook/index.html[22m [2m(+2ms)[22m 
[2m21:27:56[22m   [34mΓö£ΓöÇ[39m [2m/laptop-brands/asus/expertbook/index.html[22m [2m(+2ms)[22m 
[2m21:27:56[22m   [34mΓö£ΓöÇ[39m [2m/laptop-brands/asus/proart/index.html[22m [2m(+265ms)[22m 
[2m21:27:56[22m   [34mΓö£ΓöÇ[39m [2m/laptop-brands/asus/creator/index.html[22m [2m(+10ms)[22m 
[2m21:27:56[22m   [34mΓö£ΓöÇ[39m [2m/laptop-brands/asus/vivobook/index.html[22m [2m(+6ms)[22m 
[2m21:27:56[22m   [34mΓö£ΓöÇ[39m [2m/laptop-brands/asus/zenbook/index.html[22m [2m(+11ms)[22m 
[2m21:27:56[22m   [34mΓö£ΓöÇ[39m [2m/laptop-brands/microsoft/surface/index.html[22m [2m(+4ms)[22m 
[2m21:27:56[22m   [34mΓö£ΓöÇ[39m [2m/laptop-brands/msi/vector/index.html[22m [2m(+5ms)[22m 
[2m21:27:56[22m   [34mΓö£ΓöÇ[39m [2m/laptop-brands/msi/cyborg/index.html[22m [2m(+19ms)[22m 
[2m21:27:56[22m   [34mΓö£ΓöÇ[39m [2m/laptop-brands/msi/creatorpro/index.html[22m [2m(+2ms)[22m 
[2m21:27:56[22m   [34mΓö£ΓöÇ[39m [2m/laptop-brands/msi/modern/index.html[22m [2m(+2ms)[22m 
[2m21:27:56[22m   [34mΓö£ΓöÇ[39m [2m/laptop-brands/msi/crosshair/index.html[22m [2m(+2ms)[22m 
[2m21:27:56[22m   [34mΓö£ΓöÇ[39m [2m/laptop-brands/msi/stealth/index.html[22m [2m(+34ms)[22m 
[2m21:27:56[22m   [34mΓö£ΓöÇ[39m [2m/laptop-brands/msi/katana/index.html[22m [2m(+2ms)[22m 
[2m21:27:56[22m   [34mΓö£ΓöÇ[39m [2m/laptop-brands/msi/raider/index.html[22m [2m(+5ms)[22m 
[2m21:27:56[22m   [34mΓö£ΓöÇ[39m [2m/laptop-brands/msi/titan/index.html[22m [2m(+2ms)[22m 
[2m21:27:56[22m   [34mΓö£ΓöÇ[39m [2m/laptop-brands/msi/thin/index.html[22m [2m(+9ms)[22m 
[2m21:27:56[22m   [34mΓö£ΓöÇ[39m [2m/laptop-brands/msi/summit/index.html[22m [2m(+5ms)[22m 
[2m21:27:56[22m   [34mΓö£ΓöÇ[39m [2m/laptop-brands/msi/creator/index.html[22m [2m(+7ms)[22m 
[2m21:27:56[22m   [34mΓö£ΓöÇ[39m [2m/laptop-brands/msi/prestige/index.html[22m [2m(+3ms)[22m 
[2m21:27:56[22m   [34mΓö£ΓöÇ[39m [2m/laptop-brands/msi/pulse/index.html[22m [2m(+3ms)[22m 
[2m21:27:56[22m   [34mΓö£ΓöÇ[39m [2m/laptop-brands/msi/sword/index.html[22m [2m(+6ms)[22m 
[2m21:27:56[22m   [34mΓö£ΓöÇ[39m [2m/laptop-brands/msi/ge76/index.html[22m [2m(+2ms)[22m 
[2m21:27:56[22m   [34mΓö£ΓöÇ[39m [2m/laptop-brands/msi/bravo/index.html[22m [2m(+3ms)[22m 
[2m21:27:56[22m   [34mΓö£ΓöÇ[39m [2m/laptop-brands/msi/gl66/index.html[22m [2m(+2ms)[22m 
[2m21:27:56[22m   [34mΓö£ΓöÇ[39m [2m/laptop-brands/msi/gp66/index.html[22m [2m(+2ms)[22m 
[2m21:27:57[22m   [34mΓö£ΓöÇ[39m [2m/laptop-brands/msi/alpha/index.html[22m [2m(+5ms)[22m 
[2m21:27:57[22m   [34mΓö£ΓöÇ[39m [2m/laptop-brands/msi/ge66/index.html[22m [2m(+3ms)[22m 
[2m21:27:57[22m   [34mΓö£ΓöÇ[39m [2m/laptop-brands/msi/gs66/index.html[22m [2m(+2ms)[22m 
[2m21:27:57[22m   [34mΓö£ΓöÇ[39m [2m/laptop-brands/msi/gf65/index.html[22m [2m(+2ms)[22m 
[2m21:27:57[22m   [34mΓö£ΓöÇ[39m [2m/laptop-brands/msi/gp76/index.html[22m [2m(+2ms)[22m 
[2m21:27:57[22m   [34mΓö£ΓöÇ[39m [2m/laptop-brands/gigabyte/a16/index.html[22m [2m(+2ms)[22m 
[2m21:27:57[22m   [34mΓö£ΓöÇ[39m [2m/laptop-brands/gigabyte/aero/index.html[22m [2m(+28ms)[22m 
[2m21:27:57[22m   [34mΓö£ΓöÇ[39m [2m/laptop-brands/gigabyte/aorus/index.html[22m [2m(+2ms)[22m 
[2m21:27:57[22m   [34mΓö£ΓöÇ[39m [2m/laptop-brands/gigabyte/a18/index.html[22m [2m(+2ms)[22m 
[2m21:27:57[22m   [34mΓö£ΓöÇ[39m [2m/laptop-brands/gigabyte/g6x/index.html[22m [2m(+3ms)[22m 
[2m21:27:57[22m   [34mΓö£ΓöÇ[39m [2m/laptop-brands/gigabyte/g5/index.html[22m [2m(+3ms)[22m 
[2m21:27:57[22m   [34mΓö£ΓöÇ[39m [2m/laptop-brands/gigabyte/g6/index.html[22m [2m(+2ms)[22m 
[2m21:27:57[22m   [34mΓö£ΓöÇ[39m [2m/laptop-brands/gigabyte/g7/index.html[22m [2m(+2ms)[22m 
[2m21:27:57[22m   [34mΓö£ΓöÇ[39m [2m/laptop-brands/razer/blade/index.html[22m [2m(+2ms)[22m 
[2m21:27:57[22m   [34mΓö£ΓöÇ[39m [2m/laptop-brands/framework/laptop/index.html[22m [2m(+8ms)[22m 
[2m21:27:57[22m   [34mΓö£ΓöÇ[39m [2m/laptop-brands/lg/gram/index.html[22m [2m(+2ms)[22m 
[2m21:27:57[22m   [34mΓö£ΓöÇ[39m [2m/laptop-brands/xiaomi/redmi/index.html[22m [2m(+2ms)[22m 
[2m21:27:57[22m   [34mΓö£ΓöÇ[39m [2m/laptop-brands/xiaomi/redmibook/index.html[22m [2m(+3ms)[22m 
[2m21:27:57[22m   [34mΓö£ΓöÇ[39m [2m/laptop-brands/xiaomi/book/index.html[22m [2m(+11ms)[22m 
[2m21:27:57[22m   [34mΓö£ΓöÇ[39m [2m/laptop-brands/honor/magicbook/index.html[22m [2m(+3ms)[22m 
[2m21:27:57[22m   [34mΓö£ΓöÇ[39m [2m/laptop-brands/honor/magicbook/index.html[22m [2m(+2ms)[22m 
[2m21:27:57[22m   [34mΓö£ΓöÇ[39m [2m/laptop-brands/motorola/moto/index.html[22m [2m(+2ms)[22m 
[2m21:27:57[22m   [34mΓö£ΓöÇ[39m [2m/laptop-brands/asus/vivobook/index.html[22m [2m(+2ms)[22m 
[2m21:27:57[22m   [34mΓö£ΓöÇ[39m [2m/laptop-brands/infinix/zero/index.html[22m [2m(+5ms)[22m 
[2m21:27:57[22m   [34mΓö£ΓöÇ[39m [2m/laptop-brands/infinix/gt/index.html[22m [2m(+3ms)[22m 
[2m21:27:57[22m   [34mΓööΓöÇ[39m [2m/laptop-brands/huawei/matebook/index.html[22m [2m(+3ms)[22m 
[2m21:27:57[22m [32mΓû╢[39m src/pages/laptop-brands/[brand]/index.astro
[2m21:27:57[22m   [34mΓö£ΓöÇ[39m [2m/laptop-brands/lenovo/index.html[22m [2m(+9ms)[22m 
[2m21:27:57[22m   [34mΓö£ΓöÇ[39m [2m/laptop-brands/hp/index.html[22m [2m(+5ms)[22m 
[2m21:27:57[22m   [34mΓö£ΓöÇ[39m [2m/laptop-brands/apple/index.html[22m [2m(+15ms)[22m 
[2m21:27:57[22m   [34mΓö£ΓöÇ[39m [2m/laptop-brands/samsung/index.html[22m [2m(+3ms)[22m 
[2m21:27:57[22m   [34mΓö£ΓöÇ[39m [2m/laptop-brands/dell/index.html[22m [2m(+8ms)[22m 
[2m21:27:57[22m   [34mΓö£ΓöÇ[39m [2m/laptop-brands/acer/index.html[22m [2m(+5ms)[22m 
[2m21:27:57[22m   [34mΓö£ΓöÇ[39m [2m/laptop-brands/asus/index.html[22m [2m(+15ms)[22m 
[2m21:27:57[22m   [34mΓö£ΓöÇ[39m [2m/laptop-brands/microsoft/index.html[22m [2m(+5ms)[22m 
[2m21:27:57[22m   [34mΓö£ΓöÇ[39m [2m/laptop-brands/msi/index.html[22m [2m(+6ms)[22m 
[2m21:27:57[22m   [34mΓö£ΓöÇ[39m [2m/laptop-brands/gigabyte/index.html[22m [2m(+4ms)[22m 
[2m21:27:57[22m   [34mΓö£ΓöÇ[39m [2m/laptop-brands/razer/index.html[22m [2m(+15ms)[22m 
[2m21:27:57[22m   [34mΓö£ΓöÇ[39m [2m/laptop-brands/framework/index.html[22m [2m(+4ms)[22m 
[2m21:27:57[22m   [34mΓö£ΓöÇ[39m [2m/laptop-brands/lg/index.html[22m [2m(+3ms)[22m 
[2m21:27:57[22m   [34mΓö£ΓöÇ[39m [2m/laptop-brands/xiaomi/index.html[22m [2m(+5ms)[22m 
[2m21:27:57[22m   [34mΓö£ΓöÇ[39m [2m/laptop-brands/honor/index.html[22m [2m(+13ms)[22m 
[2m21:27:57[22m   [34mΓö£ΓöÇ[39m [2m/laptop-brands/motorola/index.html[22m [2m(+7ms)[22m 
[2m21:27:57[22m   [34mΓö£ΓöÇ[39m [2m/laptop-brands/asus/index.html[22m [2m(+5ms)[22m 
[2m21:27:57[22m   [34mΓö£ΓöÇ[39m [2m/laptop-brands/infinix/index.html[22m [2m(+4ms)[22m 
[2m21:27:57[22m   [34mΓööΓöÇ[39m [2m/laptop-brands/huawei/index.html[22m [2m(+6ms)[22m 
[2m21:27:57[22m [32mΓû╢[39m src/pages/laptop-brands/index.astro
[2m21:27:57[22m   [34mΓööΓöÇ[39m [2m/laptop-brands/index.html[22m [2m(+6ms)[22m 
[2m21:27:57[22m [32mΓû╢[39m src/pages/laptops-cpu-ranking.astro
[2m21:27:57[22m   [34mΓööΓöÇ[39m [2m/laptops-cpu-ranking/index.html[22m [2m(+17ms)[22m 
[2m21:27:57[22m [32mΓû╢[39m src/pages/laptops-gpu-ranking.astro
[2m21:27:57[22m   [34mΓööΓöÇ[39m [2m/laptops-gpu-ranking/index.html[22m [2m(+9ms)[22m 
[2m21:27:57[22m [32mΓû╢[39m src/pages/index.astro
[2m21:27:57[22m   [34mΓööΓöÇ[39m [2m/index.html[22m [2m(+3ms)[22m 
[2m21:27:57[22m [32mΓ£ô Completed in 51.13s.
[39m
                                                                                                                                   